[INFO] Listening on port 5004. Start training by pressing the Play button in the Unity Editor.
[INFO] Connected to Unity environment with package version 4.0.3 and communication version 1.5.0
[INFO] Connected new brain: CarDriver?team=0

            ┐  ╖
        ╓╖╬│╡  ││╬╖╖
    ╓╖╬│││││┘  ╬│││││╬╖
 ╖╬│││││╬╜        ╙╬│││││╖╖                               ╗╗╗
 ╬╬╬╬╖││╦╖        ╖╬││╗╣╣╣╬      ╟╣╣╬    ╟╣╣╣             ╜╜╜  ╟╣╣
 ╬╬╬╬╬╬╬╬╖│╬╖╖╓╬╪│╓╣╣╣╣╣╣╣╬      ╟╣╣╬    ╟╣╣╣ ╒╣╣╖╗╣╣╣╗   ╣╣╣ ╣╣╣╣╣╣ ╟╣╣╖   ╣╣╣
 ╬╬╬╬┐  ╙╬╬╬╬│╓╣╣╣╝╜  ╫╣╣╣╬      ╟╣╣╬    ╟╣╣╣ ╟╣╣╣╙ ╙╣╣╣  ╣╣╣ ╙╟╣╣╜╙  ╫╣╣  ╟╣╣
 ╬╬╬╬┐     ╙╬╬╣╣      ╫╣╣╣╬      ╟╣╣╬    ╟╣╣╣ ╟╣╣╬   ╣╣╣  ╣╣╣  ╟╣╣     ╣╣╣┌╣╣╜
 ╬╬╬╜       ╬╬╣╣      ╙╝╣╣╬      ╙╣╣╣╗╖╓╗╣╣╣╜ ╟╣╣╬   ╣╣╣  ╣╣╣  ╟╣╣╦╓    ╣╣╣╣╣
 ╙   ╓╦╖    ╬╬╣╣   ╓╗╗╖            ╙╝╣╣╣╣╝╜   ╘╝╝╜   ╝╝╝  ╝╝╝   ╙╣╣╣    ╟╣╣╣
   ╩╬╬╬╬╬╬╦╦╬╬╣╣╗╣╣╣╣╣╣╣╝                                             ╫╣╣╣╣
      ╙╬╬╬╬╬╬╬╣╣╣╣╣╣╝╜
          ╙╬╬╬╣╣╣╜
             ╙
        
 Version information:
  ml-agents: 1.1.0,
  ml-agents-envs: 1.1.0,
  Communicator API: 1.5.0,
  PyTorch: 2.6.0+cu124
[WARNING] Deleting TensorBoard data events.out.tfevents.1788195944.DESKTOP-ER14UQ7.19152.0 that was left over from a previous run.
[INFO] Hyperparameters for behavior name CarDriver: 
	trainer_type:	ppo
	hyperparameters:	
	  batch_size:	2048
	  buffer_size:	20480
	  learning_rate:	0.0003
	  beta:	0.005
	  epsilon:	0.2
	  lambd:	0.95
	  num_epoch:	3
	  shared_critic:	False
	  learning_rate_schedule:	linear
	  beta_schedule:	linear
	  epsilon_schedule:	linear
	checkpoint_interval:	100000
	network_settings:	
	  normalize:	True
	  hidden_units:	256
	  num_layers:	2
	  vis_encode_type:	simple
	  memory:	None
	  goal_conditioning_type:	hyper
	  deterministic:	False
	reward_signals:	
	  extrinsic:	
	    gamma:	0.99
	    strength:	1.0
	    network_settings:	
	      normalize:	False
	      hidden_units:	128
	      num_layers:	2
	      vis_encode_type:	simple
	      memory:	None
	      goal_conditioning_type:	hyper
	      deterministic:	False
	init_path:	None
	keep_checkpoints:	5
	even_checkpoints:	False
	max_steps:	5000000
	time_horizon:	128
	summary_freq:	10000
	threaded:	False
	self_play:	None
	behavioral_cloning:	
	  demo_path:	unity/SelfDrivingSim/Assets/Demonstrations/heuristictrain34.demo
	  steps:	500000
	  strength:	0.5
	  samples_per_update:	2048
	  num_epoch:	None
	  batch_size:	None
[INFO] CarDriver. Step: 10000. Time Elapsed: 46.997 s. Mean Reward: -5.573. Std of Reward: 2.026. Training.
[INFO] CarDriver. Step: 20000. Time Elapsed: 54.950 s. Mean Reward: -4.516. Std of Reward: 1.685. Training.
[INFO] CarDriver. Step: 30000. Time Elapsed: 66.374 s. Mean Reward: -4.172. Std of Reward: 2.174. Training.
[INFO] CarDriver. Step: 40000. Time Elapsed: 74.445 s. Mean Reward: -5.425. Std of Reward: 2.207. Training.
[INFO] CarDriver. Step: 50000. Time Elapsed: 85.672 s. Mean Reward: -5.653. Std of Reward: 3.286. Training.
[INFO] CarDriver. Step: 60000. Time Elapsed: 93.321 s. Mean Reward: -4.809. Std of Reward: 2.381. Training.
[INFO] CarDriver. Step: 70000. Time Elapsed: 104.161 s. Mean Reward: -5.335. Std of Reward: 1.988. Training.
[INFO] CarDriver. Step: 80000. Time Elapsed: 112.243 s. Mean Reward: -4.764. Std of Reward: 2.301. Training.
[INFO] CarDriver. Step: 90000. Time Elapsed: 122.957 s. Mean Reward: -4.402. Std of Reward: 2.448. Training.
[INFO] CarDriver. Step: 100000. Time Elapsed: 130.825 s. Mean Reward: -5.078. Std of Reward: 2.666. Training.
[INFO] Exported results\ppo_car_009_bc_s7\CarDriver\CarDriver-99948.onnx
[INFO] CarDriver. Step: 110000. Time Elapsed: 141.400 s. Mean Reward: -4.685. Std of Reward: 2.250. Training.
[INFO] CarDriver. Step: 120000. Time Elapsed: 148.860 s. Mean Reward: -4.634. Std of Reward: 2.133. Training.
[INFO] CarDriver. Step: 130000. Time Elapsed: 159.348 s. Mean Reward: -4.505. Std of Reward: 2.455. Training.
[INFO] CarDriver. Step: 140000. Time Elapsed: 167.184 s. Mean Reward: -3.926. Std of Reward: 2.112. Training.
[INFO] CarDriver. Step: 150000. Time Elapsed: 177.994 s. Mean Reward: -4.871. Std of Reward: 1.877. Training.
[INFO] CarDriver. Step: 160000. Time Elapsed: 186.149 s. Mean Reward: -4.168. Std of Reward: 2.361. Training.
[INFO] CarDriver. Step: 170000. Time Elapsed: 196.109 s. Mean Reward: -4.593. Std of Reward: 2.558. Training.
[INFO] CarDriver. Step: 180000. Time Elapsed: 204.280 s. Mean Reward: -4.141. Std of Reward: 2.562. Training.
[INFO] CarDriver. Step: 190000. Time Elapsed: 214.713 s. Mean Reward: -4.447. Std of Reward: 2.338. Training.
[INFO] CarDriver. Step: 200000. Time Elapsed: 222.698 s. Mean Reward: -4.852. Std of Reward: 1.043. Training.
[INFO] Exported results\ppo_car_009_bc_s7\CarDriver\CarDriver-199907.onnx
[INFO] CarDriver. Step: 210000. Time Elapsed: 233.892 s. Mean Reward: -3.066. Std of Reward: 2.392. Training.
[INFO] CarDriver. Step: 220000. Time Elapsed: 241.872 s. Mean Reward: -4.690. Std of Reward: 2.460. Training.
[INFO] CarDriver. Step: 230000. Time Elapsed: 254.710 s. Mean Reward: -4.905. Std of Reward: 1.828. Training.
[INFO] CarDriver. Step: 240000. Time Elapsed: 264.639 s. Mean Reward: -4.294. Std of Reward: 2.458. Training.
[INFO] CarDriver. Step: 250000. Time Elapsed: 278.919 s. Mean Reward: -3.858. Std of Reward: 2.088. Training.
[INFO] CarDriver. Step: 260000. Time Elapsed: 289.819 s. Mean Reward: -4.126. Std of Reward: 2.263. Training.
[INFO] CarDriver. Step: 270000. Time Elapsed: 304.912 s. Mean Reward: -4.749. Std of Reward: 1.977. Training.
[INFO] CarDriver. Step: 280000. Time Elapsed: 315.260 s. Mean Reward: -4.370. Std of Reward: 2.508. Training.
[INFO] CarDriver. Step: 290000. Time Elapsed: 330.320 s. Mean Reward: -4.144. Std of Reward: 1.669. Training.
[INFO] CarDriver. Step: 300000. Time Elapsed: 340.540 s. Mean Reward: -5.397. Std of Reward: 1.890. Training.
[INFO] Exported results\ppo_car_009_bc_s7\CarDriver\CarDriver-299888.onnx
[INFO] CarDriver. Step: 310000. Time Elapsed: 355.341 s. Mean Reward: -5.531. Std of Reward: 2.166. Training.
[INFO] CarDriver. Step: 320000. Time Elapsed: 365.556 s. Mean Reward: -3.812. Std of Reward: 2.367. Training.
[INFO] CarDriver. Step: 330000. Time Elapsed: 381.133 s. Mean Reward: -4.244. Std of Reward: 2.121. Training.
[INFO] CarDriver. Step: 340000. Time Elapsed: 391.799 s. Mean Reward: -4.325. Std of Reward: 2.056. Training.
[INFO] CarDriver. Step: 350000. Time Elapsed: 407.552 s. Mean Reward: -5.011. Std of Reward: 2.542. Training.
[INFO] CarDriver. Step: 360000. Time Elapsed: 417.914 s. Mean Reward: -4.866. Std of Reward: 1.510. Training.
[INFO] CarDriver. Step: 370000. Time Elapsed: 434.055 s. Mean Reward: -4.220. Std of Reward: 2.712. Training.
[INFO] CarDriver. Step: 380000. Time Elapsed: 444.282 s. Mean Reward: -4.735. Std of Reward: 0.836. Training.
[INFO] CarDriver. Step: 390000. Time Elapsed: 455.376 s. Mean Reward: -3.736. Std of Reward: 2.603. Training.
[INFO] CarDriver. Step: 400000. Time Elapsed: 470.801 s. Mean Reward: -3.671. Std of Reward: 2.757. Training.
[INFO] Exported results\ppo_car_009_bc_s7\CarDriver\CarDriver-399948.onnx
[INFO] CarDriver. Step: 410000. Time Elapsed: 482.003 s. Mean Reward: -3.915. Std of Reward: 2.358. Training.
[INFO] CarDriver. Step: 420000. Time Elapsed: 496.966 s. Mean Reward: -5.150. Std of Reward: 1.559. Training.
[INFO] CarDriver. Step: 430000. Time Elapsed: 507.474 s. Mean Reward: -4.546. Std of Reward: 2.317. Training.
[INFO] CarDriver. Step: 440000. Time Elapsed: 522.095 s. Mean Reward: -4.861. Std of Reward: 2.982. Training.
[INFO] CarDriver. Step: 450000. Time Elapsed: 533.176 s. Mean Reward: -4.535. Std of Reward: 2.679. Training.
[INFO] CarDriver. Step: 460000. Time Elapsed: 548.090 s. Mean Reward: -3.982. Std of Reward: 1.957. Training.
[INFO] CarDriver. Step: 470000. Time Elapsed: 558.790 s. Mean Reward: -4.342. Std of Reward: 2.048. Training.
[INFO] CarDriver. Step: 480000. Time Elapsed: 573.781 s. Mean Reward: -4.055. Std of Reward: 2.027. Training.
[INFO] CarDriver. Step: 490000. Time Elapsed: 584.364 s. Mean Reward: -5.076. Std of Reward: 0.727. Training.
[INFO] CarDriver. Step: 500000. Time Elapsed: 599.810 s. Mean Reward: -4.437. Std of Reward: 2.528. Training.
[INFO] Exported results\ppo_car_009_bc_s7\CarDriver\CarDriver-499913.onnx
[INFO] CarDriver. Step: 510000. Time Elapsed: 610.374 s. Mean Reward: -5.065. Std of Reward: 2.205. Training.
[INFO] CarDriver. Step: 520000. Time Elapsed: 625.003 s. Mean Reward: -4.861. Std of Reward: 0.285. Training.
[INFO] CarDriver. Step: 530000. Time Elapsed: 635.982 s. Mean Reward: -4.313. Std of Reward: 2.291. Training.
[INFO] CarDriver. Step: 540000. Time Elapsed: 650.225 s. Mean Reward: -3.514. Std of Reward: 2.204. Training.
[INFO] CarDriver. Step: 550000. Time Elapsed: 660.635 s. Mean Reward: -4.825. Std of Reward: 1.503. Training.
[INFO] CarDriver. Step: 560000. Time Elapsed: 675.266 s. Mean Reward: -4.157. Std of Reward: 2.326. Training.
[INFO] CarDriver. Step: 570000. Time Elapsed: 685.514 s. Mean Reward: -4.649. Std of Reward: 2.252. Training.
[INFO] CarDriver. Step: 580000. Time Elapsed: 700.060 s. Mean Reward: -3.893. Std of Reward: 1.953. Training.
[INFO] CarDriver. Step: 590000. Time Elapsed: 710.134 s. Mean Reward: -4.283. Std of Reward: 0.679. Training.
[INFO] CarDriver. Step: 600000. Time Elapsed: 724.391 s. Mean Reward: -3.943. Std of Reward: 2.387. Training.
[INFO] Exported results\ppo_car_009_bc_s7\CarDriver\CarDriver-599928.onnx
[INFO] CarDriver. Step: 610000. Time Elapsed: 734.960 s. Mean Reward: -4.845. Std of Reward: 2.816. Training.
[INFO] CarDriver. Step: 620000. Time Elapsed: 749.464 s. Mean Reward: -3.971. Std of Reward: 2.278. Training.
[INFO] CarDriver. Step: 630000. Time Elapsed: 760.345 s. Mean Reward: -4.071. Std of Reward: 2.012. Training.
[INFO] CarDriver. Step: 640000. Time Elapsed: 773.908 s. Mean Reward: -4.239. Std of Reward: 1.824. Training.
[INFO] CarDriver. Step: 650000. Time Elapsed: 784.560 s. Mean Reward: -3.540. Std of Reward: 1.973. Training.
[INFO] CarDriver. Step: 660000. Time Elapsed: 799.189 s. Mean Reward: -4.246. Std of Reward: 2.482. Training.
[INFO] CarDriver. Step: 670000. Time Elapsed: 809.406 s. Mean Reward: -4.134. Std of Reward: 1.511. Training.
[INFO] CarDriver. Step: 680000. Time Elapsed: 824.289 s. Mean Reward: -3.110. Std of Reward: 1.936. Training.
[INFO] CarDriver. Step: 690000. Time Elapsed: 834.667 s. Mean Reward: -4.711. Std of Reward: 2.287. Training.
[INFO] CarDriver. Step: 700000. Time Elapsed: 848.592 s. Mean Reward: -4.638. Std of Reward: 1.527. Training.
[INFO] Exported results\ppo_car_009_bc_s7\CarDriver\CarDriver-699956.onnx
[INFO] CarDriver. Step: 710000. Time Elapsed: 859.468 s. Mean Reward: -4.079. Std of Reward: 2.834. Training.
[INFO] CarDriver. Step: 720000. Time Elapsed: 873.955 s. Mean Reward: -4.333. Std of Reward: 1.900. Training.
[INFO] CarDriver. Step: 730000. Time Elapsed: 884.423 s. Mean Reward: -3.438. Std of Reward: 2.366. Training.
[INFO] CarDriver. Step: 740000. Time Elapsed: 898.496 s. Mean Reward: -5.089. Std of Reward: 1.722. Training.
[INFO] CarDriver. Step: 750000. Time Elapsed: 908.817 s. Mean Reward: -4.798. Std of Reward: 2.491. Training.
[INFO] CarDriver. Step: 760000. Time Elapsed: 919.747 s. Mean Reward: -4.459. Std of Reward: 2.047. Training.
[INFO] CarDriver. Step: 770000. Time Elapsed: 933.944 s. Mean Reward: -3.544. Std of Reward: 2.747. Training.
[INFO] CarDriver. Step: 780000. Time Elapsed: 944.819 s. Mean Reward: -3.639. Std of Reward: 2.780. Training.
[INFO] CarDriver. Step: 790000. Time Elapsed: 958.367 s. Mean Reward: -3.820. Std of Reward: 1.620. Training.
[INFO] CarDriver. Step: 800000. Time Elapsed: 969.219 s. Mean Reward: -4.713. Std of Reward: 4.118. Training.
[INFO] Exported results\ppo_car_009_bc_s7\CarDriver\CarDriver-799970.onnx
[INFO] CarDriver. Step: 810000. Time Elapsed: 982.976 s. Mean Reward: -4.271. Std of Reward: 1.257. Training.
[INFO] CarDriver. Step: 820000. Time Elapsed: 994.033 s. Mean Reward: -2.592. Std of Reward: 4.447. Training.
[INFO] CarDriver. Step: 830000. Time Elapsed: 1008.427 s. Mean Reward: -4.382. Std of Reward: 2.426. Training.
[INFO] CarDriver. Step: 840000. Time Elapsed: 1019.054 s. Mean Reward: -4.105. Std of Reward: 2.471. Training.
[INFO] CarDriver. Step: 850000. Time Elapsed: 1033.570 s. Mean Reward: -4.757. Std of Reward: 2.042. Training.
[INFO] CarDriver. Step: 860000. Time Elapsed: 1044.284 s. Mean Reward: -3.015. Std of Reward: 2.872. Training.
[INFO] CarDriver. Step: 870000. Time Elapsed: 1058.769 s. Mean Reward: -3.282. Std of Reward: 3.087. Training.
[INFO] CarDriver. Step: 880000. Time Elapsed: 1069.661 s. Mean Reward: -4.190. Std of Reward: 1.586. Training.
[INFO] CarDriver. Step: 890000. Time Elapsed: 1083.502 s. Mean Reward: -3.771. Std of Reward: 1.764. Training.
[INFO] CarDriver. Step: 900000. Time Elapsed: 1094.239 s. Mean Reward: -4.035. Std of Reward: 2.386. Training.
[INFO] Exported results\ppo_car_009_bc_s7\CarDriver\CarDriver-899953.onnx
[INFO] CarDriver. Step: 910000. Time Elapsed: 1108.946 s. Mean Reward: -3.170. Std of Reward: 2.201. Training.
[INFO] CarDriver. Step: 920000. Time Elapsed: 1118.958 s. Mean Reward: -5.170. Std of Reward: 2.579. Training.
[INFO] CarDriver. Step: 930000. Time Elapsed: 1133.423 s. Mean Reward: -3.734. Std of Reward: 2.330. Training.
[INFO] CarDriver. Step: 940000. Time Elapsed: 1144.732 s. Mean Reward: -4.593. Std of Reward: 2.335. Training.
[INFO] CarDriver. Step: 950000. Time Elapsed: 1159.277 s. Mean Reward: -3.418. Std of Reward: 3.220. Training.
[INFO] CarDriver. Step: 960000. Time Elapsed: 1169.566 s. Mean Reward: -4.354. Std of Reward: 2.746. Training.
[INFO] CarDriver. Step: 970000. Time Elapsed: 1184.035 s. Mean Reward: -3.927. Std of Reward: 1.909. Training.
[INFO] CarDriver. Step: 980000. Time Elapsed: 1194.385 s. Mean Reward: -4.374. Std of Reward: 1.974. Training.
[INFO] CarDriver. Step: 990000. Time Elapsed: 1208.551 s. Mean Reward: -4.161. Std of Reward: 3.412. Training.
[INFO] CarDriver. Step: 1000000. Time Elapsed: 1219.393 s. Mean Reward: -3.867. Std of Reward: 2.716. Training.
[INFO] Exported results\ppo_car_009_bc_s7\CarDriver\CarDriver-999977.onnx
[INFO] CarDriver. Step: 1010000. Time Elapsed: 1233.656 s. Mean Reward: -4.051. Std of Reward: 1.858. Training.
[INFO] CarDriver. Step: 1020000. Time Elapsed: 1244.047 s. Mean Reward: -2.889. Std of Reward: 6.045. Training.
[INFO] CarDriver. Step: 1030000. Time Elapsed: 1258.409 s. Mean Reward: -3.706. Std of Reward: 2.886. Training.
[INFO] CarDriver. Step: 1040000. Time Elapsed: 1269.113 s. Mean Reward: -3.264. Std of Reward: 2.274. Training.
[INFO] CarDriver. Step: 1050000. Time Elapsed: 1283.284 s. Mean Reward: -3.640. Std of Reward: 2.536. Training.
[INFO] CarDriver. Step: 1060000. Time Elapsed: 1293.974 s. Mean Reward: -3.617. Std of Reward: 4.731. Training.
[INFO] CarDriver. Step: 1070000. Time Elapsed: 1308.085 s. Mean Reward: -3.860. Std of Reward: 2.259. Training.
[INFO] CarDriver. Step: 1080000. Time Elapsed: 1318.233 s. Mean Reward: -4.216. Std of Reward: 3.140. Training.
[INFO] CarDriver. Step: 1090000. Time Elapsed: 1333.376 s. Mean Reward: -3.920. Std of Reward: 2.816. Training.
[INFO] CarDriver. Step: 1100000. Time Elapsed: 1343.242 s. Mean Reward: -3.613. Std of Reward: 1.427. Training.
[INFO] Exported results\ppo_car_009_bc_s7\CarDriver\CarDriver-1099979.onnx
[INFO] CarDriver. Step: 1110000. Time Elapsed: 1358.019 s. Mean Reward: -3.806. Std of Reward: 3.642. Training.
[INFO] CarDriver. Step: 1120000. Time Elapsed: 1368.397 s. Mean Reward: -3.511. Std of Reward: 2.889. Training.
[INFO] CarDriver. Step: 1130000. Time Elapsed: 1379.142 s. Mean Reward: -3.896. Std of Reward: 2.634. Training.
[INFO] CarDriver. Step: 1140000. Time Elapsed: 1393.408 s. Mean Reward: -3.852. Std of Reward: 1.981. Training.
[INFO] CarDriver. Step: 1150000. Time Elapsed: 1404.296 s. Mean Reward: -2.317. Std of Reward: 4.285. Training.
[INFO] CarDriver. Step: 1160000. Time Elapsed: 1418.274 s. Mean Reward: -3.051. Std of Reward: 4.814. Training.
[INFO] CarDriver. Step: 1170000. Time Elapsed: 1428.906 s. Mean Reward: -4.012. Std of Reward: 2.744. Training.
[INFO] CarDriver. Step: 1180000. Time Elapsed: 1443.164 s. Mean Reward: -3.886. Std of Reward: 3.288. Training.
[INFO] CarDriver. Step: 1190000. Time Elapsed: 1453.663 s. Mean Reward: -1.656. Std of Reward: 5.717. Training.
[INFO] CarDriver. Step: 1200000. Time Elapsed: 1467.559 s. Mean Reward: -3.351. Std of Reward: 3.670. Training.
[INFO] Exported results\ppo_car_009_bc_s7\CarDriver\CarDriver-1199982.onnx
[INFO] CarDriver. Step: 1210000. Time Elapsed: 1478.780 s. Mean Reward: -2.931. Std of Reward: 3.488. Training.
[INFO] CarDriver. Step: 1220000. Time Elapsed: 1492.692 s. Mean Reward: -1.987. Std of Reward: 4.656. Training.
[INFO] CarDriver. Step: 1230000. Time Elapsed: 1503.869 s. Mean Reward: -2.477. Std of Reward: 4.215. Training.
[INFO] CarDriver. Step: 1240000. Time Elapsed: 1517.783 s. Mean Reward: -2.260. Std of Reward: 3.970. Training.
[INFO] CarDriver. Step: 1250000. Time Elapsed: 1528.669 s. Mean Reward: -3.386. Std of Reward: 3.505. Training.
[INFO] CarDriver. Step: 1260000. Time Elapsed: 1542.445 s. Mean Reward: -0.525. Std of Reward: 9.839. Training.
[INFO] CarDriver. Step: 1270000. Time Elapsed: 1552.694 s. Mean Reward: -3.774. Std of Reward: 5.867. Training.
[INFO] CarDriver. Step: 1280000. Time Elapsed: 1567.113 s. Mean Reward: -3.026. Std of Reward: 4.816. Training.
[INFO] CarDriver. Step: 1290000. Time Elapsed: 1577.330 s. Mean Reward: -3.473. Std of Reward: 2.699. Training.
[INFO] CarDriver. Step: 1300000. Time Elapsed: 1591.744 s. Mean Reward: -2.258. Std of Reward: 8.250. Training.
[INFO] Exported results\ppo_car_009_bc_s7\CarDriver\CarDriver-1299994.onnx
[INFO] CarDriver. Step: 1310000. Time Elapsed: 1602.825 s. Mean Reward: -1.366. Std of Reward: 6.975. Training.
[INFO] CarDriver. Step: 1320000. Time Elapsed: 1618.754 s. Mean Reward: -3.780. Std of Reward: 2.194. Training.
[INFO] CarDriver. Step: 1330000. Time Elapsed: 1630.715 s. Mean Reward: -1.990. Std of Reward: 8.145. Training.
[INFO] CarDriver. Step: 1340000. Time Elapsed: 1647.174 s. Mean Reward: -3.367. Std of Reward: 3.754. Training.
[INFO] CarDriver. Step: 1350000. Time Elapsed: 1659.581 s. Mean Reward: -3.390. Std of Reward: 3.106. Training.
[INFO] CarDriver. Step: 1360000. Time Elapsed: 1674.730 s. Mean Reward: 0.155. Std of Reward: 15.222. Training.
[INFO] CarDriver. Step: 1370000. Time Elapsed: 1685.918 s. Mean Reward: -1.746. Std of Reward: 6.538. Training.
[INFO] CarDriver. Step: 1380000. Time Elapsed: 1700.482 s. Mean Reward: -0.995. Std of Reward: 9.674. Training.
[INFO] CarDriver. Step: 1390000. Time Elapsed: 1711.767 s. Mean Reward: -2.735. Std of Reward: 5.132. Training.
[INFO] CarDriver. Step: 1400000. Time Elapsed: 1727.619 s. Mean Reward: -2.592. Std of Reward: 4.100. Training.
[INFO] Exported results\ppo_car_009_bc_s7\CarDriver\CarDriver-1399910.onnx
[INFO] CarDriver. Step: 1410000. Time Elapsed: 1739.774 s. Mean Reward: -1.569. Std of Reward: 5.347. Training.
[INFO] CarDriver. Step: 1420000. Time Elapsed: 1753.430 s. Mean Reward: -2.924. Std of Reward: 5.196. Training.
[INFO] CarDriver. Step: 1430000. Time Elapsed: 1764.496 s. Mean Reward: -2.170. Std of Reward: 8.970. Training.
[INFO] CarDriver. Step: 1440000. Time Elapsed: 1781.035 s. Mean Reward: -0.343. Std of Reward: 14.697. Training.
[INFO] CarDriver. Step: 1450000. Time Elapsed: 1792.908 s. Mean Reward: -3.720. Std of Reward: 4.058. Training.
[INFO] CarDriver. Step: 1460000. Time Elapsed: 1808.942 s. Mean Reward: -3.012. Std of Reward: 4.455. Training.
[INFO] CarDriver. Step: 1470000. Time Elapsed: 1821.079 s. Mean Reward: -2.979. Std of Reward: 5.506. Training.
[INFO] CarDriver. Step: 1480000. Time Elapsed: 1836.919 s. Mean Reward: -2.574. Std of Reward: 5.565. Training.
[INFO] CarDriver. Step: 1490000. Time Elapsed: 1848.673 s. Mean Reward: -2.296. Std of Reward: 4.346. Training.
[INFO] CarDriver. Step: 1500000. Time Elapsed: 1860.776 s. Mean Reward: -3.871. Std of Reward: 3.592. Training.
[INFO] Exported results\ppo_car_009_bc_s7\CarDriver\CarDriver-1499980.onnx
[INFO] CarDriver. Step: 1510000. Time Elapsed: 1876.281 s. Mean Reward: 1.158. Std of Reward: 19.931. Training.
[INFO] CarDriver. Step: 1520000. Time Elapsed: 1888.748 s. Mean Reward: -4.045. Std of Reward: 2.641. Training.
[INFO] CarDriver. Step: 1530000. Time Elapsed: 1904.434 s. Mean Reward: -2.962. Std of Reward: 4.272. Training.
[INFO] CarDriver. Step: 1540000. Time Elapsed: 1916.489 s. Mean Reward: -1.316. Std of Reward: 12.790. Training.
[INFO] CarDriver. Step: 1550000. Time Elapsed: 1932.735 s. Mean Reward: -0.733. Std of Reward: 11.387. Training.
[INFO] CarDriver. Step: 1560000. Time Elapsed: 1944.840 s. Mean Reward: -0.151. Std of Reward: 13.425. Training.
[INFO] CarDriver. Step: 1570000. Time Elapsed: 1961.038 s. Mean Reward: -1.941. Std of Reward: 6.832. Training.
[INFO] CarDriver. Step: 1580000. Time Elapsed: 1973.220 s. Mean Reward: -0.808. Std of Reward: 12.278. Training.
[INFO] CarDriver. Step: 1590000. Time Elapsed: 1989.325 s. Mean Reward: -2.809. Std of Reward: 4.685. Training.
[INFO] CarDriver. Step: 1600000. Time Elapsed: 2001.523 s. Mean Reward: -1.590. Std of Reward: 7.210. Training.
[INFO] Exported results\ppo_car_009_bc_s7\CarDriver\CarDriver-1599949.onnx
[INFO] CarDriver. Step: 1610000. Time Elapsed: 2017.401 s. Mean Reward: -1.390. Std of Reward: 10.900. Training.
[INFO] CarDriver. Step: 1620000. Time Elapsed: 2029.732 s. Mean Reward: -2.663. Std of Reward: 6.749. Training.
[INFO] CarDriver. Step: 1630000. Time Elapsed: 2045.477 s. Mean Reward: -4.179. Std of Reward: 1.890. Training.
[INFO] CarDriver. Step: 1640000. Time Elapsed: 2057.521 s. Mean Reward: 3.390. Std of Reward: 21.039. Training.
[INFO] CarDriver. Step: 1650000. Time Elapsed: 2074.278 s. Mean Reward: -3.079. Std of Reward: 2.652. Training.
[INFO] CarDriver. Step: 1660000. Time Elapsed: 2086.829 s. Mean Reward: -3.691. Std of Reward: 4.445. Training.
[INFO] CarDriver. Step: 1670000. Time Elapsed: 2102.003 s. Mean Reward: -0.420. Std of Reward: 13.907. Training.
[INFO] CarDriver. Step: 1680000. Time Elapsed: 2115.590 s. Mean Reward: -3.100. Std of Reward: 3.551. Training.
[INFO] CarDriver. Step: 1690000. Time Elapsed: 2130.974 s. Mean Reward: -1.383. Std of Reward: 6.065. Training.
[INFO] CarDriver. Step: 1700000. Time Elapsed: 2143.158 s. Mean Reward: -3.065. Std of Reward: 3.139. Training.
[INFO] Exported results\ppo_car_009_bc_s7\CarDriver\CarDriver-1699933.onnx
[INFO] CarDriver. Step: 1710000. Time Elapsed: 2159.051 s. Mean Reward: -1.309. Std of Reward: 9.920. Training.
[INFO] CarDriver. Step: 1720000. Time Elapsed: 2171.668 s. Mean Reward: -2.732. Std of Reward: 7.791. Training.
[INFO] CarDriver. Step: 1730000. Time Elapsed: 2187.318 s. Mean Reward: -2.425. Std of Reward: 3.553. Training.
[INFO] CarDriver. Step: 1740000. Time Elapsed: 2200.041 s. Mean Reward: -3.067. Std of Reward: 5.610. Training.
[INFO] CarDriver. Step: 1750000. Time Elapsed: 2216.281 s. Mean Reward: -1.315. Std of Reward: 5.756. Training.
[INFO] CarDriver. Step: 1760000. Time Elapsed: 2228.353 s. Mean Reward: -0.691. Std of Reward: 8.536. Training.
[INFO] CarDriver. Step: 1770000. Time Elapsed: 2245.198 s. Mean Reward: -2.452. Std of Reward: 4.557. Training.
[INFO] CarDriver. Step: 1780000. Time Elapsed: 2257.808 s. Mean Reward: -0.445. Std of Reward: 12.827. Training.
[INFO] CarDriver. Step: 1790000. Time Elapsed: 2274.418 s. Mean Reward: 0.429. Std of Reward: 10.215. Training.
[INFO] CarDriver. Step: 1800000. Time Elapsed: 2286.956 s. Mean Reward: -1.162. Std of Reward: 9.084. Training.
[INFO] Exported results\ppo_car_009_bc_s7\CarDriver\CarDriver-1799947.onnx
[INFO] CarDriver. Step: 1810000. Time Elapsed: 2304.540 s. Mean Reward: -1.711. Std of Reward: 7.674. Training.
[INFO] CarDriver. Step: 1820000. Time Elapsed: 2317.814 s. Mean Reward: -2.403. Std of Reward: 6.831. Training.
[INFO] CarDriver. Step: 1830000. Time Elapsed: 2334.007 s. Mean Reward: -1.443. Std of Reward: 6.968. Training.
[INFO] CarDriver. Step: 1840000. Time Elapsed: 2347.208 s. Mean Reward: -1.676. Std of Reward: 6.712. Training.
[INFO] CarDriver. Step: 1850000. Time Elapsed: 2363.568 s. Mean Reward: -1.442. Std of Reward: 6.563. Training.
[INFO] CarDriver. Step: 1860000. Time Elapsed: 2376.943 s. Mean Reward: -2.641. Std of Reward: 4.434. Training.
[INFO] CarDriver. Step: 1870000. Time Elapsed: 2390.038 s. Mean Reward: -2.195. Std of Reward: 6.788. Training.
[INFO] CarDriver. Step: 1880000. Time Elapsed: 2406.251 s. Mean Reward: -0.545. Std of Reward: 13.029. Training.
[INFO] CarDriver. Step: 1890000. Time Elapsed: 2419.172 s. Mean Reward: -2.719. Std of Reward: 6.440. Training.
[INFO] CarDriver. Step: 1900000. Time Elapsed: 2435.828 s. Mean Reward: -1.724. Std of Reward: 8.622. Training.
[INFO] Exported results\ppo_car_009_bc_s7\CarDriver\CarDriver-1899915.onnx
[INFO] CarDriver. Step: 1910000. Time Elapsed: 2448.507 s. Mean Reward: 2.707. Std of Reward: 16.939. Training.
[INFO] CarDriver. Step: 1920000. Time Elapsed: 2465.540 s. Mean Reward: -0.982. Std of Reward: 8.342. Training.
[INFO] CarDriver. Step: 1930000. Time Elapsed: 2478.493 s. Mean Reward: 0.407. Std of Reward: 11.340. Training.
[INFO] CarDriver. Step: 1940000. Time Elapsed: 2495.072 s. Mean Reward: -3.341. Std of Reward: 3.648. Training.
[INFO] CarDriver. Step: 1950000. Time Elapsed: 2505.467 s. Mean Reward: 3.347. Std of Reward: 24.117. Training.
[INFO] CarDriver. Step: 1960000. Time Elapsed: 2519.322 s. Mean Reward: -3.572. Std of Reward: 2.296. Training.
[INFO] CarDriver. Step: 1970000. Time Elapsed: 2529.247 s. Mean Reward: 2.034. Std of Reward: 25.169. Training.
[INFO] CarDriver. Step: 1980000. Time Elapsed: 2543.434 s. Mean Reward: 0.216. Std of Reward: 19.826. Training.
[INFO] CarDriver. Step: 1990000. Time Elapsed: 2553.641 s. Mean Reward: 1.421. Std of Reward: 11.038. Training.
[INFO] CarDriver. Step: 2000000. Time Elapsed: 2567.516 s. Mean Reward: -0.571. Std of Reward: 12.181. Training.
[INFO] Exported results\ppo_car_009_bc_s7\CarDriver\CarDriver-1999948.onnx
[INFO] CarDriver. Step: 2010000. Time Elapsed: 2580.423 s. Mean Reward: -1.534. Std of Reward: 6.489. Training.
[INFO] CarDriver. Step: 2020000. Time Elapsed: 2593.892 s. Mean Reward: -2.970. Std of Reward: 4.199. Training.
[INFO] CarDriver. Step: 2030000. Time Elapsed: 2604.239 s. Mean Reward: 0.559. Std of Reward: 10.883. Training.
[INFO] CarDriver. Step: 2040000. Time Elapsed: 2618.332 s. Mean Reward: -2.195. Std of Reward: 10.076. Training.
[INFO] CarDriver. Step: 2050000. Time Elapsed: 2629.238 s. Mean Reward: -2.711. Std of Reward: 6.697. Training.
[INFO] CarDriver. Step: 2060000. Time Elapsed: 2642.900 s. Mean Reward: 0.396. Std of Reward: 13.371. Training.
[INFO] CarDriver. Step: 2070000. Time Elapsed: 2653.179 s. Mean Reward: -0.777. Std of Reward: 10.391. Training.
[INFO] CarDriver. Step: 2080000. Time Elapsed: 2666.797 s. Mean Reward: -0.246. Std of Reward: 10.453. Training.
[INFO] CarDriver. Step: 2090000. Time Elapsed: 2677.148 s. Mean Reward: -1.676. Std of Reward: 10.576. Training.
[INFO] CarDriver. Step: 2100000. Time Elapsed: 2690.834 s. Mean Reward: 0.016. Std of Reward: 14.085. Training.
[INFO] Exported results\ppo_car_009_bc_s7\CarDriver\CarDriver-2099997.onnx
[INFO] CarDriver. Step: 2110000. Time Elapsed: 2701.547 s. Mean Reward: -1.071. Std of Reward: 7.265. Training.
[INFO] CarDriver. Step: 2120000. Time Elapsed: 2714.687 s. Mean Reward: -0.320. Std of Reward: 10.299. Training.
[INFO] CarDriver. Step: 2130000. Time Elapsed: 2725.736 s. Mean Reward: 1.812. Std of Reward: 15.098. Training.
[INFO] CarDriver. Step: 2140000. Time Elapsed: 2739.675 s. Mean Reward: -0.239. Std of Reward: 7.102. Training.
[INFO] CarDriver. Step: 2150000. Time Elapsed: 2749.941 s. Mean Reward: -2.018. Std of Reward: 4.558. Training.
[INFO] CarDriver. Step: 2160000. Time Elapsed: 2763.357 s. Mean Reward: 0.443. Std of Reward: 19.955. Training.
[INFO] CarDriver. Step: 2170000. Time Elapsed: 2773.634 s. Mean Reward: 1.075. Std of Reward: 17.425. Training.
[INFO] CarDriver. Step: 2180000. Time Elapsed: 2787.564 s. Mean Reward: 1.348. Std of Reward: 14.013. Training.
[INFO] CarDriver. Step: 2190000. Time Elapsed: 2798.530 s. Mean Reward: -2.516. Std of Reward: 7.556. Training.
[INFO] CarDriver. Step: 2200000. Time Elapsed: 2811.717 s. Mean Reward: 2.418. Std of Reward: 13.072. Training.
[INFO] Exported results\ppo_car_009_bc_s7\CarDriver\CarDriver-2199923.onnx
[INFO] CarDriver. Step: 2210000. Time Elapsed: 2822.440 s. Mean Reward: -1.148. Std of Reward: 8.266. Training.
[INFO] CarDriver. Step: 2220000. Time Elapsed: 2836.423 s. Mean Reward: -3.668. Std of Reward: 3.569. Training.
[INFO] CarDriver. Step: 2230000. Time Elapsed: 2847.496 s. Mean Reward: -0.241. Std of Reward: 16.058. Training.
[INFO] CarDriver. Step: 2240000. Time Elapsed: 2857.606 s. Mean Reward: -0.921. Std of Reward: 6.267. Training.
[INFO] CarDriver. Step: 2250000. Time Elapsed: 2871.272 s. Mean Reward: -2.120. Std of Reward: 5.223. Training.
[INFO] CarDriver. Step: 2260000. Time Elapsed: 2881.592 s. Mean Reward: -2.350. Std of Reward: 9.416. Training.
[INFO] CarDriver. Step: 2270000. Time Elapsed: 2895.485 s. Mean Reward: 1.063. Std of Reward: 11.061. Training.
[INFO] CarDriver. Step: 2280000. Time Elapsed: 2907.411 s. Mean Reward: 1.300. Std of Reward: 12.952. Training.
[INFO] CarDriver. Step: 2290000. Time Elapsed: 2924.710 s. Mean Reward: -2.405. Std of Reward: 7.465. Training.
[INFO] CarDriver. Step: 2300000. Time Elapsed: 2936.141 s. Mean Reward: 2.044. Std of Reward: 13.195. Training.
[INFO] Exported results\ppo_car_009_bc_s7\CarDriver\CarDriver-2299984.onnx
[INFO] CarDriver. Step: 2310000. Time Elapsed: 2951.956 s. Mean Reward: -2.176. Std of Reward: 5.851. Training.
[INFO] CarDriver. Step: 2320000. Time Elapsed: 2962.826 s. Mean Reward: -1.025. Std of Reward: 7.500. Training.
[INFO] CarDriver. Step: 2330000. Time Elapsed: 2977.631 s. Mean Reward: -1.431. Std of Reward: 5.879. Training.
[INFO] CarDriver. Step: 2340000. Time Elapsed: 2988.600 s. Mean Reward: -2.549. Std of Reward: 4.461. Training.
[INFO] CarDriver. Step: 2350000. Time Elapsed: 3002.836 s. Mean Reward: 2.349. Std of Reward: 25.944. Training.
[INFO] CarDriver. Step: 2360000. Time Elapsed: 3013.828 s. Mean Reward: 0.830. Std of Reward: 15.544. Training.
[INFO] CarDriver. Step: 2370000. Time Elapsed: 3028.280 s. Mean Reward: -1.479. Std of Reward: 7.100. Training.
[INFO] CarDriver. Step: 2380000. Time Elapsed: 3039.023 s. Mean Reward: -3.896. Std of Reward: 1.338. Training.
[INFO] CarDriver. Step: 2390000. Time Elapsed: 3053.229 s. Mean Reward: 1.497. Std of Reward: 20.985. Training.
[INFO] CarDriver. Step: 2400000. Time Elapsed: 3064.045 s. Mean Reward: -1.345. Std of Reward: 7.531. Training.
[INFO] Exported results\ppo_car_009_bc_s7\CarDriver\CarDriver-2399969.onnx
[INFO] CarDriver. Step: 2410000. Time Elapsed: 3078.364 s. Mean Reward: 1.570. Std of Reward: 20.131. Training.
[INFO] CarDriver. Step: 2420000. Time Elapsed: 3089.292 s. Mean Reward: -0.787. Std of Reward: 9.580. Training.
[INFO] CarDriver. Step: 2430000. Time Elapsed: 3103.544 s. Mean Reward: -1.799. Std of Reward: 4.882. Training.
[INFO] CarDriver. Step: 2440000. Time Elapsed: 3114.008 s. Mean Reward: -2.160. Std of Reward: 5.347. Training.
[INFO] CarDriver. Step: 2450000. Time Elapsed: 3127.634 s. Mean Reward: 3.945. Std of Reward: 29.619. Training.
[INFO] CarDriver. Step: 2460000. Time Elapsed: 3138.009 s. Mean Reward: -1.511. Std of Reward: 7.161. Training.
[INFO] CarDriver. Step: 2470000. Time Elapsed: 3151.554 s. Mean Reward: -1.237. Std of Reward: 11.235. Training.
[INFO] CarDriver. Step: 2480000. Time Elapsed: 3161.816 s. Mean Reward: 0.278. Std of Reward: 17.159. Training.
[INFO] CarDriver. Step: 2490000. Time Elapsed: 3176.101 s. Mean Reward: 0.232. Std of Reward: 10.770. Training.
[INFO] CarDriver. Step: 2500000. Time Elapsed: 3185.889 s. Mean Reward: -0.246. Std of Reward: 15.548. Training.
[INFO] Exported results\ppo_car_009_bc_s7\CarDriver\CarDriver-2499995.onnx
[INFO] CarDriver. Step: 2510000. Time Elapsed: 3199.311 s. Mean Reward: 3.009. Std of Reward: 25.939. Training.
[INFO] CarDriver. Step: 2520000. Time Elapsed: 3209.561 s. Mean Reward: -1.017. Std of Reward: 7.963. Training.
[INFO] CarDriver. Step: 2530000. Time Elapsed: 3222.882 s. Mean Reward: 2.062. Std of Reward: 13.601. Training.
[INFO] CarDriver. Step: 2540000. Time Elapsed: 3233.274 s. Mean Reward: -2.318. Std of Reward: 6.727. Training.
[INFO] CarDriver. Step: 2550000. Time Elapsed: 3247.208 s. Mean Reward: -2.098. Std of Reward: 6.748. Training.
[INFO] CarDriver. Step: 2560000. Time Elapsed: 3257.483 s. Mean Reward: 1.412. Std of Reward: 20.308. Training.
[INFO] CarDriver. Step: 2570000. Time Elapsed: 3271.340 s. Mean Reward: -0.296. Std of Reward: 8.660. Training.
[INFO] CarDriver. Step: 2580000. Time Elapsed: 3281.730 s. Mean Reward: -1.993. Std of Reward: 7.383. Training.
[INFO] CarDriver. Step: 2590000. Time Elapsed: 3294.944 s. Mean Reward: 0.913. Std of Reward: 14.186. Training.
[INFO] CarDriver. Step: 2600000. Time Elapsed: 3305.618 s. Mean Reward: -0.708. Std of Reward: 7.480. Training.
[INFO] Exported results\ppo_car_009_bc_s7\CarDriver\CarDriver-2599904.onnx
[INFO] CarDriver. Step: 2610000. Time Elapsed: 3316.151 s. Mean Reward: -1.195. Std of Reward: 6.995. Training.
[INFO] CarDriver. Step: 2620000. Time Elapsed: 3329.361 s. Mean Reward: 1.067. Std of Reward: 9.806. Training.
[INFO] CarDriver. Step: 2630000. Time Elapsed: 3339.366 s. Mean Reward: 0.833. Std of Reward: 15.427. Training.
[INFO] CarDriver. Step: 2640000. Time Elapsed: 3353.353 s. Mean Reward: -2.343. Std of Reward: 5.291. Training.
[INFO] CarDriver. Step: 2650000. Time Elapsed: 3363.782 s. Mean Reward: -1.769. Std of Reward: 8.074. Training.
[INFO] CarDriver. Step: 2660000. Time Elapsed: 3377.323 s. Mean Reward: 2.215. Std of Reward: 16.378. Training.
[INFO] CarDriver. Step: 2670000. Time Elapsed: 3387.706 s. Mean Reward: -2.329. Std of Reward: 7.010. Training.
[INFO] CarDriver. Step: 2680000. Time Elapsed: 3401.601 s. Mean Reward: -0.470. Std of Reward: 14.757. Training.
[INFO] CarDriver. Step: 2690000. Time Elapsed: 3411.459 s. Mean Reward: -1.047. Std of Reward: 7.699. Training.
[INFO] CarDriver. Step: 2700000. Time Elapsed: 3425.444 s. Mean Reward: -1.276. Std of Reward: 5.705. Training.
[INFO] Exported results\ppo_car_009_bc_s7\CarDriver\CarDriver-2699997.onnx
[INFO] CarDriver. Step: 2710000. Time Elapsed: 3436.109 s. Mean Reward: -0.506. Std of Reward: 14.300. Training.
[INFO] CarDriver. Step: 2720000. Time Elapsed: 3449.605 s. Mean Reward: -1.245. Std of Reward: 7.098. Training.
[INFO] CarDriver. Step: 2730000. Time Elapsed: 3460.502 s. Mean Reward: -0.932. Std of Reward: 5.787. Training.
[INFO] CarDriver. Step: 2740000. Time Elapsed: 3474.639 s. Mean Reward: -1.805. Std of Reward: 5.934. Training.
[INFO] CarDriver. Step: 2750000. Time Elapsed: 3485.041 s. Mean Reward: -2.274. Std of Reward: 10.284. Training.
[INFO] CarDriver. Step: 2760000. Time Elapsed: 3498.899 s. Mean Reward: -0.146. Std of Reward: 12.747. Training.
[INFO] CarDriver. Step: 2770000. Time Elapsed: 3509.264 s. Mean Reward: 1.187. Std of Reward: 17.573. Training.
[INFO] CarDriver. Step: 2780000. Time Elapsed: 3522.981 s. Mean Reward: 1.046. Std of Reward: 13.858. Training.
[INFO] CarDriver. Step: 2790000. Time Elapsed: 3533.230 s. Mean Reward: -1.365. Std of Reward: 11.915. Training.
[INFO] CarDriver. Step: 2800000. Time Elapsed: 3547.465 s. Mean Reward: -0.513. Std of Reward: 9.841. Training.
[INFO] Exported results\ppo_car_009_bc_s7\CarDriver\CarDriver-2799972.onnx
[INFO] CarDriver. Step: 2810000. Time Elapsed: 3557.969 s. Mean Reward: -0.976. Std of Reward: 6.957. Training.
[INFO] CarDriver. Step: 2820000. Time Elapsed: 3571.774 s. Mean Reward: 2.260. Std of Reward: 12.796. Training.
[INFO] CarDriver. Step: 2830000. Time Elapsed: 3582.175 s. Mean Reward: -0.052. Std of Reward: 10.842. Training.
[INFO] CarDriver. Step: 2840000. Time Elapsed: 3595.181 s. Mean Reward: -4.241. Std of Reward: 1.854. Training.
[INFO] CarDriver. Step: 2850000. Time Elapsed: 3606.034 s. Mean Reward: -0.915. Std of Reward: 15.158. Training.
[INFO] CarDriver. Step: 2860000. Time Elapsed: 3619.300 s. Mean Reward: -0.209. Std of Reward: 14.654. Training.
[INFO] CarDriver. Step: 2870000. Time Elapsed: 3630.605 s. Mean Reward: -1.466. Std of Reward: 5.719. Training.
[INFO] CarDriver. Step: 2880000. Time Elapsed: 3644.446 s. Mean Reward: -1.622. Std of Reward: 7.098. Training.
[INFO] CarDriver. Step: 2890000. Time Elapsed: 3654.930 s. Mean Reward: -1.633. Std of Reward: 7.885. Training.
[INFO] CarDriver. Step: 2900000. Time Elapsed: 3668.186 s. Mean Reward: 0.961. Std of Reward: 12.329. Training.
[INFO] Exported results\ppo_car_009_bc_s7\CarDriver\CarDriver-2899885.onnx
[INFO] CarDriver. Step: 2910000. Time Elapsed: 3678.491 s. Mean Reward: 3.882. Std of Reward: 27.771. Training.
[INFO] CarDriver. Step: 2920000. Time Elapsed: 3692.551 s. Mean Reward: -4.223. Std of Reward: 4.411. Training.
[INFO] CarDriver. Step: 2930000. Time Elapsed: 3703.070 s. Mean Reward: 1.506. Std of Reward: 17.168. Training.
[INFO] CarDriver. Step: 2940000. Time Elapsed: 3716.736 s. Mean Reward: -3.133. Std of Reward: 4.433. Training.
[INFO] CarDriver. Step: 2950000. Time Elapsed: 3727.229 s. Mean Reward: -1.193. Std of Reward: 13.959. Training.
[INFO] CarDriver. Step: 2960000. Time Elapsed: 3741.215 s. Mean Reward: -2.175. Std of Reward: 5.535. Training.
[INFO] CarDriver. Step: 2970000. Time Elapsed: 3752.633 s. Mean Reward: 0.453. Std of Reward: 9.949. Training.
[INFO] CarDriver. Step: 2980000. Time Elapsed: 3763.204 s. Mean Reward: 0.756. Std of Reward: 13.202. Training.
[INFO] CarDriver. Step: 2990000. Time Elapsed: 3776.701 s. Mean Reward: 0.642. Std of Reward: 15.115. Training.
[INFO] CarDriver. Step: 3000000. Time Elapsed: 3787.461 s. Mean Reward: -3.247. Std of Reward: 7.143. Training.
[INFO] Exported results\ppo_car_009_bc_s7\CarDriver\CarDriver-2999877.onnx
[INFO] CarDriver. Step: 3010000. Time Elapsed: 3801.113 s. Mean Reward: 2.423. Std of Reward: 21.150. Training.
[INFO] CarDriver. Step: 3020000. Time Elapsed: 3811.587 s. Mean Reward: -1.089. Std of Reward: 4.965. Training.
[INFO] CarDriver. Step: 3030000. Time Elapsed: 3825.742 s. Mean Reward: 0.127. Std of Reward: 14.967. Training.
[INFO] CarDriver. Step: 3040000. Time Elapsed: 3836.049 s. Mean Reward: -2.011. Std of Reward: 8.398. Training.
[INFO] CarDriver. Step: 3050000. Time Elapsed: 3849.739 s. Mean Reward: -0.875. Std of Reward: 9.940. Training.
[INFO] CarDriver. Step: 3060000. Time Elapsed: 3860.634 s. Mean Reward: -0.365. Std of Reward: 9.002. Training.
[INFO] CarDriver. Step: 3070000. Time Elapsed: 3874.277 s. Mean Reward: -0.286. Std of Reward: 8.215. Training.
[INFO] CarDriver. Step: 3080000. Time Elapsed: 3884.577 s. Mean Reward: -0.239. Std of Reward: 14.163. Training.
[INFO] CarDriver. Step: 3090000. Time Elapsed: 3898.233 s. Mean Reward: -1.433. Std of Reward: 7.885. Training.
[INFO] CarDriver. Step: 3100000. Time Elapsed: 3909.140 s. Mean Reward: 0.042. Std of Reward: 9.057. Training.
[INFO] Exported results\ppo_car_009_bc_s7\CarDriver\CarDriver-3099936.onnx
[INFO] CarDriver. Step: 3110000. Time Elapsed: 3922.201 s. Mean Reward: 3.256. Std of Reward: 21.962. Training.
[INFO] CarDriver. Step: 3120000. Time Elapsed: 3932.678 s. Mean Reward: -2.097. Std of Reward: 5.205. Training.
[INFO] CarDriver. Step: 3130000. Time Elapsed: 3946.893 s. Mean Reward: -1.553. Std of Reward: 10.703. Training.
[INFO] CarDriver. Step: 3140000. Time Elapsed: 3956.755 s. Mean Reward: 2.094. Std of Reward: 15.574. Training.
[INFO] CarDriver. Step: 3150000. Time Elapsed: 3970.294 s. Mean Reward: -3.464. Std of Reward: 3.759. Training.
[INFO] CarDriver. Step: 3160000. Time Elapsed: 3980.805 s. Mean Reward: -1.077. Std of Reward: 14.517. Training.
[INFO] CarDriver. Step: 3170000. Time Elapsed: 3994.585 s. Mean Reward: 0.435. Std of Reward: 15.211. Training.
[INFO] CarDriver. Step: 3180000. Time Elapsed: 4005.286 s. Mean Reward: -0.348. Std of Reward: 11.804. Training.
[INFO] CarDriver. Step: 3190000. Time Elapsed: 4018.984 s. Mean Reward: -3.283. Std of Reward: 2.415. Training.
[INFO] CarDriver. Step: 3200000. Time Elapsed: 4029.638 s. Mean Reward: 0.764. Std of Reward: 17.425. Training.
[INFO] Exported results\ppo_car_009_bc_s7\CarDriver\CarDriver-3199933.onnx
[INFO] CarDriver. Step: 3210000. Time Elapsed: 4044.217 s. Mean Reward: -0.792. Std of Reward: 10.686. Training.
[INFO] CarDriver. Step: 3220000. Time Elapsed: 4054.325 s. Mean Reward: 1.737. Std of Reward: 15.694. Training.
[INFO] CarDriver. Step: 3230000. Time Elapsed: 4068.065 s. Mean Reward: 0.905. Std of Reward: 21.373. Training.
[INFO] CarDriver. Step: 3240000. Time Elapsed: 4078.477 s. Mean Reward: -0.291. Std of Reward: 8.772. Training.
[INFO] CarDriver. Step: 3250000. Time Elapsed: 4091.969 s. Mean Reward: -0.992. Std of Reward: 15.367. Training.
[INFO] CarDriver. Step: 3260000. Time Elapsed: 4102.686 s. Mean Reward: 2.485. Std of Reward: 13.472. Training.
[INFO] CarDriver. Step: 3270000. Time Elapsed: 4116.570 s. Mean Reward: -1.113. Std of Reward: 8.218. Training.
[INFO] CarDriver. Step: 3280000. Time Elapsed: 4127.305 s. Mean Reward: -1.050. Std of Reward: 7.529. Training.
[INFO] CarDriver. Step: 3290000. Time Elapsed: 4140.843 s. Mean Reward: -0.101. Std of Reward: 13.136. Training.
[INFO] CarDriver. Step: 3300000. Time Elapsed: 4152.133 s. Mean Reward: -3.002. Std of Reward: 5.323. Training.
[INFO] Exported results\ppo_car_009_bc_s7\CarDriver\CarDriver-3299957.onnx
[INFO] CarDriver. Step: 3310000. Time Elapsed: 4165.700 s. Mean Reward: -1.506. Std of Reward: 8.529. Training.
[INFO] CarDriver. Step: 3320000. Time Elapsed: 4176.265 s. Mean Reward: -3.772. Std of Reward: 4.423. Training.
[INFO] CarDriver. Step: 3330000. Time Elapsed: 4189.707 s. Mean Reward: 0.645. Std of Reward: 20.394. Training.
[INFO] CarDriver. Step: 3340000. Time Elapsed: 4200.027 s. Mean Reward: -0.711. Std of Reward: 12.221. Training.
[INFO] CarDriver. Step: 3350000. Time Elapsed: 4210.591 s. Mean Reward: -0.266. Std of Reward: 16.014. Training.
[INFO] CarDriver. Step: 3360000. Time Elapsed: 4223.669 s. Mean Reward: -3.980. Std of Reward: 1.691. Training.
[INFO] CarDriver. Step: 3370000. Time Elapsed: 4234.249 s. Mean Reward: 6.099. Std of Reward: 23.071. Training.
[INFO] CarDriver. Step: 3380000. Time Elapsed: 4247.932 s. Mean Reward: -0.465. Std of Reward: 11.690. Training.
[INFO] CarDriver. Step: 3390000. Time Elapsed: 4258.652 s. Mean Reward: -2.685. Std of Reward: 5.898. Training.
[INFO] CarDriver. Step: 3400000. Time Elapsed: 4272.700 s. Mean Reward: -1.118. Std of Reward: 8.810. Training.
[INFO] Exported results\ppo_car_009_bc_s7\CarDriver\CarDriver-3399973.onnx
[INFO] CarDriver. Step: 3410000. Time Elapsed: 4283.380 s. Mean Reward: -2.647. Std of Reward: 5.987. Training.
[INFO] CarDriver. Step: 3420000. Time Elapsed: 4296.611 s. Mean Reward: 0.910. Std of Reward: 18.809. Training.
[INFO] CarDriver. Step: 3430000. Time Elapsed: 4307.116 s. Mean Reward: -0.210. Std of Reward: 12.795. Training.
[INFO] CarDriver. Step: 3440000. Time Elapsed: 4320.866 s. Mean Reward: -0.291. Std of Reward: 13.699. Training.
[INFO] CarDriver. Step: 3450000. Time Elapsed: 4331.072 s. Mean Reward: 1.009. Std of Reward: 14.926. Training.
[INFO] CarDriver. Step: 3460000. Time Elapsed: 4344.442 s. Mean Reward: -1.143. Std of Reward: 11.469. Training.
[INFO] CarDriver. Step: 3470000. Time Elapsed: 4355.154 s. Mean Reward: -0.673. Std of Reward: 7.044. Training.
[INFO] CarDriver. Step: 3480000. Time Elapsed: 4368.527 s. Mean Reward: 0.203. Std of Reward: 8.318. Training.
[INFO] CarDriver. Step: 3490000. Time Elapsed: 4379.234 s. Mean Reward: 0.370. Std of Reward: 14.949. Training.
[INFO] CarDriver. Step: 3500000. Time Elapsed: 4392.853 s. Mean Reward: 4.182. Std of Reward: 15.801. Training.
[INFO] Exported results\ppo_car_009_bc_s7\CarDriver\CarDriver-3499938.onnx
[INFO] CarDriver. Step: 3510000. Time Elapsed: 4403.112 s. Mean Reward: 2.370. Std of Reward: 18.340. Training.
[INFO] CarDriver. Step: 3520000. Time Elapsed: 4416.824 s. Mean Reward: -1.109. Std of Reward: 9.843. Training.
[INFO] CarDriver. Step: 3530000. Time Elapsed: 4427.160 s. Mean Reward: -2.576. Std of Reward: 8.936. Training.
[INFO] CarDriver. Step: 3540000. Time Elapsed: 4440.998 s. Mean Reward: -2.467. Std of Reward: 5.233. Training.
[INFO] CarDriver. Step: 3550000. Time Elapsed: 4451.648 s. Mean Reward: -1.759. Std of Reward: 7.810. Training.
[INFO] CarDriver. Step: 3560000. Time Elapsed: 4465.110 s. Mean Reward: 0.591. Std of Reward: 20.888. Training.
[INFO] CarDriver. Step: 3570000. Time Elapsed: 4475.326 s. Mean Reward: 2.122. Std of Reward: 21.096. Training.
[INFO] CarDriver. Step: 3580000. Time Elapsed: 4488.749 s. Mean Reward: -1.901. Std of Reward: 4.100. Training.
[INFO] CarDriver. Step: 3590000. Time Elapsed: 4499.168 s. Mean Reward: 2.928. Std of Reward: 24.854. Training.
[INFO] CarDriver. Step: 3600000. Time Elapsed: 4512.663 s. Mean Reward: -0.079. Std of Reward: 12.119. Training.
[INFO] Exported results\ppo_car_009_bc_s7\CarDriver\CarDriver-3599982.onnx
[INFO] CarDriver. Step: 3610000. Time Elapsed: 4523.275 s. Mean Reward: 1.691. Std of Reward: 14.991. Training.
[INFO] CarDriver. Step: 3620000. Time Elapsed: 4537.402 s. Mean Reward: -0.905. Std of Reward: 7.506. Training.
[INFO] CarDriver. Step: 3630000. Time Elapsed: 4547.054 s. Mean Reward: 5.104. Std of Reward: 31.113. Training.
[INFO] CarDriver. Step: 3640000. Time Elapsed: 4560.575 s. Mean Reward: 2.586. Std of Reward: 25.038. Training.
[INFO] CarDriver. Step: 3650000. Time Elapsed: 4570.801 s. Mean Reward: -4.276. Std of Reward: 2.036. Training.
[INFO] CarDriver. Step: 3660000. Time Elapsed: 4584.465 s. Mean Reward: 1.426. Std of Reward: 20.019. Training.
[INFO] CarDriver. Step: 3670000. Time Elapsed: 4594.974 s. Mean Reward: -1.004. Std of Reward: 8.991. Training.
[INFO] CarDriver. Step: 3680000. Time Elapsed: 4609.882 s. Mean Reward: -1.568. Std of Reward: 7.690. Training.
[INFO] CarDriver. Step: 3690000. Time Elapsed: 4619.423 s. Mean Reward: 1.233. Std of Reward: 12.649. Training.
[INFO] CarDriver. Step: 3700000. Time Elapsed: 4633.061 s. Mean Reward: -1.956. Std of Reward: 8.039. Training.
[INFO] Exported results\ppo_car_009_bc_s7\CarDriver\CarDriver-3699945.onnx
[INFO] CarDriver. Step: 3710000. Time Elapsed: 4643.546 s. Mean Reward: -0.641. Std of Reward: 10.036. Training.
[INFO] CarDriver. Step: 3720000. Time Elapsed: 4654.070 s. Mean Reward: 0.089. Std of Reward: 8.378. Training.
[INFO] CarDriver. Step: 3730000. Time Elapsed: 4667.511 s. Mean Reward: 0.096. Std of Reward: 14.037. Training.
[INFO] CarDriver. Step: 3740000. Time Elapsed: 4678.433 s. Mean Reward: 1.917. Std of Reward: 24.856. Training.
[INFO] CarDriver. Step: 3750000. Time Elapsed: 4691.553 s. Mean Reward: -0.351. Std of Reward: 8.227. Training.
[INFO] CarDriver. Step: 3760000. Time Elapsed: 4702.288 s. Mean Reward: -1.616. Std of Reward: 10.062. Training.
[INFO] CarDriver. Step: 3770000. Time Elapsed: 4716.305 s. Mean Reward: -1.874. Std of Reward: 4.077. Training.
[INFO] CarDriver. Step: 3780000. Time Elapsed: 4726.479 s. Mean Reward: 0.715. Std of Reward: 17.681. Training.
[INFO] CarDriver. Step: 3790000. Time Elapsed: 4740.612 s. Mean Reward: -3.286. Std of Reward: 3.593. Training.
[INFO] CarDriver. Step: 3800000. Time Elapsed: 4750.645 s. Mean Reward: 5.100. Std of Reward: 23.695. Training.
[INFO] Exported results\ppo_car_009_bc_s7\CarDriver\CarDriver-3799904.onnx
[INFO] CarDriver. Step: 3810000. Time Elapsed: 4764.939 s. Mean Reward: -1.638. Std of Reward: 5.658. Training.
[INFO] CarDriver. Step: 3820000. Time Elapsed: 4775.412 s. Mean Reward: 1.032. Std of Reward: 23.114. Training.
[INFO] CarDriver. Step: 3830000. Time Elapsed: 4788.681 s. Mean Reward: -0.576. Std of Reward: 12.444. Training.
[INFO] CarDriver. Step: 3840000. Time Elapsed: 4799.349 s. Mean Reward: -1.974. Std of Reward: 6.668. Training.
[INFO] CarDriver. Step: 3850000. Time Elapsed: 4812.968 s. Mean Reward: -1.495. Std of Reward: 12.712. Training.
[INFO] CarDriver. Step: 3860000. Time Elapsed: 4823.759 s. Mean Reward: -1.554. Std of Reward: 6.297. Training.
[INFO] CarDriver. Step: 3870000. Time Elapsed: 4837.607 s. Mean Reward: 0.552. Std of Reward: 10.986. Training.
[INFO] CarDriver. Step: 3880000. Time Elapsed: 4848.007 s. Mean Reward: -2.709. Std of Reward: 5.619. Training.
[INFO] CarDriver. Step: 3890000. Time Elapsed: 4861.856 s. Mean Reward: 2.816. Std of Reward: 19.051. Training.
[INFO] CarDriver. Step: 3900000. Time Elapsed: 4872.214 s. Mean Reward: -2.490. Std of Reward: 4.773. Training.
[INFO] Exported results\ppo_car_009_bc_s7\CarDriver\CarDriver-3899990.onnx
[INFO] CarDriver. Step: 3910000. Time Elapsed: 4886.061 s. Mean Reward: 1.567. Std of Reward: 18.688. Training.
[INFO] CarDriver. Step: 3920000. Time Elapsed: 4896.166 s. Mean Reward: 4.119. Std of Reward: 25.212. Training.
[INFO] CarDriver. Step: 3930000. Time Elapsed: 4910.086 s. Mean Reward: -2.506. Std of Reward: 8.510. Training.
[INFO] CarDriver. Step: 3940000. Time Elapsed: 4921.432 s. Mean Reward: -4.345. Std of Reward: 2.342. Training.
[INFO] CarDriver. Step: 3950000. Time Elapsed: 4934.896 s. Mean Reward: 4.454. Std of Reward: 27.001. Training.
[INFO] CarDriver. Step: 3960000. Time Elapsed: 4945.525 s. Mean Reward: 1.227. Std of Reward: 13.995. Training.
[INFO] CarDriver. Step: 3970000. Time Elapsed: 4959.208 s. Mean Reward: -1.875. Std of Reward: 7.332. Training.
[INFO] CarDriver. Step: 3980000. Time Elapsed: 4969.387 s. Mean Reward: -4.234. Std of Reward: 1.357. Training.
[INFO] CarDriver. Step: 3990000. Time Elapsed: 4983.536 s. Mean Reward: -1.202. Std of Reward: 16.790. Training.
[INFO] CarDriver. Step: 4000000. Time Elapsed: 4994.008 s. Mean Reward: 3.730. Std of Reward: 21.563. Training.
[INFO] Exported results\ppo_car_009_bc_s7\CarDriver\CarDriver-3999955.onnx
[INFO] CarDriver. Step: 4010000. Time Elapsed: 5007.830 s. Mean Reward: -0.551. Std of Reward: 10.339. Training.
[INFO] CarDriver. Step: 4020000. Time Elapsed: 5018.737 s. Mean Reward: -2.173. Std of Reward: 4.532. Training.
[INFO] CarDriver. Step: 4030000. Time Elapsed: 5032.939 s. Mean Reward: -0.841. Std of Reward: 7.856. Training.
[INFO] CarDriver. Step: 4040000. Time Elapsed: 5043.172 s. Mean Reward: 1.667. Std of Reward: 11.413. Training.
[INFO] CarDriver. Step: 4050000. Time Elapsed: 5056.758 s. Mean Reward: 4.766. Std of Reward: 20.839. Training.
[INFO] CarDriver. Step: 4060000. Time Elapsed: 5067.466 s. Mean Reward: -0.636. Std of Reward: 10.475. Training.
[INFO] CarDriver. Step: 4070000. Time Elapsed: 5081.019 s. Mean Reward: 1.395. Std of Reward: 8.303. Training.
[INFO] CarDriver. Step: 4080000. Time Elapsed: 5091.355 s. Mean Reward: 2.101. Std of Reward: 16.509. Training.
[INFO] CarDriver. Step: 4090000. Time Elapsed: 5101.809 s. Mean Reward: 2.146. Std of Reward: 22.291. Training.
[INFO] CarDriver. Step: 4100000. Time Elapsed: 5115.579 s. Mean Reward: -2.052. Std of Reward: 4.836. Training.
[INFO] Exported results\ppo_car_009_bc_s7\CarDriver\CarDriver-4099931.onnx
[INFO] CarDriver. Step: 4110000. Time Elapsed: 5126.469 s. Mean Reward: 3.298. Std of Reward: 20.772. Training.
[INFO] CarDriver. Step: 4120000. Time Elapsed: 5139.883 s. Mean Reward: -1.646. Std of Reward: 5.725. Training.
[INFO] CarDriver. Step: 4130000. Time Elapsed: 5151.096 s. Mean Reward: 0.472. Std of Reward: 14.949. Training.
[INFO] CarDriver. Step: 4140000. Time Elapsed: 5164.653 s. Mean Reward: -0.319. Std of Reward: 8.557. Training.
[INFO] CarDriver. Step: 4150000. Time Elapsed: 5176.152 s. Mean Reward: -1.952. Std of Reward: 7.194. Training.
[INFO] CarDriver. Step: 4160000. Time Elapsed: 5191.113 s. Mean Reward: -1.858. Std of Reward: 6.586. Training.
[INFO] CarDriver. Step: 4170000. Time Elapsed: 5202.533 s. Mean Reward: 0.541. Std of Reward: 12.904. Training.
[INFO] CarDriver. Step: 4180000. Time Elapsed: 5216.857 s. Mean Reward: 0.748. Std of Reward: 16.528. Training.
[INFO] CarDriver. Step: 4190000. Time Elapsed: 5227.510 s. Mean Reward: -1.619. Std of Reward: 7.065. Training.
[INFO] CarDriver. Step: 4200000. Time Elapsed: 5241.184 s. Mean Reward: 4.099. Std of Reward: 24.691. Training.
[INFO] Exported results\ppo_car_009_bc_s7\CarDriver\CarDriver-4199934.onnx
[INFO] CarDriver. Step: 4210000. Time Elapsed: 5252.951 s. Mean Reward: -1.261. Std of Reward: 12.513. Training.
[INFO] CarDriver. Step: 4220000. Time Elapsed: 5267.397 s. Mean Reward: -0.267. Std of Reward: 9.485. Training.
[INFO] CarDriver. Step: 4230000. Time Elapsed: 5278.281 s. Mean Reward: 0.707. Std of Reward: 13.125. Training.
[INFO] CarDriver. Step: 4240000. Time Elapsed: 5292.024 s. Mean Reward: -0.381. Std of Reward: 13.466. Training.
[INFO] CarDriver. Step: 4250000. Time Elapsed: 5302.175 s. Mean Reward: -1.371. Std of Reward: 7.076. Training.
[INFO] CarDriver. Step: 4260000. Time Elapsed: 5315.658 s. Mean Reward: 3.176. Std of Reward: 18.857. Training.
[INFO] CarDriver. Step: 4270000. Time Elapsed: 5325.861 s. Mean Reward: -3.356. Std of Reward: 2.207. Training.
[INFO] CarDriver. Step: 4280000. Time Elapsed: 5339.374 s. Mean Reward: 3.726. Std of Reward: 29.627. Training.
[INFO] CarDriver. Step: 4290000. Time Elapsed: 5349.935 s. Mean Reward: 4.952. Std of Reward: 23.464. Training.
[INFO] CarDriver. Step: 4300000. Time Elapsed: 5363.508 s. Mean Reward: -0.846. Std of Reward: 10.102. Training.
[INFO] Exported results\ppo_car_009_bc_s7\CarDriver\CarDriver-4299974.onnx
[INFO] CarDriver. Step: 4310000. Time Elapsed: 5373.712 s. Mean Reward: 5.994. Std of Reward: 29.996. Training.
[INFO] CarDriver. Step: 4320000. Time Elapsed: 5387.411 s. Mean Reward: 1.577. Std of Reward: 10.894. Training.
[INFO] CarDriver. Step: 4330000. Time Elapsed: 5397.372 s. Mean Reward: -1.533. Std of Reward: 7.828. Training.
[INFO] CarDriver. Step: 4340000. Time Elapsed: 5411.119 s. Mean Reward: 2.785. Std of Reward: 19.580. Training.
[INFO] CarDriver. Step: 4350000. Time Elapsed: 5421.508 s. Mean Reward: -1.344. Std of Reward: 10.539. Training.
[INFO] CarDriver. Step: 4360000. Time Elapsed: 5434.738 s. Mean Reward: 0.987. Std of Reward: 11.773. Training.
[INFO] CarDriver. Step: 4370000. Time Elapsed: 5445.682 s. Mean Reward: -1.293. Std of Reward: 7.349. Training.
[INFO] CarDriver. Step: 4380000. Time Elapsed: 5459.674 s. Mean Reward: -1.771. Std of Reward: 8.566. Training.
[INFO] CarDriver. Step: 4390000. Time Elapsed: 5469.674 s. Mean Reward: 2.463. Std of Reward: 21.964. Training.
[INFO] CarDriver. Step: 4400000. Time Elapsed: 5483.433 s. Mean Reward: -2.106. Std of Reward: 6.745. Training.
[INFO] Exported results\ppo_car_009_bc_s7\CarDriver\CarDriver-4399921.onnx
[INFO] CarDriver. Step: 4410000. Time Elapsed: 5494.572 s. Mean Reward: -0.558. Std of Reward: 10.554. Training.
[INFO] CarDriver. Step: 4420000. Time Elapsed: 5509.253 s. Mean Reward: -1.428. Std of Reward: 3.898. Training.
[INFO] CarDriver. Step: 4430000. Time Elapsed: 5519.711 s. Mean Reward: 5.829. Std of Reward: 23.626. Training.
[INFO] CarDriver. Step: 4440000. Time Elapsed: 5533.372 s. Mean Reward: 0.690. Std of Reward: 8.188. Training.
[INFO] CarDriver. Step: 4450000. Time Elapsed: 5543.681 s. Mean Reward: -2.507. Std of Reward: 6.556. Training.
[INFO] CarDriver. Step: 4460000. Time Elapsed: 5558.106 s. Mean Reward: -1.734. Std of Reward: 10.156. Training.
[INFO] CarDriver. Step: 4470000. Time Elapsed: 5568.281 s. Mean Reward: 1.124. Std of Reward: 11.187. Training.
[INFO] CarDriver. Step: 4480000. Time Elapsed: 5579.175 s. Mean Reward: -2.237. Std of Reward: 5.029. Training.
[INFO] CarDriver. Step: 4490000. Time Elapsed: 5592.680 s. Mean Reward: -0.930. Std of Reward: 6.297. Training.
[INFO] CarDriver. Step: 4500000. Time Elapsed: 5602.868 s. Mean Reward: 2.122. Std of Reward: 17.521. Training.
[INFO] Exported results\ppo_car_009_bc_s7\CarDriver\CarDriver-4499946.onnx
[INFO] CarDriver. Step: 4510000. Time Elapsed: 5616.419 s. Mean Reward: 1.249. Std of Reward: 14.831. Training.
[INFO] CarDriver. Step: 4520000. Time Elapsed: 5626.417 s. Mean Reward: 3.421. Std of Reward: 27.660. Training.
[INFO] CarDriver. Step: 4530000. Time Elapsed: 5639.851 s. Mean Reward: 0.533. Std of Reward: 13.407. Training.
[INFO] CarDriver. Step: 4540000. Time Elapsed: 5650.574 s. Mean Reward: 0.479. Std of Reward: 19.636. Training.
[INFO] CarDriver. Step: 4550000. Time Elapsed: 5664.156 s. Mean Reward: 6.772. Std of Reward: 32.324. Training.
[INFO] CarDriver. Step: 4560000. Time Elapsed: 5674.339 s. Mean Reward: 2.044. Std of Reward: 16.215. Training.
[INFO] CarDriver. Step: 4570000. Time Elapsed: 5688.232 s. Mean Reward: 2.264. Std of Reward: 20.851. Training.
[INFO] CarDriver. Step: 4580000. Time Elapsed: 5698.603 s. Mean Reward: 0.124. Std of Reward: 9.284. Training.
[INFO] CarDriver. Step: 4590000. Time Elapsed: 5711.860 s. Mean Reward: -1.921. Std of Reward: 9.749. Training.
[INFO] CarDriver. Step: 4600000. Time Elapsed: 5722.393 s. Mean Reward: -1.740. Std of Reward: 5.731. Training.
[INFO] Exported results\ppo_car_009_bc_s7\CarDriver\CarDriver-4599937.onnx
[INFO] CarDriver. Step: 4610000. Time Elapsed: 5736.224 s. Mean Reward: -1.551. Std of Reward: 13.196. Training.
[INFO] CarDriver. Step: 4620000. Time Elapsed: 5746.609 s. Mean Reward: -1.533. Std of Reward: 6.298. Training.
[INFO] CarDriver. Step: 4630000. Time Elapsed: 5760.597 s. Mean Reward: 0.353. Std of Reward: 15.409. Training.
[INFO] CarDriver. Step: 4640000. Time Elapsed: 5771.032 s. Mean Reward: -1.666. Std of Reward: 6.799. Training.
[INFO] CarDriver. Step: 4650000. Time Elapsed: 5784.875 s. Mean Reward: 0.246. Std of Reward: 9.087. Training.
[INFO] CarDriver. Step: 4660000. Time Elapsed: 5795.617 s. Mean Reward: -0.845. Std of Reward: 7.947. Training.
[INFO] CarDriver. Step: 4670000. Time Elapsed: 5810.278 s. Mean Reward: 3.151. Std of Reward: 24.783. Training.
[INFO] CarDriver. Step: 4680000. Time Elapsed: 5820.261 s. Mean Reward: 1.966. Std of Reward: 15.972. Training.
[INFO] CarDriver. Step: 4690000. Time Elapsed: 5834.133 s. Mean Reward: -2.144. Std of Reward: 7.103. Training.
[INFO] CarDriver. Step: 4700000. Time Elapsed: 5844.387 s. Mean Reward: -0.320. Std of Reward: 13.540. Training.
[INFO] Exported results\ppo_car_009_bc_s7\CarDriver\CarDriver-4699983.onnx
[INFO] CarDriver. Step: 4710000. Time Elapsed: 5857.932 s. Mean Reward: 0.873. Std of Reward: 23.115. Training.
[INFO] CarDriver. Step: 4720000. Time Elapsed: 5868.412 s. Mean Reward: 0.459. Std of Reward: 10.144. Training.
[INFO] CarDriver. Step: 4730000. Time Elapsed: 5882.791 s. Mean Reward: -2.770. Std of Reward: 4.910. Training.
[INFO] CarDriver. Step: 4740000. Time Elapsed: 5893.437 s. Mean Reward: -0.668. Std of Reward: 11.843. Training.
[INFO] CarDriver. Step: 4750000. Time Elapsed: 5907.027 s. Mean Reward: -0.440. Std of Reward: 12.192. Training.
[INFO] CarDriver. Step: 4760000. Time Elapsed: 5917.389 s. Mean Reward: -1.764. Std of Reward: 8.620. Training.
[INFO] CarDriver. Step: 4770000. Time Elapsed: 5930.853 s. Mean Reward: -2.888. Std of Reward: 2.321. Training.
[INFO] CarDriver. Step: 4780000. Time Elapsed: 5941.547 s. Mean Reward: -0.993. Std of Reward: 16.916. Training.
[INFO] CarDriver. Step: 4790000. Time Elapsed: 5954.913 s. Mean Reward: 0.451. Std of Reward: 18.760. Training.
[INFO] CarDriver. Step: 4800000. Time Elapsed: 5965.265 s. Mean Reward: 0.698. Std of Reward: 12.167. Training.
[INFO] Exported results\ppo_car_009_bc_s7\CarDriver\CarDriver-4799896.onnx
[INFO] CarDriver. Step: 4810000. Time Elapsed: 5979.150 s. Mean Reward: 0.566. Std of Reward: 19.008. Training.
[INFO] CarDriver. Step: 4820000. Time Elapsed: 5989.285 s. Mean Reward: 1.306. Std of Reward: 20.466. Training.
[INFO] CarDriver. Step: 4830000. Time Elapsed: 6002.824 s. Mean Reward: 1.956. Std of Reward: 20.258. Training.
[INFO] CarDriver. Step: 4840000. Time Elapsed: 6012.935 s. Mean Reward: -2.492. Std of Reward: 6.566. Training.
[INFO] CarDriver. Step: 4850000. Time Elapsed: 6023.263 s. Mean Reward: 1.995. Std of Reward: 27.374. Training.
[INFO] CarDriver. Step: 4860000. Time Elapsed: 6036.992 s. Mean Reward: 2.225. Std of Reward: 20.642. Training.
[INFO] CarDriver. Step: 4870000. Time Elapsed: 6047.314 s. Mean Reward: 2.359. Std of Reward: 20.758. Training.
[INFO] CarDriver. Step: 4880000. Time Elapsed: 6061.150 s. Mean Reward: -1.265. Std of Reward: 14.187. Training.
[INFO] CarDriver. Step: 4890000. Time Elapsed: 6071.488 s. Mean Reward: 1.098. Std of Reward: 10.321. Training.
[INFO] CarDriver. Step: 4900000. Time Elapsed: 6085.764 s. Mean Reward: 0.436. Std of Reward: 8.487. Training.
[INFO] Exported results\ppo_car_009_bc_s7\CarDriver\CarDriver-4899964.onnx
[INFO] CarDriver. Step: 4910000. Time Elapsed: 6097.012 s. Mean Reward: 6.382. Std of Reward: 18.981. Training.
[INFO] CarDriver. Step: 4920000. Time Elapsed: 6110.139 s. Mean Reward: -1.108. Std of Reward: 9.582. Training.
[INFO] CarDriver. Step: 4930000. Time Elapsed: 6120.923 s. Mean Reward: 1.060. Std of Reward: 11.605. Training.
[INFO] CarDriver. Step: 4940000. Time Elapsed: 6134.098 s. Mean Reward: -3.832. Std of Reward: 2.139. Training.
[INFO] CarDriver. Step: 4950000. Time Elapsed: 6144.329 s. Mean Reward: 2.596. Std of Reward: 25.097. Training.
[INFO] CarDriver. Step: 4960000. Time Elapsed: 6158.119 s. Mean Reward: 2.774. Std of Reward: 21.001. Training.
[INFO] CarDriver. Step: 4970000. Time Elapsed: 6168.815 s. Mean Reward: -2.288. Std of Reward: 8.284. Training.
[INFO] CarDriver. Step: 4980000. Time Elapsed: 6182.242 s. Mean Reward: 1.149. Std of Reward: 15.245. Training.
[INFO] CarDriver. Step: 4990000. Time Elapsed: 6192.689 s. Mean Reward: 0.050. Std of Reward: 11.486. Training.
[INFO] CarDriver. Step: 5000000. Time Elapsed: 6206.127 s. Mean Reward: 3.278. Std of Reward: 23.128. Training.
[INFO] Exported results\ppo_car_009_bc_s7\CarDriver\CarDriver-4999979.onnx
[INFO] Exported results\ppo_car_009_bc_s7\CarDriver\CarDriver-5000107.onnx
[INFO] Copied results\ppo_car_009_bc_s7\CarDriver\CarDriver-5000107.onnx to results\ppo_car_009_bc_s7\CarDriver.onnx.
