[INFO] Listening on port 5004. Start training by pressing the Play button in the Unity Editor.
[INFO] Connected to Unity environment with package version 4.0.3 and communication version 1.5.0
[INFO] Connected new brain: CarDriver?team=0


	Unity Technologies

 Version information:
  ml-agents: 1.1.0,
  ml-agents-envs: 1.1.0,
  Communicator API: 1.5.0,
  PyTorch: 2.6.0+cu124
[INFO] Hyperparameters for behavior name CarDriver: 
	trainer_type:	ppo
	hyperparameters:	
	  batch_size:	2048
	  buffer_size:	20480
	  learning_rate:	0.0003
	  beta:	0.005
	  epsilon:	0.2
	  lambd:	0.95
	  num_epoch:	3
	  shared_critic:	False
	  learning_rate_schedule:	linear
	  beta_schedule:	linear
	  epsilon_schedule:	linear
	checkpoint_interval:	100000
	network_settings:	
	  normalize:	True
	  hidden_units:	256
	  num_layers:	2
	  vis_encode_type:	simple
	  memory:	None
	  goal_conditioning_type:	hyper
	  deterministic:	False
	reward_signals:	
	  extrinsic:	
	    gamma:	0.99
	    strength:	1.0
	    network_settings:	
	      normalize:	False
	      hidden_units:	128
	      num_layers:	2
	      vis_encode_type:	simple
	      memory:	None
	      goal_conditioning_type:	hyper
	      deterministic:	False
	init_path:	None
	keep_checkpoints:	5
	even_checkpoints:	False
	max_steps:	500000
	time_horizon:	128
	summary_freq:	10000
	threaded:	False
	self_play:	None
	behavioral_cloning:	None
[INFO] CarDriver. Step: 10000. Time Elapsed: 72.772 s. Mean Reward: -5.086. Std of Reward: 0.579. Training.
[INFO] CarDriver. Step: 20000. Time Elapsed: 84.994 s. Mean Reward: -5.774. Std of Reward: 2.981. Training.
[INFO] CarDriver. Step: 30000. Time Elapsed: 101.612 s. Mean Reward: -4.987. Std of Reward: 1.719. Training.
[INFO] CarDriver. Step: 40000. Time Elapsed: 113.219 s. Mean Reward: -4.480. Std of Reward: 2.576. Training.
[INFO] CarDriver. Step: 50000. Time Elapsed: 129.885 s. Mean Reward: -4.150. Std of Reward: 1.781. Training.
[INFO] CarDriver. Step: 60000. Time Elapsed: 141.405 s. Mean Reward: -4.628. Std of Reward: 2.295. Training.
[INFO] CarDriver. Step: 70000. Time Elapsed: 156.284 s. Mean Reward: -5.803. Std of Reward: 3.557. Training.
[INFO] CarDriver. Step: 80000. Time Elapsed: 168.665 s. Mean Reward: -4.275. Std of Reward: 2.170. Training.
[INFO] CarDriver. Step: 90000. Time Elapsed: 184.296 s. Mean Reward: -4.943. Std of Reward: 1.679. Training.
[INFO] CarDriver. Step: 100000. Time Elapsed: 197.352 s. Mean Reward: -4.398. Std of Reward: 3.048. Training.
[INFO] Exported results\ppo_car_smoke\CarDriver\CarDriver-99995.onnx
[INFO] CarDriver. Step: 110000. Time Elapsed: 213.460 s. Mean Reward: -5.067. Std of Reward: 2.523. Training.
[INFO] CarDriver. Step: 120000. Time Elapsed: 226.109 s. Mean Reward: -5.100. Std of Reward: 2.290. Training.
[INFO] CarDriver. Step: 130000. Time Elapsed: 240.839 s. Mean Reward: -4.842. Std of Reward: 1.586. Training.
[INFO] CarDriver. Step: 140000. Time Elapsed: 252.822 s. Mean Reward: -4.964. Std of Reward: 2.548. Training.
[INFO] CarDriver. Step: 150000. Time Elapsed: 268.622 s. Mean Reward: -3.696. Std of Reward: 2.358. Training.
[INFO] CarDriver. Step: 160000. Time Elapsed: 280.319 s. Mean Reward: -5.011. Std of Reward: 1.038. Training.
[INFO] CarDriver. Step: 170000. Time Elapsed: 295.845 s. Mean Reward: -4.698. Std of Reward: 2.257. Training.
[INFO] CarDriver. Step: 180000. Time Elapsed: 308.545 s. Mean Reward: -5.605. Std of Reward: 3.226. Training.
[INFO] CarDriver. Step: 190000. Time Elapsed: 324.619 s. Mean Reward: -6.237. Std of Reward: 2.319. Training.
[INFO] CarDriver. Step: 200000. Time Elapsed: 336.310 s. Mean Reward: -3.820. Std of Reward: 2.149. Training.
[INFO] Exported results\ppo_car_smoke\CarDriver\CarDriver-199980.onnx
[INFO] CarDriver. Step: 210000. Time Elapsed: 352.622 s. Mean Reward: -4.709. Std of Reward: 2.365. Training.
[INFO] CarDriver. Step: 220000. Time Elapsed: 365.544 s. Mean Reward: -4.876. Std of Reward: 2.999. Training.
[INFO] CarDriver. Step: 230000. Time Elapsed: 380.784 s. Mean Reward: -5.786. Std of Reward: 2.454. Training.
[INFO] CarDriver. Step: 240000. Time Elapsed: 393.621 s. Mean Reward: -4.958. Std of Reward: 3.040. Training.
[INFO] CarDriver. Step: 250000. Time Elapsed: 410.562 s. Mean Reward: -4.826. Std of Reward: 1.614. Training.
[INFO] CarDriver. Step: 260000. Time Elapsed: 422.762 s. Mean Reward: -4.025. Std of Reward: 2.880. Training.
[INFO] CarDriver. Step: 270000. Time Elapsed: 439.451 s. Mean Reward: -5.090. Std of Reward: 2.254. Training.
[INFO] CarDriver. Step: 280000. Time Elapsed: 452.195 s. Mean Reward: -5.055. Std of Reward: 1.920. Training.
[INFO] CarDriver. Step: 290000. Time Elapsed: 467.906 s. Mean Reward: -3.954. Std of Reward: 2.341. Training.
[INFO] CarDriver. Step: 300000. Time Elapsed: 480.219 s. Mean Reward: -4.591. Std of Reward: 1.779. Training.
[INFO] Exported results\ppo_car_smoke\CarDriver\CarDriver-299952.onnx
[INFO] CarDriver. Step: 310000. Time Elapsed: 495.979 s. Mean Reward: -5.164. Std of Reward: 2.101. Training.
[INFO] CarDriver. Step: 320000. Time Elapsed: 508.293 s. Mean Reward: -4.478. Std of Reward: 2.862. Training.
[INFO] CarDriver. Step: 330000. Time Elapsed: 525.468 s. Mean Reward: -4.475. Std of Reward: 2.839. Training.
[INFO] CarDriver. Step: 340000. Time Elapsed: 536.678 s. Mean Reward: -5.043. Std of Reward: 2.368. Training.
[INFO] CarDriver. Step: 350000. Time Elapsed: 552.154 s. Mean Reward: -4.552. Std of Reward: 2.862. Training.
[INFO] CarDriver. Step: 360000. Time Elapsed: 564.910 s. Mean Reward: -4.546. Std of Reward: 2.341. Training.
[INFO] CarDriver. Step: 370000. Time Elapsed: 582.154 s. Mean Reward: -4.583. Std of Reward: 2.010. Training.
[INFO] CarDriver. Step: 380000. Time Elapsed: 597.871 s. Mean Reward: -4.989. Std of Reward: 2.258. Training.
[INFO] CarDriver. Step: 390000. Time Elapsed: 610.781 s. Mean Reward: -4.015. Std of Reward: 2.696. Training.
[INFO] CarDriver. Step: 400000. Time Elapsed: 626.605 s. Mean Reward: -5.497. Std of Reward: 2.619. Training.
[INFO] Exported results\ppo_car_smoke\CarDriver\CarDriver-399918.onnx
[INFO] CarDriver. Step: 410000. Time Elapsed: 639.114 s. Mean Reward: -3.502. Std of Reward: 2.032. Training.
[INFO] CarDriver. Step: 420000. Time Elapsed: 655.105 s. Mean Reward: -4.174. Std of Reward: 1.643. Training.
[INFO] CarDriver. Step: 430000. Time Elapsed: 670.804 s. Mean Reward: -5.012. Std of Reward: 2.479. Training.
[INFO] CarDriver. Step: 440000. Time Elapsed: 693.290 s. Mean Reward: -4.725. Std of Reward: 2.598. Training.
[INFO] CarDriver. Step: 450000. Time Elapsed: 706.361 s. Mean Reward: -4.764. Std of Reward: 1.861. Training.
[INFO] CarDriver. Step: 460000. Time Elapsed: 731.556 s. Mean Reward: -4.222. Std of Reward: 1.848. Training.
[INFO] CarDriver. Step: 470000. Time Elapsed: 754.042 s. Mean Reward: -3.859. Std of Reward: 2.432. Training.
[INFO] CarDriver. Step: 480000. Time Elapsed: 783.928 s. Mean Reward: -4.182. Std of Reward: 1.970. Training.
[INFO] CarDriver. Step: 490000. Time Elapsed: 797.653 s. Mean Reward: -4.403. Std of Reward: 2.035. Training.
[INFO] CarDriver. Step: 500000. Time Elapsed: 814.856 s. Mean Reward: -4.475. Std of Reward: 2.122. Training.
[INFO] Exported results\ppo_car_smoke\CarDriver\CarDriver-499965.onnx
[INFO] Exported results\ppo_car_smoke\CarDriver\CarDriver-500093.onnx
[INFO] Copied results\ppo_car_smoke\CarDriver\CarDriver-500093.onnx to results\ppo_car_smoke\CarDriver.onnx.
