[INFO] Listening on port 5004. Start training by pressing the Play button in the Unity Editor.
[INFO] Connected to Unity environment with package version 4.0.3 and communication version 1.5.0
[INFO] Connected new brain: CarDriver?team=0

            ┐  ╖
        ╓╖╬│╡  ││╬╖╖
    ╓╖╬│││││┘  ╬│││││╬╖
 ╖╬│││││╬╜        ╙╬│││││╖╖                               ╗╗╗
 ╬╬╬╬╖││╦╖        ╖╬││╗╣╣╣╬      ╟╣╣╬    ╟╣╣╣             ╜╜╜  ╟╣╣
 ╬╬╬╬╬╬╬╬╖│╬╖╖╓╬╪│╓╣╣╣╣╣╣╣╬      ╟╣╣╬    ╟╣╣╣ ╒╣╣╖╗╣╣╣╗   ╣╣╣ ╣╣╣╣╣╣ ╟╣╣╖   ╣╣╣
 ╬╬╬╬┐  ╙╬╬╬╬│╓╣╣╣╝╜  ╫╣╣╣╬      ╟╣╣╬    ╟╣╣╣ ╟╣╣╣╙ ╙╣╣╣  ╣╣╣ ╙╟╣╣╜╙  ╫╣╣  ╟╣╣
 ╬╬╬╬┐     ╙╬╬╣╣      ╫╣╣╣╬      ╟╣╣╬    ╟╣╣╣ ╟╣╣╬   ╣╣╣  ╣╣╣  ╟╣╣     ╣╣╣┌╣╣╜
 ╬╬╬╜       ╬╬╣╣      ╙╝╣╣╬      ╙╣╣╣╗╖╓╗╣╣╣╜ ╟╣╣╬   ╣╣╣  ╣╣╣  ╟╣╣╦╓    ╣╣╣╣╣
 ╙   ╓╦╖    ╬╬╣╣   ╓╗╗╖            ╙╝╣╣╣╣╝╜   ╘╝╝╜   ╝╝╝  ╝╝╝   ╙╣╣╣    ╟╣╣╣
   ╩╬╬╬╬╬╬╦╦╬╬╣╣╗╣╣╣╣╣╣╣╝                                             ╫╣╣╣╣
      ╙╬╬╬╬╬╬╬╣╣╣╣╣╣╝╜
          ╙╬╬╬╣╣╣╜
             ╙
        
 Version information:
  ml-agents: 1.1.0,
  ml-agents-envs: 1.1.0,
  Communicator API: 1.5.0,
  PyTorch: 2.6.0+cu124
[INFO] Hyperparameters for behavior name CarDriver: 
	trainer_type:	ppo
	hyperparameters:	
	  batch_size:	2048
	  buffer_size:	20480
	  learning_rate:	0.0003
	  beta:	0.005
	  epsilon:	0.2
	  lambd:	0.95
	  num_epoch:	3
	  shared_critic:	False
	  learning_rate_schedule:	linear
	  beta_schedule:	linear
	  epsilon_schedule:	linear
	checkpoint_interval:	100000
	network_settings:	
	  normalize:	True
	  hidden_units:	256
	  num_layers:	2
	  vis_encode_type:	simple
	  memory:	None
	  goal_conditioning_type:	hyper
	  deterministic:	False
	reward_signals:	
	  extrinsic:	
	    gamma:	0.99
	    strength:	1.0
	    network_settings:	
	      normalize:	False
	      hidden_units:	128
	      num_layers:	2
	      vis_encode_type:	simple
	      memory:	None
	      goal_conditioning_type:	hyper
	      deterministic:	False
	init_path:	None
	keep_checkpoints:	5
	even_checkpoints:	False
	max_steps:	5000000
	time_horizon:	128
	summary_freq:	10000
	threaded:	False
	self_play:	None
	behavioral_cloning:	
	  demo_path:	unity/SelfDrivingSim/Assets/Demonstrations/heuristictrain34.demo
	  steps:	500000
	  strength:	0.5
	  samples_per_update:	2048
	  num_epoch:	None
	  batch_size:	None
[INFO] CarDriver. Step: 10000. Time Elapsed: 56.603 s. Mean Reward: -5.340. Std of Reward: 1.409. Training.
[INFO] CarDriver. Step: 20000. Time Elapsed: 68.360 s. Mean Reward: -4.481. Std of Reward: 1.997. Training.
[INFO] CarDriver. Step: 30000. Time Elapsed: 85.539 s. Mean Reward: -4.629. Std of Reward: 2.416. Training.
[INFO] CarDriver. Step: 40000. Time Elapsed: 97.474 s. Mean Reward: -4.705. Std of Reward: 1.606. Training.
[INFO] CarDriver. Step: 50000. Time Elapsed: 113.500 s. Mean Reward: -4.807. Std of Reward: 2.390. Training.
[INFO] CarDriver. Step: 60000. Time Elapsed: 126.493 s. Mean Reward: -4.513. Std of Reward: 2.010. Training.
[INFO] CarDriver. Step: 70000. Time Elapsed: 144.570 s. Mean Reward: -4.512. Std of Reward: 2.355. Training.
[INFO] CarDriver. Step: 80000. Time Elapsed: 157.233 s. Mean Reward: -4.342. Std of Reward: 2.319. Training.
[INFO] CarDriver. Step: 90000. Time Elapsed: 173.768 s. Mean Reward: -4.633. Std of Reward: 2.254. Training.
[INFO] CarDriver. Step: 100000. Time Elapsed: 185.660 s. Mean Reward: -5.115. Std of Reward: 2.522. Training.
[INFO] Exported results\ppo_car_009_bc_s13\CarDriver\CarDriver-99881.onnx
[INFO] CarDriver. Step: 110000. Time Elapsed: 202.532 s. Mean Reward: -4.965. Std of Reward: 2.273. Training.
[INFO] CarDriver. Step: 120000. Time Elapsed: 215.053 s. Mean Reward: -4.615. Std of Reward: 3.045. Training.
[INFO] CarDriver. Step: 130000. Time Elapsed: 232.352 s. Mean Reward: -5.362. Std of Reward: 2.502. Training.
[INFO] CarDriver. Step: 140000. Time Elapsed: 245.414 s. Mean Reward: -4.687. Std of Reward: 1.760. Training.
[INFO] CarDriver. Step: 150000. Time Elapsed: 262.303 s. Mean Reward: -4.682. Std of Reward: 2.280. Training.
[INFO] CarDriver. Step: 160000. Time Elapsed: 274.252 s. Mean Reward: -4.500. Std of Reward: 1.597. Training.
[INFO] CarDriver. Step: 170000. Time Elapsed: 291.973 s. Mean Reward: -4.925. Std of Reward: 2.914. Training.
[INFO] CarDriver. Step: 180000. Time Elapsed: 303.963 s. Mean Reward: -5.035. Std of Reward: 0.534. Training.
[INFO] CarDriver. Step: 190000. Time Elapsed: 321.014 s. Mean Reward: -5.003. Std of Reward: 1.860. Training.
[INFO] CarDriver. Step: 200000. Time Elapsed: 332.898 s. Mean Reward: -4.103. Std of Reward: 2.580. Training.
[INFO] Exported results\ppo_car_009_bc_s13\CarDriver\CarDriver-199941.onnx
[INFO] CarDriver. Step: 210000. Time Elapsed: 348.740 s. Mean Reward: -5.516. Std of Reward: 2.273. Training.
[INFO] CarDriver. Step: 220000. Time Elapsed: 361.130 s. Mean Reward: -4.384. Std of Reward: 2.616. Training.
[INFO] CarDriver. Step: 230000. Time Elapsed: 377.373 s. Mean Reward: -3.914. Std of Reward: 2.214. Training.
[INFO] CarDriver. Step: 240000. Time Elapsed: 389.546 s. Mean Reward: -3.881. Std of Reward: 2.155. Training.
[INFO] CarDriver. Step: 250000. Time Elapsed: 406.647 s. Mean Reward: -4.281. Std of Reward: 1.972. Training.
[INFO] CarDriver. Step: 260000. Time Elapsed: 418.198 s. Mean Reward: -5.586. Std of Reward: 2.320. Training.
[INFO] CarDriver. Step: 270000. Time Elapsed: 434.812 s. Mean Reward: -4.320. Std of Reward: 2.101. Training.
[INFO] CarDriver. Step: 280000. Time Elapsed: 447.660 s. Mean Reward: -4.628. Std of Reward: 2.770. Training.
[INFO] CarDriver. Step: 290000. Time Elapsed: 464.102 s. Mean Reward: -5.197. Std of Reward: 2.884. Training.
[INFO] CarDriver. Step: 300000. Time Elapsed: 475.609 s. Mean Reward: -4.094. Std of Reward: 2.062. Training.
[INFO] Exported results\ppo_car_009_bc_s13\CarDriver\CarDriver-299881.onnx
[INFO] CarDriver. Step: 310000. Time Elapsed: 492.201 s. Mean Reward: -4.957. Std of Reward: 2.311. Training.
[INFO] CarDriver. Step: 320000. Time Elapsed: 504.517 s. Mean Reward: -4.474. Std of Reward: 1.673. Training.
[INFO] CarDriver. Step: 330000. Time Elapsed: 520.887 s. Mean Reward: -4.894. Std of Reward: 2.521. Training.
[INFO] CarDriver. Step: 340000. Time Elapsed: 532.676 s. Mean Reward: -3.770. Std of Reward: 1.756. Training.
[INFO] CarDriver. Step: 350000. Time Elapsed: 548.595 s. Mean Reward: -3.695. Std of Reward: 2.318. Training.
[INFO] CarDriver. Step: 360000. Time Elapsed: 559.985 s. Mean Reward: -4.395. Std of Reward: 1.966. Training.
[INFO] CarDriver. Step: 370000. Time Elapsed: 571.844 s. Mean Reward: -4.699. Std of Reward: 1.806. Training.
[INFO] CarDriver. Step: 380000. Time Elapsed: 587.739 s. Mean Reward: -4.421. Std of Reward: 1.881. Training.
[INFO] CarDriver. Step: 390000. Time Elapsed: 599.306 s. Mean Reward: -4.862. Std of Reward: 2.493. Training.
[INFO] CarDriver. Step: 400000. Time Elapsed: 616.281 s. Mean Reward: -4.266. Std of Reward: 2.401. Training.
[INFO] Exported results\ppo_car_009_bc_s13\CarDriver\CarDriver-399950.onnx
[INFO] CarDriver. Step: 410000. Time Elapsed: 627.694 s. Mean Reward: -3.494. Std of Reward: 2.234. Training.
[INFO] CarDriver. Step: 420000. Time Elapsed: 644.088 s. Mean Reward: -5.046. Std of Reward: 1.683. Training.
[INFO] CarDriver. Step: 430000. Time Elapsed: 655.792 s. Mean Reward: -4.633. Std of Reward: 2.139. Training.
[INFO] CarDriver. Step: 440000. Time Elapsed: 672.484 s. Mean Reward: -4.609. Std of Reward: 2.851. Training.
[INFO] CarDriver. Step: 450000. Time Elapsed: 684.000 s. Mean Reward: -4.374. Std of Reward: 2.382. Training.
[INFO] CarDriver. Step: 460000. Time Elapsed: 700.687 s. Mean Reward: -4.840. Std of Reward: 1.579. Training.
[INFO] CarDriver. Step: 470000. Time Elapsed: 712.606 s. Mean Reward: -4.632. Std of Reward: 2.530. Training.
[INFO] CarDriver. Step: 480000. Time Elapsed: 728.452 s. Mean Reward: -4.714. Std of Reward: 1.982. Training.
[INFO] CarDriver. Step: 490000. Time Elapsed: 740.849 s. Mean Reward: -4.479. Std of Reward: 2.624. Training.
[INFO] CarDriver. Step: 500000. Time Elapsed: 757.005 s. Mean Reward: -4.430. Std of Reward: 1.518. Training.
[INFO] Exported results\ppo_car_009_bc_s13\CarDriver\CarDriver-499892.onnx
[INFO] CarDriver. Step: 510000. Time Elapsed: 768.990 s. Mean Reward: -4.164. Std of Reward: 1.919. Training.
[INFO] CarDriver. Step: 520000. Time Elapsed: 785.593 s. Mean Reward: -4.400. Std of Reward: 2.331. Training.
[INFO] CarDriver. Step: 530000. Time Elapsed: 797.388 s. Mean Reward: -4.905. Std of Reward: 2.012. Training.
[INFO] CarDriver. Step: 540000. Time Elapsed: 814.909 s. Mean Reward: -5.232. Std of Reward: 2.679. Training.
[INFO] CarDriver. Step: 550000. Time Elapsed: 827.394 s. Mean Reward: -4.320. Std of Reward: 0.476. Training.
[INFO] CarDriver. Step: 560000. Time Elapsed: 842.713 s. Mean Reward: -4.222. Std of Reward: 2.340. Training.
[INFO] CarDriver. Step: 570000. Time Elapsed: 855.101 s. Mean Reward: -4.556. Std of Reward: 1.287. Training.
[INFO] CarDriver. Step: 580000. Time Elapsed: 868.948 s. Mean Reward: -3.901. Std of Reward: 2.165. Training.
[INFO] CarDriver. Step: 590000. Time Elapsed: 879.143 s. Mean Reward: -4.984. Std of Reward: 2.259. Training.
[INFO] CarDriver. Step: 600000. Time Elapsed: 892.703 s. Mean Reward: -3.736. Std of Reward: 1.860. Training.
[INFO] Exported results\ppo_car_009_bc_s13\CarDriver\CarDriver-599991.onnx
[INFO] CarDriver. Step: 610000. Time Elapsed: 903.059 s. Mean Reward: -4.272. Std of Reward: 2.158. Training.
[INFO] CarDriver. Step: 620000. Time Elapsed: 916.988 s. Mean Reward: -4.626. Std of Reward: 1.684. Training.
[INFO] CarDriver. Step: 630000. Time Elapsed: 927.039 s. Mean Reward: -4.542. Std of Reward: 1.588. Training.
[INFO] CarDriver. Step: 640000. Time Elapsed: 939.044 s. Mean Reward: -4.552. Std of Reward: 2.607. Training.
[INFO] CarDriver. Step: 650000. Time Elapsed: 948.177 s. Mean Reward: -3.653. Std of Reward: 1.973. Training.
[INFO] CarDriver. Step: 660000. Time Elapsed: 959.450 s. Mean Reward: -4.405. Std of Reward: 1.304. Training.
[INFO] CarDriver. Step: 670000. Time Elapsed: 968.027 s. Mean Reward: -3.848. Std of Reward: 2.041. Training.
[INFO] CarDriver. Step: 680000. Time Elapsed: 979.612 s. Mean Reward: -3.593. Std of Reward: 1.740. Training.
[INFO] CarDriver. Step: 690000. Time Elapsed: 988.841 s. Mean Reward: -4.869. Std of Reward: 1.562. Training.
[INFO] CarDriver. Step: 700000. Time Elapsed: 1000.623 s. Mean Reward: -5.065. Std of Reward: 2.429. Training.
[INFO] Exported results\ppo_car_009_bc_s13\CarDriver\CarDriver-699917.onnx
[INFO] CarDriver. Step: 710000. Time Elapsed: 1009.262 s. Mean Reward: -4.257. Std of Reward: 1.486. Training.
[INFO] CarDriver. Step: 720000. Time Elapsed: 1021.134 s. Mean Reward: -4.170. Std of Reward: 2.379. Training.
[INFO] CarDriver. Step: 730000. Time Elapsed: 1030.120 s. Mean Reward: -3.801. Std of Reward: 2.153. Training.
[INFO] CarDriver. Step: 740000. Time Elapsed: 1039.776 s. Mean Reward: -4.964. Std of Reward: 2.477. Training.
[INFO] CarDriver. Step: 750000. Time Elapsed: 1054.762 s. Mean Reward: -4.042. Std of Reward: 2.054. Training.
[INFO] CarDriver. Step: 760000. Time Elapsed: 1065.300 s. Mean Reward: -4.644. Std of Reward: 2.702. Training.
[INFO] CarDriver. Step: 770000. Time Elapsed: 1080.020 s. Mean Reward: -4.087. Std of Reward: 2.432. Training.
[INFO] CarDriver. Step: 780000. Time Elapsed: 1091.196 s. Mean Reward: -4.554. Std of Reward: 2.732. Training.
[INFO] CarDriver. Step: 790000. Time Elapsed: 1105.278 s. Mean Reward: -4.583. Std of Reward: 2.068. Training.
[INFO] CarDriver. Step: 800000. Time Elapsed: 1116.216 s. Mean Reward: -4.463. Std of Reward: 2.082. Training.
[INFO] Exported results\ppo_car_009_bc_s13\CarDriver\CarDriver-799969.onnx
[INFO] CarDriver. Step: 810000. Time Elapsed: 1130.915 s. Mean Reward: -4.211. Std of Reward: 2.614. Training.
[INFO] CarDriver. Step: 820000. Time Elapsed: 1141.589 s. Mean Reward: -4.237. Std of Reward: 1.191. Training.
[INFO] CarDriver. Step: 830000. Time Elapsed: 1155.770 s. Mean Reward: -3.919. Std of Reward: 2.430. Training.
[INFO] CarDriver. Step: 840000. Time Elapsed: 1166.645 s. Mean Reward: -3.609. Std of Reward: 1.791. Training.
[INFO] CarDriver. Step: 850000. Time Elapsed: 1180.972 s. Mean Reward: -4.818. Std of Reward: 2.066. Training.
[INFO] CarDriver. Step: 860000. Time Elapsed: 1192.660 s. Mean Reward: -4.678. Std of Reward: 2.468. Training.
[INFO] CarDriver. Step: 870000. Time Elapsed: 1206.208 s. Mean Reward: -3.784. Std of Reward: 2.812. Training.
[INFO] CarDriver. Step: 880000. Time Elapsed: 1217.886 s. Mean Reward: -3.865. Std of Reward: 1.948. Training.
[INFO] CarDriver. Step: 890000. Time Elapsed: 1232.070 s. Mean Reward: -4.674. Std of Reward: 1.733. Training.
[INFO] CarDriver. Step: 900000. Time Elapsed: 1243.309 s. Mean Reward: -3.932. Std of Reward: 2.102. Training.
[INFO] Exported results\ppo_car_009_bc_s13\CarDriver\CarDriver-899935.onnx
[INFO] CarDriver. Step: 910000. Time Elapsed: 1257.307 s. Mean Reward: -4.663. Std of Reward: 1.583. Training.
[INFO] CarDriver. Step: 920000. Time Elapsed: 1268.528 s. Mean Reward: -3.960. Std of Reward: 2.046. Training.
[INFO] CarDriver. Step: 930000. Time Elapsed: 1283.408 s. Mean Reward: -4.068. Std of Reward: 2.905. Training.
[INFO] CarDriver. Step: 940000. Time Elapsed: 1294.595 s. Mean Reward: -4.499. Std of Reward: 2.081. Training.
[INFO] CarDriver. Step: 950000. Time Elapsed: 1309.144 s. Mean Reward: -3.910. Std of Reward: 2.255. Training.
[INFO] CarDriver. Step: 960000. Time Elapsed: 1320.276 s. Mean Reward: -4.229. Std of Reward: 2.747. Training.
[INFO] CarDriver. Step: 970000. Time Elapsed: 1334.194 s. Mean Reward: -4.149. Std of Reward: 1.630. Training.
[INFO] CarDriver. Step: 980000. Time Elapsed: 1345.179 s. Mean Reward: -3.608. Std of Reward: 2.125. Training.
[INFO] CarDriver. Step: 990000. Time Elapsed: 1359.593 s. Mean Reward: -3.753. Std of Reward: 2.909. Training.
[INFO] CarDriver. Step: 1000000. Time Elapsed: 1370.948 s. Mean Reward: -3.490. Std of Reward: 2.212. Training.
[INFO] Exported results\ppo_car_009_bc_s13\CarDriver\CarDriver-999892.onnx
[INFO] CarDriver. Step: 1010000. Time Elapsed: 1385.060 s. Mean Reward: -4.487. Std of Reward: 2.460. Training.
[INFO] CarDriver. Step: 1020000. Time Elapsed: 1396.054 s. Mean Reward: -3.962. Std of Reward: 2.293. Training.
[INFO] CarDriver. Step: 1030000. Time Elapsed: 1410.063 s. Mean Reward: -4.153. Std of Reward: 3.187. Training.
[INFO] CarDriver. Step: 1040000. Time Elapsed: 1420.908 s. Mean Reward: -4.337. Std of Reward: 1.874. Training.
[INFO] CarDriver. Step: 1050000. Time Elapsed: 1435.634 s. Mean Reward: -4.272. Std of Reward: 2.354. Training.
[INFO] CarDriver. Step: 1060000. Time Elapsed: 1445.018 s. Mean Reward: -3.776. Std of Reward: 2.470. Training.
[INFO] CarDriver. Step: 1070000. Time Elapsed: 1456.234 s. Mean Reward: -4.294. Std of Reward: 0.540. Training.
[INFO] CarDriver. Step: 1080000. Time Elapsed: 1465.893 s. Mean Reward: -3.555. Std of Reward: 2.408. Training.
[INFO] CarDriver. Step: 1090000. Time Elapsed: 1477.616 s. Mean Reward: -3.898. Std of Reward: 2.198. Training.
[INFO] CarDriver. Step: 1100000. Time Elapsed: 1486.904 s. Mean Reward: -3.810. Std of Reward: 3.309. Training.
[INFO] Exported results\ppo_car_009_bc_s13\CarDriver\CarDriver-1099947.onnx
[INFO] CarDriver. Step: 1110000. Time Elapsed: 1496.330 s. Mean Reward: -3.948. Std of Reward: 2.465. Training.
[INFO] CarDriver. Step: 1120000. Time Elapsed: 1507.623 s. Mean Reward: -4.519. Std of Reward: 1.392. Training.
[INFO] CarDriver. Step: 1130000. Time Elapsed: 1516.637 s. Mean Reward: -4.837. Std of Reward: 3.933. Training.
[INFO] CarDriver. Step: 1140000. Time Elapsed: 1528.749 s. Mean Reward: -3.728. Std of Reward: 2.598. Training.
[INFO] CarDriver. Step: 1150000. Time Elapsed: 1538.058 s. Mean Reward: -4.664. Std of Reward: 3.879. Training.
[INFO] CarDriver. Step: 1160000. Time Elapsed: 1549.553 s. Mean Reward: -3.396. Std of Reward: 4.100. Training.
[INFO] CarDriver. Step: 1170000. Time Elapsed: 1558.814 s. Mean Reward: -3.727. Std of Reward: 3.505. Training.
[INFO] CarDriver. Step: 1180000. Time Elapsed: 1570.639 s. Mean Reward: -2.850. Std of Reward: 2.857. Training.
[INFO] CarDriver. Step: 1190000. Time Elapsed: 1579.956 s. Mean Reward: -3.899. Std of Reward: 2.672. Training.
[INFO] CarDriver. Step: 1200000. Time Elapsed: 1591.376 s. Mean Reward: -4.086. Std of Reward: 1.644. Training.
[INFO] Exported results\ppo_car_009_bc_s13\CarDriver\CarDriver-1199973.onnx
[INFO] CarDriver. Step: 1210000. Time Elapsed: 1600.252 s. Mean Reward: -3.131. Std of Reward: 3.576. Training.
[INFO] CarDriver. Step: 1220000. Time Elapsed: 1611.903 s. Mean Reward: -4.251. Std of Reward: 2.021. Training.
[INFO] CarDriver. Step: 1230000. Time Elapsed: 1621.240 s. Mean Reward: -3.955. Std of Reward: 2.621. Training.
[INFO] CarDriver. Step: 1240000. Time Elapsed: 1632.892 s. Mean Reward: -3.396. Std of Reward: 4.768. Training.
[INFO] CarDriver. Step: 1250000. Time Elapsed: 1642.208 s. Mean Reward: -2.730. Std of Reward: 3.249. Training.
[INFO] CarDriver. Step: 1260000. Time Elapsed: 1653.606 s. Mean Reward: -3.556. Std of Reward: 3.408. Training.
[INFO] CarDriver. Step: 1270000. Time Elapsed: 1663.030 s. Mean Reward: -2.908. Std of Reward: 4.227. Training.
[INFO] CarDriver. Step: 1280000. Time Elapsed: 1674.215 s. Mean Reward: -4.160. Std of Reward: 2.716. Training.
[INFO] CarDriver. Step: 1290000. Time Elapsed: 1683.631 s. Mean Reward: -2.735. Std of Reward: 3.896. Training.
[INFO] CarDriver. Step: 1300000. Time Elapsed: 1695.745 s. Mean Reward: -3.073. Std of Reward: 2.973. Training.
[INFO] Exported results\ppo_car_009_bc_s13\CarDriver\CarDriver-1299916.onnx
[INFO] CarDriver. Step: 1310000. Time Elapsed: 1704.504 s. Mean Reward: -3.821. Std of Reward: 2.200. Training.
[INFO] CarDriver. Step: 1320000. Time Elapsed: 1716.028 s. Mean Reward: -2.833. Std of Reward: 7.260. Training.
[INFO] CarDriver. Step: 1330000. Time Elapsed: 1724.855 s. Mean Reward: -2.996. Std of Reward: 5.860. Training.
[INFO] CarDriver. Step: 1340000. Time Elapsed: 1736.642 s. Mean Reward: -3.557. Std of Reward: 3.490. Training.
[INFO] CarDriver. Step: 1350000. Time Elapsed: 1746.184 s. Mean Reward: -4.058. Std of Reward: 2.883. Training.
[INFO] CarDriver. Step: 1360000. Time Elapsed: 1757.306 s. Mean Reward: -2.853. Std of Reward: 4.770. Training.
[INFO] CarDriver. Step: 1370000. Time Elapsed: 1767.008 s. Mean Reward: -2.780. Std of Reward: 8.273. Training.
[INFO] CarDriver. Step: 1380000. Time Elapsed: 1778.413 s. Mean Reward: -3.884. Std of Reward: 4.116. Training.
[INFO] CarDriver. Step: 1390000. Time Elapsed: 1787.641 s. Mean Reward: -3.485. Std of Reward: 2.206. Training.
[INFO] CarDriver. Step: 1400000. Time Elapsed: 1799.340 s. Mean Reward: -0.885. Std of Reward: 10.635. Training.
[INFO] Exported results\ppo_car_009_bc_s13\CarDriver\CarDriver-1399893.onnx
[INFO] CarDriver. Step: 1410000. Time Elapsed: 1808.865 s. Mean Reward: -2.951. Std of Reward: 3.681. Training.
[INFO] CarDriver. Step: 1420000. Time Elapsed: 1820.145 s. Mean Reward: -3.625. Std of Reward: 5.873. Training.
[INFO] CarDriver. Step: 1430000. Time Elapsed: 1829.478 s. Mean Reward: -3.044. Std of Reward: 4.813. Training.
[INFO] CarDriver. Step: 1440000. Time Elapsed: 1841.366 s. Mean Reward: -3.415. Std of Reward: 3.539. Training.
[INFO] CarDriver. Step: 1450000. Time Elapsed: 1850.628 s. Mean Reward: -3.241. Std of Reward: 4.193. Training.
[INFO] CarDriver. Step: 1460000. Time Elapsed: 1862.167 s. Mean Reward: -2.240. Std of Reward: 6.675. Training.
[INFO] CarDriver. Step: 1470000. Time Elapsed: 1871.527 s. Mean Reward: -2.983. Std of Reward: 4.569. Training.
[INFO] CarDriver. Step: 1480000. Time Elapsed: 1880.805 s. Mean Reward: -1.839. Std of Reward: 4.737. Training.
[INFO] CarDriver. Step: 1490000. Time Elapsed: 1892.316 s. Mean Reward: -3.032. Std of Reward: 3.517. Training.
[INFO] CarDriver. Step: 1500000. Time Elapsed: 1901.438 s. Mean Reward: -3.081. Std of Reward: 3.800. Training.
[INFO] Exported results\ppo_car_009_bc_s13\CarDriver\CarDriver-1499914.onnx
[INFO] CarDriver. Step: 1510000. Time Elapsed: 1913.172 s. Mean Reward: -2.593. Std of Reward: 5.727. Training.
[INFO] CarDriver. Step: 1520000. Time Elapsed: 1922.608 s. Mean Reward: -3.375. Std of Reward: 2.840. Training.
[INFO] CarDriver. Step: 1530000. Time Elapsed: 1933.954 s. Mean Reward: -3.681. Std of Reward: 2.201. Training.
[INFO] CarDriver. Step: 1540000. Time Elapsed: 1943.334 s. Mean Reward: -3.939. Std of Reward: 2.455. Training.
[INFO] CarDriver. Step: 1550000. Time Elapsed: 1954.758 s. Mean Reward: -3.684. Std of Reward: 2.985. Training.
[INFO] CarDriver. Step: 1560000. Time Elapsed: 1963.855 s. Mean Reward: -3.920. Std of Reward: 2.376. Training.
[INFO] CarDriver. Step: 1570000. Time Elapsed: 1976.493 s. Mean Reward: -3.348. Std of Reward: 6.577. Training.
[INFO] CarDriver. Step: 1580000. Time Elapsed: 1985.389 s. Mean Reward: -1.770. Std of Reward: 6.566. Training.
[INFO] CarDriver. Step: 1590000. Time Elapsed: 1996.596 s. Mean Reward: -2.713. Std of Reward: 4.586. Training.
[INFO] CarDriver. Step: 1600000. Time Elapsed: 2005.709 s. Mean Reward: -4.051. Std of Reward: 1.468. Training.
[INFO] Exported results\ppo_car_009_bc_s13\CarDriver\CarDriver-1599995.onnx
[INFO] CarDriver. Step: 1610000. Time Elapsed: 2017.208 s. Mean Reward: -1.419. Std of Reward: 7.135. Training.
[INFO] CarDriver. Step: 1620000. Time Elapsed: 2026.611 s. Mean Reward: -3.951. Std of Reward: 2.386. Training.
[INFO] CarDriver. Step: 1630000. Time Elapsed: 2038.023 s. Mean Reward: -2.618. Std of Reward: 3.637. Training.
[INFO] CarDriver. Step: 1640000. Time Elapsed: 2047.297 s. Mean Reward: -3.344. Std of Reward: 5.559. Training.
[INFO] CarDriver. Step: 1650000. Time Elapsed: 2059.380 s. Mean Reward: -2.792. Std of Reward: 3.325. Training.
[INFO] CarDriver. Step: 1660000. Time Elapsed: 2068.511 s. Mean Reward: 0.375. Std of Reward: 10.083. Training.
[INFO] CarDriver. Step: 1670000. Time Elapsed: 2080.057 s. Mean Reward: -3.085. Std of Reward: 3.986. Training.
[INFO] CarDriver. Step: 1680000. Time Elapsed: 2089.575 s. Mean Reward: -2.757. Std of Reward: 6.509. Training.
[INFO] CarDriver. Step: 1690000. Time Elapsed: 2101.100 s. Mean Reward: -3.888. Std of Reward: 5.259. Training.
[INFO] CarDriver. Step: 1700000. Time Elapsed: 2110.893 s. Mean Reward: -2.415. Std of Reward: 4.464. Training.
[INFO] Exported results\ppo_car_009_bc_s13\CarDriver\CarDriver-1699999.onnx
[INFO] CarDriver. Step: 1710000. Time Elapsed: 2122.479 s. Mean Reward: -3.313. Std of Reward: 4.089. Training.
[INFO] CarDriver. Step: 1720000. Time Elapsed: 2131.200 s. Mean Reward: -4.149. Std of Reward: 1.471. Training.
[INFO] CarDriver. Step: 1730000. Time Elapsed: 2142.869 s. Mean Reward: 0.568. Std of Reward: 15.890. Training.
[INFO] CarDriver. Step: 1740000. Time Elapsed: 2151.755 s. Mean Reward: -1.973. Std of Reward: 6.752. Training.
[INFO] CarDriver. Step: 1750000. Time Elapsed: 2163.503 s. Mean Reward: -3.291. Std of Reward: 5.841. Training.
[INFO] CarDriver. Step: 1760000. Time Elapsed: 2172.583 s. Mean Reward: -4.856. Std of Reward: 1.074. Training.
[INFO] CarDriver. Step: 1770000. Time Elapsed: 2184.536 s. Mean Reward: -1.937. Std of Reward: 9.226. Training.
[INFO] CarDriver. Step: 1780000. Time Elapsed: 2193.366 s. Mean Reward: -3.145. Std of Reward: 5.046. Training.
[INFO] CarDriver. Step: 1790000. Time Elapsed: 2205.198 s. Mean Reward: -2.375. Std of Reward: 5.750. Training.
[INFO] CarDriver. Step: 1800000. Time Elapsed: 2214.391 s. Mean Reward: -2.289. Std of Reward: 5.184. Training.
[INFO] Exported results\ppo_car_009_bc_s13\CarDriver\CarDriver-1799948.onnx
[INFO] CarDriver. Step: 1810000. Time Elapsed: 2226.137 s. Mean Reward: -3.288. Std of Reward: 4.359. Training.
[INFO] CarDriver. Step: 1820000. Time Elapsed: 2235.878 s. Mean Reward: -2.975. Std of Reward: 7.134. Training.
[INFO] CarDriver. Step: 1830000. Time Elapsed: 2247.027 s. Mean Reward: -2.239. Std of Reward: 7.546. Training.
[INFO] CarDriver. Step: 1840000. Time Elapsed: 2256.323 s. Mean Reward: -2.453. Std of Reward: 5.913. Training.
[INFO] CarDriver. Step: 1850000. Time Elapsed: 2265.160 s. Mean Reward: -2.875. Std of Reward: 5.772. Training.
[INFO] CarDriver. Step: 1860000. Time Elapsed: 2277.063 s. Mean Reward: -2.177. Std of Reward: 6.543. Training.
[INFO] CarDriver. Step: 1870000. Time Elapsed: 2286.667 s. Mean Reward: -2.135. Std of Reward: 8.998. Training.
[INFO] CarDriver. Step: 1880000. Time Elapsed: 2298.050 s. Mean Reward: 0.038. Std of Reward: 16.223. Training.
[INFO] CarDriver. Step: 1890000. Time Elapsed: 2307.263 s. Mean Reward: -3.556. Std of Reward: 2.359. Training.
[INFO] CarDriver. Step: 1900000. Time Elapsed: 2318.627 s. Mean Reward: 5.739. Std of Reward: 24.286. Training.
[INFO] Exported results\ppo_car_009_bc_s13\CarDriver\CarDriver-1899945.onnx
[INFO] CarDriver. Step: 1910000. Time Elapsed: 2328.099 s. Mean Reward: -2.748. Std of Reward: 7.059. Training.
[INFO] CarDriver. Step: 1920000. Time Elapsed: 2339.782 s. Mean Reward: -0.938. Std of Reward: 7.910. Training.
[INFO] CarDriver. Step: 1930000. Time Elapsed: 2348.757 s. Mean Reward: -1.430. Std of Reward: 6.630. Training.
[INFO] CarDriver. Step: 1940000. Time Elapsed: 2360.362 s. Mean Reward: -2.889. Std of Reward: 5.299. Training.
[INFO] CarDriver. Step: 1950000. Time Elapsed: 2369.811 s. Mean Reward: -1.407. Std of Reward: 8.366. Training.
[INFO] CarDriver. Step: 1960000. Time Elapsed: 2381.714 s. Mean Reward: -1.656. Std of Reward: 8.589. Training.
[INFO] CarDriver. Step: 1970000. Time Elapsed: 2391.219 s. Mean Reward: -0.219. Std of Reward: 13.645. Training.
[INFO] CarDriver. Step: 1980000. Time Elapsed: 2402.939 s. Mean Reward: -2.482. Std of Reward: 6.936. Training.
[INFO] CarDriver. Step: 1990000. Time Elapsed: 2412.085 s. Mean Reward: -1.503. Std of Reward: 6.604. Training.
[INFO] CarDriver. Step: 2000000. Time Elapsed: 2423.554 s. Mean Reward: -1.477. Std of Reward: 10.557. Training.
[INFO] Exported results\ppo_car_009_bc_s13\CarDriver\CarDriver-1999954.onnx
[INFO] CarDriver. Step: 2010000. Time Elapsed: 2433.365 s. Mean Reward: -2.875. Std of Reward: 3.548. Training.
[INFO] CarDriver. Step: 2020000. Time Elapsed: 2445.141 s. Mean Reward: -0.732. Std of Reward: 11.011. Training.
[INFO] CarDriver. Step: 2030000. Time Elapsed: 2454.244 s. Mean Reward: -0.528. Std of Reward: 13.786. Training.
[INFO] CarDriver. Step: 2040000. Time Elapsed: 2465.808 s. Mean Reward: -0.569. Std of Reward: 11.733. Training.
[INFO] CarDriver. Step: 2050000. Time Elapsed: 2474.766 s. Mean Reward: -1.982. Std of Reward: 7.593. Training.
[INFO] CarDriver. Step: 2060000. Time Elapsed: 2486.737 s. Mean Reward: -2.184. Std of Reward: 6.311. Training.
[INFO] CarDriver. Step: 2070000. Time Elapsed: 2496.428 s. Mean Reward: -2.608. Std of Reward: 6.453. Training.
[INFO] CarDriver. Step: 2080000. Time Elapsed: 2508.942 s. Mean Reward: -2.259. Std of Reward: 6.346. Training.
[INFO] CarDriver. Step: 2090000. Time Elapsed: 2517.616 s. Mean Reward: -1.534. Std of Reward: 7.050. Training.
[INFO] CarDriver. Step: 2100000. Time Elapsed: 2530.457 s. Mean Reward: -1.735. Std of Reward: 10.201. Training.
[INFO] Exported results\ppo_car_009_bc_s13\CarDriver\CarDriver-2099990.onnx
[INFO] CarDriver. Step: 2110000. Time Elapsed: 2540.764 s. Mean Reward: -1.349. Std of Reward: 5.279. Training.
[INFO] CarDriver. Step: 2120000. Time Elapsed: 2553.283 s. Mean Reward: 0.648. Std of Reward: 10.787. Training.
[INFO] CarDriver. Step: 2130000. Time Elapsed: 2563.248 s. Mean Reward: -2.037. Std of Reward: 5.951. Training.
[INFO] CarDriver. Step: 2140000. Time Elapsed: 2575.650 s. Mean Reward: -3.170. Std of Reward: 5.340. Training.
[INFO] CarDriver. Step: 2150000. Time Elapsed: 2585.168 s. Mean Reward: -1.376. Std of Reward: 11.578. Training.
[INFO] CarDriver. Step: 2160000. Time Elapsed: 2597.238 s. Mean Reward: -0.931. Std of Reward: 10.376. Training.
[INFO] CarDriver. Step: 2170000. Time Elapsed: 2606.967 s. Mean Reward: -0.126. Std of Reward: 13.350. Training.
[INFO] CarDriver. Step: 2180000. Time Elapsed: 2618.477 s. Mean Reward: 3.261. Std of Reward: 17.682. Training.
[INFO] CarDriver. Step: 2190000. Time Elapsed: 2627.750 s. Mean Reward: -1.999. Std of Reward: 7.118. Training.
[INFO] CarDriver. Step: 2200000. Time Elapsed: 2639.530 s. Mean Reward: -2.755. Std of Reward: 6.871. Training.
[INFO] Exported results\ppo_car_009_bc_s13\CarDriver\CarDriver-2199898.onnx
[INFO] CarDriver. Step: 2210000. Time Elapsed: 2648.519 s. Mean Reward: -0.624. Std of Reward: 14.604. Training.
[INFO] CarDriver. Step: 2220000. Time Elapsed: 2658.364 s. Mean Reward: 1.436. Std of Reward: 19.279. Training.
[INFO] CarDriver. Step: 2230000. Time Elapsed: 2669.652 s. Mean Reward: -2.960. Std of Reward: 3.461. Training.
[INFO] CarDriver. Step: 2240000. Time Elapsed: 2678.930 s. Mean Reward: -0.284. Std of Reward: 9.530. Training.
[INFO] CarDriver. Step: 2250000. Time Elapsed: 2690.380 s. Mean Reward: -0.781. Std of Reward: 12.452. Training.
[INFO] CarDriver. Step: 2260000. Time Elapsed: 2699.753 s. Mean Reward: -2.646. Std of Reward: 7.543. Training.
[INFO] CarDriver. Step: 2270000. Time Elapsed: 2711.234 s. Mean Reward: -2.714. Std of Reward: 4.880. Training.
[INFO] CarDriver. Step: 2280000. Time Elapsed: 2720.375 s. Mean Reward: 1.275. Std of Reward: 17.618. Training.
[INFO] CarDriver. Step: 2290000. Time Elapsed: 2731.818 s. Mean Reward: -4.481. Std of Reward: 1.510. Training.
[INFO] CarDriver. Step: 2300000. Time Elapsed: 2741.170 s. Mean Reward: -1.327. Std of Reward: 17.230. Training.
[INFO] Exported results\ppo_car_009_bc_s13\CarDriver\CarDriver-2299986.onnx
[INFO] CarDriver. Step: 2310000. Time Elapsed: 2752.884 s. Mean Reward: 0.282. Std of Reward: 12.861. Training.
[INFO] CarDriver. Step: 2320000. Time Elapsed: 2761.609 s. Mean Reward: -3.413. Std of Reward: 2.177. Training.
[INFO] CarDriver. Step: 2330000. Time Elapsed: 2773.470 s. Mean Reward: -0.043. Std of Reward: 17.472. Training.
[INFO] CarDriver. Step: 2340000. Time Elapsed: 2783.030 s. Mean Reward: -1.799. Std of Reward: 6.269. Training.
[INFO] CarDriver. Step: 2350000. Time Elapsed: 2794.617 s. Mean Reward: -0.838. Std of Reward: 8.613. Training.
[INFO] CarDriver. Step: 2360000. Time Elapsed: 2803.948 s. Mean Reward: -0.455. Std of Reward: 10.502. Training.
[INFO] CarDriver. Step: 2370000. Time Elapsed: 2815.611 s. Mean Reward: -3.968. Std of Reward: 2.289. Training.
[INFO] CarDriver. Step: 2380000. Time Elapsed: 2824.873 s. Mean Reward: 0.709. Std of Reward: 11.365. Training.
[INFO] CarDriver. Step: 2390000. Time Elapsed: 2836.197 s. Mean Reward: -1.350. Std of Reward: 10.992. Training.
[INFO] CarDriver. Step: 2400000. Time Elapsed: 2845.813 s. Mean Reward: -1.940. Std of Reward: 7.481. Training.
[INFO] Exported results\ppo_car_009_bc_s13\CarDriver\CarDriver-2399905.onnx
[INFO] CarDriver. Step: 2410000. Time Elapsed: 2857.227 s. Mean Reward: -0.612. Std of Reward: 8.022. Training.
[INFO] CarDriver. Step: 2420000. Time Elapsed: 2866.748 s. Mean Reward: -1.638. Std of Reward: 7.477. Training.
[INFO] CarDriver. Step: 2430000. Time Elapsed: 2878.093 s. Mean Reward: -3.021. Std of Reward: 2.463. Training.
[INFO] CarDriver. Step: 2440000. Time Elapsed: 2887.278 s. Mean Reward: 1.413. Std of Reward: 17.419. Training.
[INFO] CarDriver. Step: 2450000. Time Elapsed: 2899.163 s. Mean Reward: -2.173. Std of Reward: 7.693. Training.
[INFO] CarDriver. Step: 2460000. Time Elapsed: 2908.460 s. Mean Reward: 2.081. Std of Reward: 15.344. Training.
[INFO] CarDriver. Step: 2470000. Time Elapsed: 2920.936 s. Mean Reward: 0.526. Std of Reward: 9.257. Training.
[INFO] CarDriver. Step: 2480000. Time Elapsed: 2931.208 s. Mean Reward: -3.053. Std of Reward: 5.656. Training.
[INFO] CarDriver. Step: 2490000. Time Elapsed: 2943.522 s. Mean Reward: -0.454. Std of Reward: 9.764. Training.
[INFO] CarDriver. Step: 2500000. Time Elapsed: 2953.095 s. Mean Reward: 0.123. Std of Reward: 15.477. Training.
[INFO] Exported results\ppo_car_009_bc_s13\CarDriver\CarDriver-2499945.onnx
[INFO] CarDriver. Step: 2510000. Time Elapsed: 2965.252 s. Mean Reward: -2.797. Std of Reward: 1.596. Training.
[INFO] CarDriver. Step: 2520000. Time Elapsed: 2974.901 s. Mean Reward: 1.573. Std of Reward: 22.854. Training.
[INFO] CarDriver. Step: 2530000. Time Elapsed: 2987.313 s. Mean Reward: -1.244. Std of Reward: 12.471. Training.
[INFO] CarDriver. Step: 2540000. Time Elapsed: 2997.282 s. Mean Reward: -1.201. Std of Reward: 7.385. Training.
[INFO] CarDriver. Step: 2550000. Time Elapsed: 3009.098 s. Mean Reward: 0.979. Std of Reward: 13.228. Training.
[INFO] CarDriver. Step: 2560000. Time Elapsed: 3017.898 s. Mean Reward: 1.900. Std of Reward: 13.890. Training.
[INFO] CarDriver. Step: 2570000. Time Elapsed: 3026.673 s. Mean Reward: -4.199. Std of Reward: 2.225. Training.
[INFO] CarDriver. Step: 2580000. Time Elapsed: 3039.500 s. Mean Reward: 3.125. Std of Reward: 24.823. Training.
[INFO] CarDriver. Step: 2590000. Time Elapsed: 3048.718 s. Mean Reward: -3.962. Std of Reward: 2.347. Training.
[INFO] CarDriver. Step: 2600000. Time Elapsed: 3060.459 s. Mean Reward: 2.233. Std of Reward: 19.237. Training.
[INFO] Exported results\ppo_car_009_bc_s13\CarDriver\CarDriver-2599984.onnx
[INFO] CarDriver. Step: 2610000. Time Elapsed: 3069.292 s. Mean Reward: -3.019. Std of Reward: 2.475. Training.
[INFO] CarDriver. Step: 2620000. Time Elapsed: 3080.807 s. Mean Reward: 1.715. Std of Reward: 22.450. Training.
[INFO] CarDriver. Step: 2630000. Time Elapsed: 3090.064 s. Mean Reward: 1.985. Std of Reward: 15.925. Training.
[INFO] CarDriver. Step: 2640000. Time Elapsed: 3102.125 s. Mean Reward: -2.344. Std of Reward: 6.093. Training.
[INFO] CarDriver. Step: 2650000. Time Elapsed: 3111.627 s. Mean Reward: -0.569. Std of Reward: 9.263. Training.
[INFO] CarDriver. Step: 2660000. Time Elapsed: 3123.645 s. Mean Reward: -3.278. Std of Reward: 4.271. Training.
[INFO] CarDriver. Step: 2670000. Time Elapsed: 3132.830 s. Mean Reward: 1.886. Std of Reward: 17.217. Training.
[INFO] CarDriver. Step: 2680000. Time Elapsed: 3144.353 s. Mean Reward: -1.268. Std of Reward: 6.139. Training.
[INFO] CarDriver. Step: 2690000. Time Elapsed: 3153.552 s. Mean Reward: -1.156. Std of Reward: 9.278. Training.
[INFO] CarDriver. Step: 2700000. Time Elapsed: 3165.692 s. Mean Reward: -2.158. Std of Reward: 5.773. Training.
[INFO] Exported results\ppo_car_009_bc_s13\CarDriver\CarDriver-2699936.onnx
[INFO] CarDriver. Step: 2710000. Time Elapsed: 3175.484 s. Mean Reward: -2.307. Std of Reward: 6.197. Training.
[INFO] CarDriver. Step: 2720000. Time Elapsed: 3187.108 s. Mean Reward: -2.598. Std of Reward: 5.992. Training.
[INFO] CarDriver. Step: 2730000. Time Elapsed: 3196.112 s. Mean Reward: 3.745. Std of Reward: 27.603. Training.
[INFO] CarDriver. Step: 2740000. Time Elapsed: 3207.894 s. Mean Reward: -0.136. Std of Reward: 10.413. Training.
[INFO] CarDriver. Step: 2750000. Time Elapsed: 3216.546 s. Mean Reward: 0.352. Std of Reward: 14.934. Training.
[INFO] CarDriver. Step: 2760000. Time Elapsed: 3228.311 s. Mean Reward: -1.456. Std of Reward: 7.606. Training.
[INFO] CarDriver. Step: 2770000. Time Elapsed: 3237.302 s. Mean Reward: -1.014. Std of Reward: 13.605. Training.
[INFO] CarDriver. Step: 2780000. Time Elapsed: 3249.354 s. Mean Reward: 1.828. Std of Reward: 20.582. Training.
[INFO] CarDriver. Step: 2790000. Time Elapsed: 3258.940 s. Mean Reward: -2.779. Std of Reward: 4.843. Training.
[INFO] CarDriver. Step: 2800000. Time Elapsed: 3270.224 s. Mean Reward: -0.328. Std of Reward: 12.066. Training.
[INFO] Exported results\ppo_car_009_bc_s13\CarDriver\CarDriver-2799911.onnx
[INFO] CarDriver. Step: 2810000. Time Elapsed: 3279.556 s. Mean Reward: 2.417. Std of Reward: 24.637. Training.
[INFO] CarDriver. Step: 2820000. Time Elapsed: 3291.208 s. Mean Reward: -2.860. Std of Reward: 7.406. Training.
[INFO] CarDriver. Step: 2830000. Time Elapsed: 3300.522 s. Mean Reward: 2.786. Std of Reward: 15.924. Training.
[INFO] CarDriver. Step: 2840000. Time Elapsed: 3312.242 s. Mean Reward: -2.217. Std of Reward: 8.573. Training.
[INFO] CarDriver. Step: 2850000. Time Elapsed: 3321.240 s. Mean Reward: 0.622. Std of Reward: 15.084. Training.
[INFO] CarDriver. Step: 2860000. Time Elapsed: 3333.122 s. Mean Reward: -2.204. Std of Reward: 5.792. Training.
[INFO] CarDriver. Step: 2870000. Time Elapsed: 3342.237 s. Mean Reward: -0.085. Std of Reward: 9.677. Training.
[INFO] CarDriver. Step: 2880000. Time Elapsed: 3353.658 s. Mean Reward: -4.202. Std of Reward: 5.501. Training.
[INFO] CarDriver. Step: 2890000. Time Elapsed: 3362.887 s. Mean Reward: 1.026. Std of Reward: 19.349. Training.
[INFO] CarDriver. Step: 2900000. Time Elapsed: 3374.566 s. Mean Reward: -3.814. Std of Reward: 2.458. Training.
[INFO] Exported results\ppo_car_009_bc_s13\CarDriver\CarDriver-2899924.onnx
[INFO] CarDriver. Step: 2910000. Time Elapsed: 3383.406 s. Mean Reward: 4.260. Std of Reward: 22.618. Training.
[INFO] CarDriver. Step: 2920000. Time Elapsed: 3395.876 s. Mean Reward: -2.720. Std of Reward: 4.552. Training.
[INFO] CarDriver. Step: 2930000. Time Elapsed: 3405.273 s. Mean Reward: -0.770. Std of Reward: 10.095. Training.
[INFO] CarDriver. Step: 2940000. Time Elapsed: 3414.438 s. Mean Reward: -1.089. Std of Reward: 6.135. Training.
[INFO] CarDriver. Step: 2950000. Time Elapsed: 3426.461 s. Mean Reward: -2.712. Std of Reward: 6.279. Training.
[INFO] CarDriver. Step: 2960000. Time Elapsed: 3435.821 s. Mean Reward: -1.599. Std of Reward: 7.346. Training.
[INFO] CarDriver. Step: 2970000. Time Elapsed: 3447.518 s. Mean Reward: -1.558. Std of Reward: 9.324. Training.
[INFO] CarDriver. Step: 2980000. Time Elapsed: 3456.865 s. Mean Reward: -2.431. Std of Reward: 5.876. Training.
[INFO] CarDriver. Step: 2990000. Time Elapsed: 3468.409 s. Mean Reward: -1.873. Std of Reward: 7.366. Training.
[INFO] CarDriver. Step: 3000000. Time Elapsed: 3477.439 s. Mean Reward: 2.002. Std of Reward: 17.420. Training.
[INFO] Exported results\ppo_car_009_bc_s13\CarDriver\CarDriver-2999998.onnx
[INFO] CarDriver. Step: 3010000. Time Elapsed: 3489.191 s. Mean Reward: -1.059. Std of Reward: 13.227. Training.
[INFO] CarDriver. Step: 3020000. Time Elapsed: 3498.369 s. Mean Reward: -0.921. Std of Reward: 5.606. Training.
[INFO] CarDriver. Step: 3030000. Time Elapsed: 3510.493 s. Mean Reward: 1.368. Std of Reward: 11.959. Training.
[INFO] CarDriver. Step: 3040000. Time Elapsed: 3519.674 s. Mean Reward: 1.749. Std of Reward: 16.137. Training.
[INFO] CarDriver. Step: 3050000. Time Elapsed: 3531.222 s. Mean Reward: 1.168. Std of Reward: 8.549. Training.
[INFO] CarDriver. Step: 3060000. Time Elapsed: 3540.273 s. Mean Reward: -0.520. Std of Reward: 11.129. Training.
[INFO] CarDriver. Step: 3070000. Time Elapsed: 3552.157 s. Mean Reward: 0.114. Std of Reward: 14.382. Training.
[INFO] CarDriver. Step: 3080000. Time Elapsed: 3561.879 s. Mean Reward: -1.868. Std of Reward: 6.165. Training.
[INFO] CarDriver. Step: 3090000. Time Elapsed: 3572.850 s. Mean Reward: -1.328. Std of Reward: 10.302. Training.
[INFO] CarDriver. Step: 3100000. Time Elapsed: 3582.331 s. Mean Reward: -1.758. Std of Reward: 9.909. Training.
[INFO] Exported results\ppo_car_009_bc_s13\CarDriver\CarDriver-3099893.onnx
[INFO] CarDriver. Step: 3110000. Time Elapsed: 3593.537 s. Mean Reward: 0.527. Std of Reward: 11.417. Training.
[INFO] CarDriver. Step: 3120000. Time Elapsed: 3603.023 s. Mean Reward: -2.972. Std of Reward: 6.122. Training.
[INFO] CarDriver. Step: 3130000. Time Elapsed: 3614.983 s. Mean Reward: -0.467. Std of Reward: 10.822. Training.
[INFO] CarDriver. Step: 3140000. Time Elapsed: 3623.643 s. Mean Reward: 2.031. Std of Reward: 12.256. Training.
[INFO] CarDriver. Step: 3150000. Time Elapsed: 3635.552 s. Mean Reward: -1.956. Std of Reward: 7.321. Training.
[INFO] CarDriver. Step: 3160000. Time Elapsed: 3645.039 s. Mean Reward: -0.348. Std of Reward: 6.857. Training.
[INFO] CarDriver. Step: 3170000. Time Elapsed: 3656.777 s. Mean Reward: -1.703. Std of Reward: 7.138. Training.
[INFO] CarDriver. Step: 3180000. Time Elapsed: 3666.200 s. Mean Reward: -2.069. Std of Reward: 4.844. Training.
[INFO] CarDriver. Step: 3190000. Time Elapsed: 3677.710 s. Mean Reward: 0.172. Std of Reward: 12.454. Training.
[INFO] CarDriver. Step: 3200000. Time Elapsed: 3686.698 s. Mean Reward: -1.099. Std of Reward: 9.880. Training.
[INFO] Exported results\ppo_car_009_bc_s13\CarDriver\CarDriver-3199921.onnx
[INFO] CarDriver. Step: 3210000. Time Elapsed: 3698.306 s. Mean Reward: 1.465. Std of Reward: 22.428. Training.
[INFO] CarDriver. Step: 3220000. Time Elapsed: 3707.956 s. Mean Reward: -1.092. Std of Reward: 9.171. Training.
[INFO] CarDriver. Step: 3230000. Time Elapsed: 3719.134 s. Mean Reward: 2.258. Std of Reward: 22.101. Training.
[INFO] CarDriver. Step: 3240000. Time Elapsed: 3728.500 s. Mean Reward: -2.128. Std of Reward: 6.951. Training.
[INFO] CarDriver. Step: 3250000. Time Elapsed: 3740.614 s. Mean Reward: -0.942. Std of Reward: 6.667. Training.
[INFO] CarDriver. Step: 3260000. Time Elapsed: 3750.063 s. Mean Reward: -1.168. Std of Reward: 6.050. Training.
[INFO] CarDriver. Step: 3270000. Time Elapsed: 3761.734 s. Mean Reward: 0.536. Std of Reward: 7.350. Training.
[INFO] CarDriver. Step: 3280000. Time Elapsed: 3770.751 s. Mean Reward: 1.641. Std of Reward: 11.727. Training.
[INFO] CarDriver. Step: 3290000. Time Elapsed: 3782.480 s. Mean Reward: -1.419. Std of Reward: 7.816. Training.
[INFO] CarDriver. Step: 3300000. Time Elapsed: 3791.075 s. Mean Reward: -4.275. Std of Reward: 1.602. Training.
[INFO] Exported results\ppo_car_009_bc_s13\CarDriver\CarDriver-3299968.onnx
[INFO] CarDriver. Step: 3310000. Time Elapsed: 3800.497 s. Mean Reward: 6.437. Std of Reward: 28.766. Training.
[INFO] CarDriver. Step: 3320000. Time Elapsed: 3812.369 s. Mean Reward: -1.809. Std of Reward: 8.212. Training.
[INFO] CarDriver. Step: 3330000. Time Elapsed: 3821.498 s. Mean Reward: -0.542. Std of Reward: 8.052. Training.
[INFO] CarDriver. Step: 3340000. Time Elapsed: 3833.076 s. Mean Reward: -1.646. Std of Reward: 6.344. Training.
[INFO] CarDriver. Step: 3350000. Time Elapsed: 3842.236 s. Mean Reward: -0.150. Std of Reward: 13.410. Training.
[INFO] CarDriver. Step: 3360000. Time Elapsed: 3853.925 s. Mean Reward: -1.246. Std of Reward: 11.782. Training.
[INFO] CarDriver. Step: 3370000. Time Elapsed: 3864.030 s. Mean Reward: -0.208. Std of Reward: 11.736. Training.
[INFO] CarDriver. Step: 3380000. Time Elapsed: 3875.294 s. Mean Reward: 0.943. Std of Reward: 13.251. Training.
[INFO] CarDriver. Step: 3390000. Time Elapsed: 3884.270 s. Mean Reward: -2.045. Std of Reward: 10.693. Training.
[INFO] CarDriver. Step: 3400000. Time Elapsed: 3896.040 s. Mean Reward: 1.201. Std of Reward: 14.861. Training.
[INFO] Exported results\ppo_car_009_bc_s13\CarDriver\CarDriver-3399904.onnx
[INFO] CarDriver. Step: 3410000. Time Elapsed: 3905.237 s. Mean Reward: -0.713. Std of Reward: 9.848. Training.
[INFO] CarDriver. Step: 3420000. Time Elapsed: 3917.031 s. Mean Reward: -2.076. Std of Reward: 6.658. Training.
[INFO] CarDriver. Step: 3430000. Time Elapsed: 3926.739 s. Mean Reward: -1.310. Std of Reward: 6.811. Training.
[INFO] CarDriver. Step: 3440000. Time Elapsed: 3938.380 s. Mean Reward: -0.031. Std of Reward: 9.737. Training.
[INFO] CarDriver. Step: 3450000. Time Elapsed: 3947.674 s. Mean Reward: 0.669. Std of Reward: 13.614. Training.
[INFO] CarDriver. Step: 3460000. Time Elapsed: 3959.099 s. Mean Reward: -2.462. Std of Reward: 4.710. Training.
[INFO] CarDriver. Step: 3470000. Time Elapsed: 3968.265 s. Mean Reward: 0.532. Std of Reward: 15.060. Training.
[INFO] CarDriver. Step: 3480000. Time Elapsed: 3979.960 s. Mean Reward: -1.795. Std of Reward: 12.700. Training.
[INFO] CarDriver. Step: 3490000. Time Elapsed: 3989.361 s. Mean Reward: 1.103. Std of Reward: 10.525. Training.
[INFO] CarDriver. Step: 3500000. Time Elapsed: 4000.901 s. Mean Reward: 2.493. Std of Reward: 11.410. Training.
[INFO] Exported results\ppo_car_009_bc_s13\CarDriver\CarDriver-3499965.onnx
[INFO] CarDriver. Step: 3510000. Time Elapsed: 4010.178 s. Mean Reward: -0.396. Std of Reward: 14.989. Training.
[INFO] CarDriver. Step: 3520000. Time Elapsed: 4021.808 s. Mean Reward: -1.432. Std of Reward: 9.376. Training.
[INFO] CarDriver. Step: 3530000. Time Elapsed: 4031.241 s. Mean Reward: -1.814. Std of Reward: 5.068. Training.
[INFO] CarDriver. Step: 3540000. Time Elapsed: 4042.545 s. Mean Reward: -0.124. Std of Reward: 9.640. Training.
[INFO] CarDriver. Step: 3550000. Time Elapsed: 4051.968 s. Mean Reward: -0.912. Std of Reward: 9.965. Training.
[INFO] CarDriver. Step: 3560000. Time Elapsed: 4063.437 s. Mean Reward: -1.658. Std of Reward: 7.572. Training.
[INFO] CarDriver. Step: 3570000. Time Elapsed: 4074.056 s. Mean Reward: -1.672. Std of Reward: 6.628. Training.
[INFO] CarDriver. Step: 3580000. Time Elapsed: 4087.550 s. Mean Reward: 0.865. Std of Reward: 16.085. Training.
[INFO] CarDriver. Step: 3590000. Time Elapsed: 4098.835 s. Mean Reward: -1.865. Std of Reward: 10.943. Training.
[INFO] CarDriver. Step: 3600000. Time Elapsed: 4112.925 s. Mean Reward: -1.602. Std of Reward: 6.276. Training.
[INFO] Exported results\ppo_car_009_bc_s13\CarDriver\CarDriver-3599878.onnx
[INFO] CarDriver. Step: 3610000. Time Elapsed: 4123.244 s. Mean Reward: 0.437. Std of Reward: 13.092. Training.
[INFO] CarDriver. Step: 3620000. Time Elapsed: 4135.618 s. Mean Reward: -3.710. Std of Reward: 2.071. Training.
[INFO] CarDriver. Step: 3630000. Time Elapsed: 4145.448 s. Mean Reward: 3.273. Std of Reward: 20.857. Training.
[INFO] CarDriver. Step: 3640000. Time Elapsed: 4158.406 s. Mean Reward: -0.838. Std of Reward: 8.950. Training.
[INFO] CarDriver. Step: 3650000. Time Elapsed: 4169.203 s. Mean Reward: -1.433. Std of Reward: 9.395. Training.
[INFO] CarDriver. Step: 3660000. Time Elapsed: 4181.026 s. Mean Reward: 0.018. Std of Reward: 8.796. Training.
[INFO] CarDriver. Step: 3670000. Time Elapsed: 4192.266 s. Mean Reward: 0.418. Std of Reward: 9.192. Training.
[INFO] CarDriver. Step: 3680000. Time Elapsed: 4203.162 s. Mean Reward: -0.815. Std of Reward: 6.969. Training.
[INFO] CarDriver. Step: 3690000. Time Elapsed: 4217.075 s. Mean Reward: -1.962. Std of Reward: 4.632. Training.
[INFO] CarDriver. Step: 3700000. Time Elapsed: 4227.895 s. Mean Reward: 0.007. Std of Reward: 10.721. Training.
[INFO] Exported results\ppo_car_009_bc_s13\CarDriver\CarDriver-3699919.onnx
[INFO] CarDriver. Step: 3710000. Time Elapsed: 4241.263 s. Mean Reward: 2.267. Std of Reward: 18.118. Training.
[INFO] CarDriver. Step: 3720000. Time Elapsed: 4251.618 s. Mean Reward: -3.921. Std of Reward: 2.029. Training.
[INFO] CarDriver. Step: 3730000. Time Elapsed: 4265.626 s. Mean Reward: 3.491. Std of Reward: 21.776. Training.
[INFO] CarDriver. Step: 3740000. Time Elapsed: 4276.412 s. Mean Reward: -3.579. Std of Reward: 2.287. Training.
[INFO] CarDriver. Step: 3750000. Time Elapsed: 4290.099 s. Mean Reward: 2.895. Std of Reward: 22.149. Training.
[INFO] CarDriver. Step: 3760000. Time Elapsed: 4301.254 s. Mean Reward: -3.293. Std of Reward: 2.095. Training.
[INFO] CarDriver. Step: 3770000. Time Elapsed: 4316.418 s. Mean Reward: 2.971. Std of Reward: 18.778. Training.
[INFO] CarDriver. Step: 3780000. Time Elapsed: 4329.076 s. Mean Reward: -1.813. Std of Reward: 6.808. Training.
[INFO] CarDriver. Step: 3790000. Time Elapsed: 4343.742 s. Mean Reward: -1.067. Std of Reward: 11.686. Training.
[INFO] CarDriver. Step: 3800000. Time Elapsed: 4355.258 s. Mean Reward: -1.975. Std of Reward: 6.834. Training.
[INFO] Exported results\ppo_car_009_bc_s13\CarDriver\CarDriver-3799885.onnx
[INFO] CarDriver. Step: 3810000. Time Elapsed: 4371.155 s. Mean Reward: -3.566. Std of Reward: 2.526. Training.
[INFO] CarDriver. Step: 3820000. Time Elapsed: 4381.928 s. Mean Reward: 4.502. Std of Reward: 20.101. Training.
[INFO] CarDriver. Step: 3830000. Time Elapsed: 4396.434 s. Mean Reward: -1.526. Std of Reward: 9.617. Training.
[INFO] CarDriver. Step: 3840000. Time Elapsed: 4407.666 s. Mean Reward: -2.999. Std of Reward: 3.454. Training.
[INFO] CarDriver. Step: 3850000. Time Elapsed: 4422.417 s. Mean Reward: -0.554. Std of Reward: 15.087. Training.
[INFO] CarDriver. Step: 3860000. Time Elapsed: 4433.903 s. Mean Reward: -2.172. Std of Reward: 1.849. Training.
[INFO] CarDriver. Step: 3870000. Time Elapsed: 4448.018 s. Mean Reward: 0.142. Std of Reward: 18.746. Training.
[INFO] CarDriver. Step: 3880000. Time Elapsed: 4458.804 s. Mean Reward: -0.261. Std of Reward: 8.495. Training.
[INFO] CarDriver. Step: 3890000. Time Elapsed: 4473.323 s. Mean Reward: -2.364. Std of Reward: 6.361. Training.
[INFO] CarDriver. Step: 3900000. Time Elapsed: 4484.229 s. Mean Reward: -2.892. Std of Reward: 2.373. Training.
[INFO] Exported results\ppo_car_009_bc_s13\CarDriver\CarDriver-3899991.onnx
[INFO] CarDriver. Step: 3910000. Time Elapsed: 4499.238 s. Mean Reward: -0.236. Std of Reward: 16.488. Training.
[INFO] CarDriver. Step: 3920000. Time Elapsed: 4511.610 s. Mean Reward: -0.077. Std of Reward: 6.725. Training.
[INFO] CarDriver. Step: 3930000. Time Elapsed: 4525.833 s. Mean Reward: -1.174. Std of Reward: 6.844. Training.
[INFO] CarDriver. Step: 3940000. Time Elapsed: 4536.448 s. Mean Reward: 0.246. Std of Reward: 15.160. Training.
[INFO] CarDriver. Step: 3950000. Time Elapsed: 4550.419 s. Mean Reward: -1.427. Std of Reward: 11.262. Training.
[INFO] CarDriver. Step: 3960000. Time Elapsed: 4561.591 s. Mean Reward: 0.429. Std of Reward: 15.601. Training.
[INFO] CarDriver. Step: 3970000. Time Elapsed: 4576.202 s. Mean Reward: -1.199. Std of Reward: 10.664. Training.
[INFO] CarDriver. Step: 3980000. Time Elapsed: 4586.170 s. Mean Reward: -1.442. Std of Reward: 11.575. Training.
[INFO] CarDriver. Step: 3990000. Time Elapsed: 4598.224 s. Mean Reward: -1.548. Std of Reward: 8.690. Training.
[INFO] CarDriver. Step: 4000000. Time Elapsed: 4608.299 s. Mean Reward: -2.225. Std of Reward: 6.021. Training.
[INFO] Exported results\ppo_car_009_bc_s13\CarDriver\CarDriver-3999899.onnx
[INFO] CarDriver. Step: 4010000. Time Elapsed: 4621.020 s. Mean Reward: -2.775. Std of Reward: 6.634. Training.
[INFO] CarDriver. Step: 4020000. Time Elapsed: 4630.508 s. Mean Reward: 3.326. Std of Reward: 21.312. Training.
[INFO] CarDriver. Step: 4030000. Time Elapsed: 4642.882 s. Mean Reward: -0.346. Std of Reward: 9.890. Training.
[INFO] CarDriver. Step: 4040000. Time Elapsed: 4652.194 s. Mean Reward: -0.255. Std of Reward: 11.841. Training.
[INFO] CarDriver. Step: 4050000. Time Elapsed: 4661.833 s. Mean Reward: 0.444. Std of Reward: 14.679. Training.
[INFO] CarDriver. Step: 4060000. Time Elapsed: 4674.329 s. Mean Reward: 4.931. Std of Reward: 21.726. Training.
[INFO] CarDriver. Step: 4070000. Time Elapsed: 4683.516 s. Mean Reward: 0.495. Std of Reward: 11.569. Training.
[INFO] CarDriver. Step: 4080000. Time Elapsed: 4695.872 s. Mean Reward: -3.651. Std of Reward: 5.858. Training.
[INFO] CarDriver. Step: 4090000. Time Elapsed: 4705.435 s. Mean Reward: -0.736. Std of Reward: 10.536. Training.
[INFO] CarDriver. Step: 4100000. Time Elapsed: 4716.747 s. Mean Reward: -0.874. Std of Reward: 9.879. Training.
[INFO] Exported results\ppo_car_009_bc_s13\CarDriver\CarDriver-4099931.onnx
[INFO] CarDriver. Step: 4110000. Time Elapsed: 4726.398 s. Mean Reward: -0.168. Std of Reward: 16.353. Training.
[INFO] CarDriver. Step: 4120000. Time Elapsed: 4738.541 s. Mean Reward: -2.246. Std of Reward: 7.111. Training.
[INFO] CarDriver. Step: 4130000. Time Elapsed: 4747.862 s. Mean Reward: -1.625. Std of Reward: 7.534. Training.
[INFO] CarDriver. Step: 4140000. Time Elapsed: 4759.630 s. Mean Reward: -3.977. Std of Reward: 2.309. Training.
[INFO] CarDriver. Step: 4150000. Time Elapsed: 4768.777 s. Mean Reward: 4.261. Std of Reward: 25.440. Training.
[INFO] CarDriver. Step: 4160000. Time Elapsed: 4781.033 s. Mean Reward: -1.565. Std of Reward: 8.010. Training.
[INFO] CarDriver. Step: 4170000. Time Elapsed: 4790.727 s. Mean Reward: -2.064. Std of Reward: 6.502. Training.
[INFO] CarDriver. Step: 4180000. Time Elapsed: 4802.781 s. Mean Reward: 0.815. Std of Reward: 10.217. Training.
[INFO] CarDriver. Step: 4190000. Time Elapsed: 4812.048 s. Mean Reward: -0.115. Std of Reward: 6.726. Training.
[INFO] CarDriver. Step: 4200000. Time Elapsed: 4823.823 s. Mean Reward: -2.282. Std of Reward: 6.575. Training.
[INFO] Exported results\ppo_car_009_bc_s13\CarDriver\CarDriver-4199918.onnx
[INFO] CarDriver. Step: 4210000. Time Elapsed: 4833.390 s. Mean Reward: -2.309. Std of Reward: 7.032. Training.
[INFO] CarDriver. Step: 4220000. Time Elapsed: 4845.357 s. Mean Reward: -0.885. Std of Reward: 17.059. Training.
[INFO] CarDriver. Step: 4230000. Time Elapsed: 4854.796 s. Mean Reward: -0.524. Std of Reward: 10.343. Training.
[INFO] CarDriver. Step: 4240000. Time Elapsed: 4866.291 s. Mean Reward: -0.773. Std of Reward: 9.969. Training.
[INFO] CarDriver. Step: 4250000. Time Elapsed: 4876.047 s. Mean Reward: 2.020. Std of Reward: 15.189. Training.
[INFO] CarDriver. Step: 4260000. Time Elapsed: 4888.452 s. Mean Reward: 0.271. Std of Reward: 7.061. Training.
[INFO] CarDriver. Step: 4270000. Time Elapsed: 4898.293 s. Mean Reward: -0.975. Std of Reward: 7.101. Training.
[INFO] CarDriver. Step: 4280000. Time Elapsed: 4910.001 s. Mean Reward: 0.447. Std of Reward: 14.325. Training.
[INFO] CarDriver. Step: 4290000. Time Elapsed: 4919.007 s. Mean Reward: -4.427. Std of Reward: 1.599. Training.
[INFO] CarDriver. Step: 4300000. Time Elapsed: 4931.412 s. Mean Reward: 8.137. Std of Reward: 26.479. Training.
[INFO] Exported results\ppo_car_009_bc_s13\CarDriver\CarDriver-4299928.onnx
[INFO] CarDriver. Step: 4310000. Time Elapsed: 4940.606 s. Mean Reward: -1.515. Std of Reward: 7.341. Training.
[INFO] CarDriver. Step: 4320000. Time Elapsed: 4952.460 s. Mean Reward: 0.842. Std of Reward: 16.794. Training.
[INFO] CarDriver. Step: 4330000. Time Elapsed: 4962.295 s. Mean Reward: -1.566. Std of Reward: 8.261. Training.
[INFO] CarDriver. Step: 4340000. Time Elapsed: 4973.741 s. Mean Reward: 3.099. Std of Reward: 28.531. Training.
[INFO] CarDriver. Step: 4350000. Time Elapsed: 4983.615 s. Mean Reward: -1.427. Std of Reward: 7.660. Training.
[INFO] CarDriver. Step: 4360000. Time Elapsed: 4995.409 s. Mean Reward: 2.100. Std of Reward: 17.348. Training.
[INFO] CarDriver. Step: 4370000. Time Elapsed: 5004.396 s. Mean Reward: 0.694. Std of Reward: 12.384. Training.
[INFO] CarDriver. Step: 4380000. Time Elapsed: 5016.543 s. Mean Reward: -1.813. Std of Reward: 4.946. Training.
[INFO] CarDriver. Step: 4390000. Time Elapsed: 5025.674 s. Mean Reward: -0.305. Std of Reward: 14.339. Training.
[INFO] CarDriver. Step: 4400000. Time Elapsed: 5035.332 s. Mean Reward: 2.454. Std of Reward: 20.882. Training.
[INFO] Exported results\ppo_car_009_bc_s13\CarDriver\CarDriver-4399999.onnx
[INFO] CarDriver. Step: 4410000. Time Elapsed: 5047.159 s. Mean Reward: 3.927. Std of Reward: 21.784. Training.
[INFO] CarDriver. Step: 4420000. Time Elapsed: 5056.245 s. Mean Reward: 0.988. Std of Reward: 12.868. Training.
[INFO] CarDriver. Step: 4430000. Time Elapsed: 5068.570 s. Mean Reward: -1.189. Std of Reward: 12.451. Training.
[INFO] CarDriver. Step: 4440000. Time Elapsed: 5078.139 s. Mean Reward: -1.884. Std of Reward: 7.454. Training.
[INFO] CarDriver. Step: 4450000. Time Elapsed: 5090.054 s. Mean Reward: 2.095. Std of Reward: 17.682. Training.
[INFO] CarDriver. Step: 4460000. Time Elapsed: 5099.854 s. Mean Reward: -0.905. Std of Reward: 11.117. Training.
[INFO] CarDriver. Step: 4470000. Time Elapsed: 5111.534 s. Mean Reward: -2.188. Std of Reward: 3.582. Training.
[INFO] CarDriver. Step: 4480000. Time Elapsed: 5120.792 s. Mean Reward: 1.569. Std of Reward: 17.791. Training.
[INFO] CarDriver. Step: 4490000. Time Elapsed: 5132.922 s. Mean Reward: 2.206. Std of Reward: 18.287. Training.
[INFO] CarDriver. Step: 4500000. Time Elapsed: 5142.318 s. Mean Reward: -0.432. Std of Reward: 9.686. Training.
[INFO] Exported results\ppo_car_009_bc_s13\CarDriver\CarDriver-4499995.onnx
[INFO] CarDriver. Step: 4510000. Time Elapsed: 5154.477 s. Mean Reward: -1.272. Std of Reward: 10.619. Training.
[INFO] CarDriver. Step: 4520000. Time Elapsed: 5163.798 s. Mean Reward: -0.581. Std of Reward: 12.923. Training.
[INFO] CarDriver. Step: 4530000. Time Elapsed: 5175.775 s. Mean Reward: -0.871. Std of Reward: 14.040. Training.
[INFO] CarDriver. Step: 4540000. Time Elapsed: 5185.015 s. Mean Reward: 0.317. Std of Reward: 14.790. Training.
[INFO] CarDriver. Step: 4550000. Time Elapsed: 5196.890 s. Mean Reward: -1.231. Std of Reward: 8.750. Training.
[INFO] CarDriver. Step: 4560000. Time Elapsed: 5207.413 s. Mean Reward: -2.213. Std of Reward: 4.565. Training.
[INFO] CarDriver. Step: 4570000. Time Elapsed: 5219.571 s. Mean Reward: -1.979. Std of Reward: 10.493. Training.
[INFO] CarDriver. Step: 4580000. Time Elapsed: 5228.894 s. Mean Reward: -1.290. Std of Reward: 12.066. Training.
[INFO] CarDriver. Step: 4590000. Time Elapsed: 5240.958 s. Mean Reward: -1.842. Std of Reward: 11.296. Training.
[INFO] CarDriver. Step: 4600000. Time Elapsed: 5250.313 s. Mean Reward: -2.334. Std of Reward: 8.250. Training.
[INFO] Exported results\ppo_car_009_bc_s13\CarDriver\CarDriver-4599908.onnx
[INFO] CarDriver. Step: 4610000. Time Elapsed: 5262.508 s. Mean Reward: -1.506. Std of Reward: 8.000. Training.
[INFO] CarDriver. Step: 4620000. Time Elapsed: 5271.955 s. Mean Reward: 0.148. Std of Reward: 11.087. Training.
[INFO] CarDriver. Step: 4630000. Time Elapsed: 5283.955 s. Mean Reward: -1.903. Std of Reward: 8.327. Training.
[INFO] CarDriver. Step: 4640000. Time Elapsed: 5293.530 s. Mean Reward: -2.059. Std of Reward: 8.322. Training.
[INFO] CarDriver. Step: 4650000. Time Elapsed: 5305.306 s. Mean Reward: -2.777. Std of Reward: 6.753. Training.
[INFO] CarDriver. Step: 4660000. Time Elapsed: 5314.985 s. Mean Reward: -1.654. Std of Reward: 5.105. Training.
[INFO] CarDriver. Step: 4670000. Time Elapsed: 5327.305 s. Mean Reward: 2.487. Std of Reward: 21.494. Training.
[INFO] CarDriver. Step: 4680000. Time Elapsed: 5336.227 s. Mean Reward: 0.239. Std of Reward: 8.273. Training.
[INFO] CarDriver. Step: 4690000. Time Elapsed: 5348.419 s. Mean Reward: -2.218. Std of Reward: 7.746. Training.
[INFO] CarDriver. Step: 4700000. Time Elapsed: 5357.895 s. Mean Reward: 3.762. Std of Reward: 24.026. Training.
[INFO] Exported results\ppo_car_009_bc_s13\CarDriver\CarDriver-4699968.onnx
[INFO] CarDriver. Step: 4710000. Time Elapsed: 5369.912 s. Mean Reward: -1.748. Std of Reward: 6.876. Training.
[INFO] CarDriver. Step: 4720000. Time Elapsed: 5379.873 s. Mean Reward: -0.494. Std of Reward: 9.952. Training.
[INFO] CarDriver. Step: 4730000. Time Elapsed: 5391.767 s. Mean Reward: -1.841. Std of Reward: 8.004. Training.
[INFO] CarDriver. Step: 4740000. Time Elapsed: 5401.249 s. Mean Reward: -2.559. Std of Reward: 5.672. Training.
[INFO] CarDriver. Step: 4750000. Time Elapsed: 5412.995 s. Mean Reward: 7.264. Std of Reward: 24.621. Training.
[INFO] CarDriver. Step: 4760000. Time Elapsed: 5422.853 s. Mean Reward: -0.408. Std of Reward: 12.026. Training.
[INFO] CarDriver. Step: 4770000. Time Elapsed: 5431.972 s. Mean Reward: -1.169. Std of Reward: 7.797. Training.
[INFO] CarDriver. Step: 4780000. Time Elapsed: 5444.179 s. Mean Reward: -2.619. Std of Reward: 5.345. Training.
[INFO] CarDriver. Step: 4790000. Time Elapsed: 5453.127 s. Mean Reward: 1.669. Std of Reward: 17.530. Training.
[INFO] CarDriver. Step: 4800000. Time Elapsed: 5465.169 s. Mean Reward: 1.601. Std of Reward: 17.103. Training.
[INFO] Exported results\ppo_car_009_bc_s13\CarDriver\CarDriver-4799932.onnx
[INFO] CarDriver. Step: 4810000. Time Elapsed: 5474.662 s. Mean Reward: -0.914. Std of Reward: 7.728. Training.
[INFO] CarDriver. Step: 4820000. Time Elapsed: 5486.441 s. Mean Reward: 3.095. Std of Reward: 20.651. Training.
[INFO] CarDriver. Step: 4830000. Time Elapsed: 5495.334 s. Mean Reward: -0.565. Std of Reward: 9.296. Training.
[INFO] CarDriver. Step: 4840000. Time Elapsed: 5507.110 s. Mean Reward: 1.390. Std of Reward: 21.281. Training.
[INFO] CarDriver. Step: 4850000. Time Elapsed: 5516.576 s. Mean Reward: 3.017. Std of Reward: 14.228. Training.
[INFO] CarDriver. Step: 4860000. Time Elapsed: 5528.288 s. Mean Reward: 0.837. Std of Reward: 22.490. Training.
[INFO] CarDriver. Step: 4870000. Time Elapsed: 5537.549 s. Mean Reward: -0.380. Std of Reward: 11.868. Training.
[INFO] CarDriver. Step: 4880000. Time Elapsed: 5549.289 s. Mean Reward: -0.496. Std of Reward: 13.991. Training.
[INFO] CarDriver. Step: 4890000. Time Elapsed: 5559.491 s. Mean Reward: -1.524. Std of Reward: 12.445. Training.
[INFO] CarDriver. Step: 4900000. Time Elapsed: 5570.887 s. Mean Reward: -2.428. Std of Reward: 3.763. Training.
[INFO] Exported results\ppo_car_009_bc_s13\CarDriver\CarDriver-4899927.onnx
[INFO] CarDriver. Step: 4910000. Time Elapsed: 5580.538 s. Mean Reward: 4.329. Std of Reward: 26.582. Training.
[INFO] CarDriver. Step: 4920000. Time Elapsed: 5592.141 s. Mean Reward: 4.917. Std of Reward: 22.788. Training.
[INFO] CarDriver. Step: 4930000. Time Elapsed: 5601.491 s. Mean Reward: -1.289. Std of Reward: 11.582. Training.
[INFO] CarDriver. Step: 4940000. Time Elapsed: 5613.484 s. Mean Reward: 2.539. Std of Reward: 15.903. Training.
[INFO] CarDriver. Step: 4950000. Time Elapsed: 5622.846 s. Mean Reward: 2.060. Std of Reward: 20.607. Training.
[INFO] CarDriver. Step: 4960000. Time Elapsed: 5635.225 s. Mean Reward: -2.191. Std of Reward: 7.473. Training.
[INFO] CarDriver. Step: 4970000. Time Elapsed: 5644.323 s. Mean Reward: 0.881. Std of Reward: 12.086. Training.
[INFO] CarDriver. Step: 4980000. Time Elapsed: 5656.166 s. Mean Reward: 0.257. Std of Reward: 9.745. Training.
[INFO] CarDriver. Step: 4990000. Time Elapsed: 5665.608 s. Mean Reward: -1.550. Std of Reward: 5.099. Training.
[INFO] CarDriver. Step: 5000000. Time Elapsed: 5677.406 s. Mean Reward: 1.955. Std of Reward: 15.851. Training.
[INFO] Exported results\ppo_car_009_bc_s13\CarDriver\CarDriver-4999922.onnx
[INFO] Exported results\ppo_car_009_bc_s13\CarDriver\CarDriver-5000050.onnx
[INFO] Copied results\ppo_car_009_bc_s13\CarDriver\CarDriver-5000050.onnx to results\ppo_car_009_bc_s13\CarDriver.onnx.
