
            ┐  ╖
        ╓╖╬│╡  ││╬╖╖
    ╓╖╬│││││┘  ╬│││││╬╖
 ╖╬│││││╬╜        ╙╬│││││╖╖                               ╗╗╗
 ╬╬╬╬╖││╦╖        ╖╬││╗╣╣╣╬      ╟╣╣╬    ╟╣╣╣             ╜╜╜  ╟╣╣
 ╬╬╬╬╬╬╬╬╖│╬╖╖╓╬╪│╓╣╣╣╣╣╣╣╬      ╟╣╣╬    ╟╣╣╣ ╒╣╣╖╗╣╣╣╗   ╣╣╣ ╣╣╣╣╣╣ ╟╣╣╖   ╣╣╣
 ╬╬╬╬┐  ╙╬╬╬╬│╓╣╣╣╝╜  ╫╣╣╣╬      ╟╣╣╬    ╟╣╣╣ ╟╣╣╣╙ ╙╣╣╣  ╣╣╣ ╙╟╣╣╜╙  ╫╣╣  ╟╣╣
 ╬╬╬╬┐     ╙╬╬╣╣      ╫╣╣╣╬      ╟╣╣╬    ╟╣╣╣ ╟╣╣╬   ╣╣╣  ╣╣╣  ╟╣╣     ╣╣╣┌╣╣╜
 ╬╬╬╜       ╬╬╣╣      ╙╝╣╣╬      ╙╣╣╣╗╖╓╗╣╣╣╜ ╟╣╣╬   ╣╣╣  ╣╣╣  ╟╣╣╦╓    ╣╣╣╣╣
 ╙   ╓╦╖    ╬╬╣╣   ╓╗╗╖            ╙╝╣╣╣╣╝╜   ╘╝╝╜   ╝╝╝  ╝╝╝   ╙╣╣╣    ╟╣╣╣
   ╩╬╬╬╬╬╬╦╦╬╬╣╣╗╣╣╣╣╣╣╣╝                                             ╫╣╣╣╣
      ╙╬╬╬╬╬╬╬╣╣╣╣╣╣╝╜
          ╙╬╬╬╣╣╣╜
             ╙
        
 Version information:
  ml-agents: 1.1.0,
  ml-agents-envs: 1.1.0,
  Communicator API: 1.5.0,
  PyTorch: 2.6.0+cu124
[WARNING] Training status file not found. Not all functions will resume properly.
[INFO] Listening on port 5004. Start training by pressing the Play button in the Unity Editor.
[INFO] Connected to Unity environment with package version 4.0.3 and communication version 1.5.0
[INFO] Connected new brain: CarDriver?team=0
[INFO] Hyperparameters for behavior name CarDriver: 
	trainer_type:	ppo
	hyperparameters:	
	  batch_size:	2048
	  buffer_size:	20480
	  learning_rate:	0.0003
	  beta:	0.005
	  epsilon:	0.2
	  lambd:	0.95
	  num_epoch:	3
	  shared_critic:	False
	  learning_rate_schedule:	linear
	  beta_schedule:	linear
	  epsilon_schedule:	linear
	checkpoint_interval:	100000
	network_settings:	
	  normalize:	True
	  hidden_units:	256
	  num_layers:	2
	  vis_encode_type:	simple
	  memory:	None
	  goal_conditioning_type:	hyper
	  deterministic:	False
	reward_signals:	
	  extrinsic:	
	    gamma:	0.99
	    strength:	1.0
	    network_settings:	
	      normalize:	False
	      hidden_units:	128
	      num_layers:	2
	      vis_encode_type:	simple
	      memory:	None
	      goal_conditioning_type:	hyper
	      deterministic:	False
	init_path:	None
	keep_checkpoints:	5
	even_checkpoints:	False
	max_steps:	5000000
	time_horizon:	128
	summary_freq:	10000
	threaded:	False
	self_play:	None
	behavioral_cloning:	None
[INFO] Resuming from results\ppo_car_v01\CarDriver.
[INFO] Resuming training from step 1199901.
[INFO] CarDriver. Step: 1200000. Time Elapsed: 27.463 s. Mean Reward: -5.286. Std of Reward: 0.000. Training.
[INFO] Exported results\ppo_car_v01\CarDriver\CarDriver-1199967.onnx
[INFO] CarDriver. Step: 1210000. Time Elapsed: 40.177 s. Mean Reward: -5.121. Std of Reward: 1.096. Training.
[INFO] CarDriver. Step: 1220000. Time Elapsed: 52.542 s. Mean Reward: -5.069. Std of Reward: 3.002. Training.
[INFO] CarDriver. Step: 1230000. Time Elapsed: 68.507 s. Mean Reward: -4.094. Std of Reward: 2.307. Training.
[INFO] CarDriver. Step: 1240000. Time Elapsed: 80.017 s. Mean Reward: -3.602. Std of Reward: 2.220. Training.
[INFO] CarDriver. Step: 1250000. Time Elapsed: 95.137 s. Mean Reward: -5.047. Std of Reward: 1.106. Training.
[INFO] CarDriver. Step: 1260000. Time Elapsed: 106.109 s. Mean Reward: -4.751. Std of Reward: 1.715. Training.
[INFO] CarDriver. Step: 1270000. Time Elapsed: 121.599 s. Mean Reward: -3.851. Std of Reward: 2.103. Training.
[INFO] CarDriver. Step: 1280000. Time Elapsed: 133.265 s. Mean Reward: -4.474. Std of Reward: 2.442. Training.
[INFO] CarDriver. Step: 1290000. Time Elapsed: 147.902 s. Mean Reward: -5.363. Std of Reward: 2.602. Training.
[INFO] CarDriver. Step: 1300000. Time Elapsed: 159.869 s. Mean Reward: -5.566. Std of Reward: 2.797. Training.
[INFO] Exported results\ppo_car_v01\CarDriver\CarDriver-1299898.onnx
[INFO] CarDriver. Step: 1310000. Time Elapsed: 174.435 s. Mean Reward: -3.872. Std of Reward: 2.657. Training.
[INFO] CarDriver. Step: 1320000. Time Elapsed: 186.172 s. Mean Reward: -4.997. Std of Reward: 1.953. Training.
[INFO] CarDriver. Step: 1330000. Time Elapsed: 201.401 s. Mean Reward: -4.476. Std of Reward: 1.397. Training.
[INFO] CarDriver. Step: 1340000. Time Elapsed: 212.344 s. Mean Reward: -4.366. Std of Reward: 3.311. Training.
[INFO] CarDriver. Step: 1350000. Time Elapsed: 227.111 s. Mean Reward: -4.166. Std of Reward: 2.102. Training.
[INFO] CarDriver. Step: 1360000. Time Elapsed: 239.116 s. Mean Reward: -5.375. Std of Reward: 3.014. Training.
[INFO] CarDriver. Step: 1370000. Time Elapsed: 255.068 s. Mean Reward: -4.728. Std of Reward: 2.583. Training.
[INFO] CarDriver. Step: 1380000. Time Elapsed: 267.656 s. Mean Reward: -4.557. Std of Reward: 2.076. Training.
[INFO] CarDriver. Step: 1390000. Time Elapsed: 281.653 s. Mean Reward: -4.634. Std of Reward: 1.824. Training.
[INFO] CarDriver. Step: 1400000. Time Elapsed: 293.984 s. Mean Reward: -4.459. Std of Reward: 2.475. Training.
[INFO] Exported results\ppo_car_v01\CarDriver\CarDriver-1399931.onnx
[INFO] CarDriver. Step: 1410000. Time Elapsed: 309.548 s. Mean Reward: -5.080. Std of Reward: 3.990. Training.
[INFO] CarDriver. Step: 1420000. Time Elapsed: 321.061 s. Mean Reward: -4.607. Std of Reward: 2.105. Training.
[INFO] CarDriver. Step: 1430000. Time Elapsed: 335.854 s. Mean Reward: -4.311. Std of Reward: 2.400. Training.
[INFO] CarDriver. Step: 1440000. Time Elapsed: 347.489 s. Mean Reward: -4.870. Std of Reward: 1.937. Training.
[INFO] CarDriver. Step: 1450000. Time Elapsed: 361.875 s. Mean Reward: -3.477. Std of Reward: 1.845. Training.
[INFO] CarDriver. Step: 1460000. Time Elapsed: 373.727 s. Mean Reward: -3.942. Std of Reward: 1.679. Training.
[INFO] CarDriver. Step: 1470000. Time Elapsed: 388.680 s. Mean Reward: -4.852. Std of Reward: 2.455. Training.
[INFO] CarDriver. Step: 1480000. Time Elapsed: 399.720 s. Mean Reward: -4.492. Std of Reward: 2.745. Training.
[INFO] CarDriver. Step: 1490000. Time Elapsed: 414.637 s. Mean Reward: -4.360. Std of Reward: 1.579. Training.
[INFO] CarDriver. Step: 1500000. Time Elapsed: 426.679 s. Mean Reward: -3.871. Std of Reward: 2.218. Training.
[INFO] Exported results\ppo_car_v01\CarDriver\CarDriver-1499907.onnx
[INFO] CarDriver. Step: 1510000. Time Elapsed: 442.067 s. Mean Reward: -5.689. Std of Reward: 3.314. Training.
[INFO] CarDriver. Step: 1520000. Time Elapsed: 454.575 s. Mean Reward: -4.014. Std of Reward: 2.188. Training.
[INFO] CarDriver. Step: 1530000. Time Elapsed: 469.017 s. Mean Reward: -4.937. Std of Reward: 2.393. Training.
[INFO] CarDriver. Step: 1540000. Time Elapsed: 480.854 s. Mean Reward: -4.228. Std of Reward: 2.221. Training.
[INFO] CarDriver. Step: 1550000. Time Elapsed: 495.345 s. Mean Reward: -4.234. Std of Reward: 2.688. Training.
[INFO] CarDriver. Step: 1560000. Time Elapsed: 507.391 s. Mean Reward: -5.418. Std of Reward: 3.024. Training.
[INFO] CarDriver. Step: 1570000. Time Elapsed: 518.393 s. Mean Reward: -4.140. Std of Reward: 2.040. Training.
[INFO] CarDriver. Step: 1580000. Time Elapsed: 533.559 s. Mean Reward: -4.880. Std of Reward: 1.769. Training.
[INFO] CarDriver. Step: 1590000. Time Elapsed: 544.882 s. Mean Reward: -4.666. Std of Reward: 1.760. Training.
[INFO] CarDriver. Step: 1600000. Time Elapsed: 560.336 s. Mean Reward: -4.703. Std of Reward: 3.474. Training.
[INFO] Exported results\ppo_car_v01\CarDriver\CarDriver-1599938.onnx
[INFO] CarDriver. Step: 1610000. Time Elapsed: 572.531 s. Mean Reward: -4.549. Std of Reward: 1.941. Training.
[INFO] CarDriver. Step: 1620000. Time Elapsed: 587.490 s. Mean Reward: -4.698. Std of Reward: 1.982. Training.
[INFO] CarDriver. Step: 1630000. Time Elapsed: 599.763 s. Mean Reward: -4.329. Std of Reward: 1.858. Training.
[INFO] CarDriver. Step: 1640000. Time Elapsed: 614.527 s. Mean Reward: -4.409. Std of Reward: 2.775. Training.
[INFO] CarDriver. Step: 1650000. Time Elapsed: 626.810 s. Mean Reward: -4.724. Std of Reward: 2.309. Training.
[INFO] CarDriver. Step: 1660000. Time Elapsed: 641.941 s. Mean Reward: -4.417. Std of Reward: 2.330. Training.
[INFO] CarDriver. Step: 1670000. Time Elapsed: 653.844 s. Mean Reward: -3.643. Std of Reward: 1.879. Training.
[INFO] CarDriver. Step: 1680000. Time Elapsed: 668.705 s. Mean Reward: -4.371. Std of Reward: 1.297. Training.
[INFO] CarDriver. Step: 1690000. Time Elapsed: 681.199 s. Mean Reward: -4.754. Std of Reward: 3.113. Training.
[INFO] CarDriver. Step: 1700000. Time Elapsed: 696.433 s. Mean Reward: -4.962. Std of Reward: 2.476. Training.
[INFO] Exported results\ppo_car_v01\CarDriver\CarDriver-1699945.onnx
[INFO] CarDriver. Step: 1710000. Time Elapsed: 708.453 s. Mean Reward: -5.048. Std of Reward: 2.792. Training.
[INFO] CarDriver. Step: 1720000. Time Elapsed: 723.227 s. Mean Reward: -5.116. Std of Reward: 2.157. Training.
[INFO] CarDriver. Step: 1730000. Time Elapsed: 734.976 s. Mean Reward: -3.857. Std of Reward: 2.644. Training.
[INFO] CarDriver. Step: 1740000. Time Elapsed: 749.826 s. Mean Reward: -3.760. Std of Reward: 1.973. Training.
[INFO] CarDriver. Step: 1750000. Time Elapsed: 760.675 s. Mean Reward: -4.103. Std of Reward: 1.236. Training.
[INFO] CarDriver. Step: 1760000. Time Elapsed: 775.360 s. Mean Reward: -4.850. Std of Reward: 2.396. Training.
[INFO] CarDriver. Step: 1770000. Time Elapsed: 786.970 s. Mean Reward: -4.124. Std of Reward: 2.129. Training.
[INFO] CarDriver. Step: 1780000. Time Elapsed: 802.154 s. Mean Reward: -4.509. Std of Reward: 2.625. Training.
[INFO] CarDriver. Step: 1790000. Time Elapsed: 813.513 s. Mean Reward: -4.677. Std of Reward: 2.231. Training.
[INFO] CarDriver. Step: 1800000. Time Elapsed: 828.356 s. Mean Reward: -4.286. Std of Reward: 1.966. Training.
[INFO] Exported results\ppo_car_v01\CarDriver\CarDriver-1799932.onnx
[INFO] CarDriver. Step: 1810000. Time Elapsed: 840.032 s. Mean Reward: -4.312. Std of Reward: 1.402. Training.
[INFO] CarDriver. Step: 1820000. Time Elapsed: 854.737 s. Mean Reward: -4.690. Std of Reward: 2.655. Training.
[INFO] CarDriver. Step: 1830000. Time Elapsed: 866.324 s. Mean Reward: -4.348. Std of Reward: 2.279. Training.
[INFO] CarDriver. Step: 1840000. Time Elapsed: 881.413 s. Mean Reward: -4.710. Std of Reward: 1.716. Training.
[INFO] CarDriver. Step: 1850000. Time Elapsed: 892.662 s. Mean Reward: -3.887. Std of Reward: 2.052. Training.
[INFO] CarDriver. Step: 1860000. Time Elapsed: 907.599 s. Mean Reward: -4.330. Std of Reward: 2.448. Training.
[INFO] CarDriver. Step: 1870000. Time Elapsed: 918.793 s. Mean Reward: -4.505. Std of Reward: 2.996. Training.
[INFO] CarDriver. Step: 1880000. Time Elapsed: 933.443 s. Mean Reward: -5.445. Std of Reward: 1.403. Training.
[INFO] CarDriver. Step: 1890000. Time Elapsed: 944.781 s. Mean Reward: -4.530. Std of Reward: 2.539. Training.
[INFO] CarDriver. Step: 1900000. Time Elapsed: 959.486 s. Mean Reward: -4.904. Std of Reward: 2.016. Training.
[INFO] Exported results\ppo_car_v01\CarDriver\CarDriver-1899965.onnx
[INFO] CarDriver. Step: 1910000. Time Elapsed: 971.228 s. Mean Reward: -3.598. Std of Reward: 1.880. Training.
[INFO] CarDriver. Step: 1920000. Time Elapsed: 985.712 s. Mean Reward: -4.658. Std of Reward: 2.446. Training.
[INFO] CarDriver. Step: 1930000. Time Elapsed: 997.580 s. Mean Reward: -4.261. Std of Reward: 2.080. Training.
[INFO] CarDriver. Step: 1940000. Time Elapsed: 1009.833 s. Mean Reward: -4.259. Std of Reward: 2.439. Training.
[INFO] CarDriver. Step: 1950000. Time Elapsed: 1023.945 s. Mean Reward: -4.060. Std of Reward: 2.601. Training.
[INFO] CarDriver. Step: 1960000. Time Elapsed: 1035.433 s. Mean Reward: -5.457. Std of Reward: 2.302. Training.
[INFO] CarDriver. Step: 1970000. Time Elapsed: 1050.154 s. Mean Reward: -4.499. Std of Reward: 1.823. Training.
[INFO] CarDriver. Step: 1980000. Time Elapsed: 1061.153 s. Mean Reward: -3.928. Std of Reward: 2.431. Training.
[INFO] CarDriver. Step: 1990000. Time Elapsed: 1075.934 s. Mean Reward: -4.729. Std of Reward: 1.465. Training.
[INFO] CarDriver. Step: 2000000. Time Elapsed: 1087.333 s. Mean Reward: -4.452. Std of Reward: 2.859. Training.
[INFO] Exported results\ppo_car_v01\CarDriver\CarDriver-1999905.onnx
[INFO] CarDriver. Step: 2010000. Time Elapsed: 1103.345 s. Mean Reward: -5.581. Std of Reward: 2.251. Training.
[INFO] CarDriver. Step: 2020000. Time Elapsed: 1114.801 s. Mean Reward: -4.952. Std of Reward: 3.620. Training.
[INFO] CarDriver. Step: 2030000. Time Elapsed: 1129.375 s. Mean Reward: -4.654. Std of Reward: 2.638. Training.
[INFO] CarDriver. Step: 2040000. Time Elapsed: 1141.349 s. Mean Reward: -4.558. Std of Reward: 2.646. Training.
[INFO] CarDriver. Step: 2050000. Time Elapsed: 1156.045 s. Mean Reward: -3.806. Std of Reward: 2.115. Training.
[INFO] CarDriver. Step: 2060000. Time Elapsed: 1167.363 s. Mean Reward: -4.666. Std of Reward: 2.292. Training.
[INFO] CarDriver. Step: 2070000. Time Elapsed: 1182.180 s. Mean Reward: -4.522. Std of Reward: 2.904. Training.
[INFO] CarDriver. Step: 2080000. Time Elapsed: 1193.465 s. Mean Reward: -5.243. Std of Reward: 2.338. Training.
[INFO] CarDriver. Step: 2090000. Time Elapsed: 1208.363 s. Mean Reward: -4.067. Std of Reward: 1.961. Training.
[INFO] CarDriver. Step: 2100000. Time Elapsed: 1219.699 s. Mean Reward: -5.122. Std of Reward: 2.374. Training.
[INFO] Exported results\ppo_car_v01\CarDriver\CarDriver-2099949.onnx
[INFO] CarDriver. Step: 2110000. Time Elapsed: 1234.205 s. Mean Reward: -6.113. Std of Reward: 2.672. Training.
[INFO] CarDriver. Step: 2120000. Time Elapsed: 1247.170 s. Mean Reward: -3.763. Std of Reward: 1.936. Training.
[INFO] CarDriver. Step: 2130000. Time Elapsed: 1262.278 s. Mean Reward: -4.770. Std of Reward: 2.780. Training.
[INFO] CarDriver. Step: 2140000. Time Elapsed: 1273.619 s. Mean Reward: -4.479. Std of Reward: 1.961. Training.
[INFO] CarDriver. Step: 2150000. Time Elapsed: 1288.390 s. Mean Reward: -4.573. Std of Reward: 2.254. Training.
[INFO] CarDriver. Step: 2160000. Time Elapsed: 1299.523 s. Mean Reward: -4.765. Std of Reward: 2.845. Training.
[INFO] CarDriver. Step: 2170000. Time Elapsed: 1314.102 s. Mean Reward: -4.625. Std of Reward: 2.202. Training.
[INFO] CarDriver. Step: 2180000. Time Elapsed: 1325.872 s. Mean Reward: -4.117. Std of Reward: 2.633. Training.
[INFO] CarDriver. Step: 2190000. Time Elapsed: 1340.376 s. Mean Reward: -4.252. Std of Reward: 1.368. Training.
[INFO] CarDriver. Step: 2200000. Time Elapsed: 1351.375 s. Mean Reward: -4.694. Std of Reward: 1.699. Training.
[INFO] Exported results\ppo_car_v01\CarDriver\CarDriver-2199987.onnx
[INFO] CarDriver. Step: 2210000. Time Elapsed: 1366.565 s. Mean Reward: -3.431. Std of Reward: 2.257. Training.
[INFO] CarDriver. Step: 2220000. Time Elapsed: 1377.517 s. Mean Reward: -4.648. Std of Reward: 2.883. Training.
[INFO] CarDriver. Step: 2230000. Time Elapsed: 1392.391 s. Mean Reward: -4.804. Std of Reward: 2.075. Training.
[INFO] CarDriver. Step: 2240000. Time Elapsed: 1403.971 s. Mean Reward: -4.249. Std of Reward: 2.123. Training.
[INFO] CarDriver. Step: 2250000. Time Elapsed: 1418.766 s. Mean Reward: -4.498. Std of Reward: 1.920. Training.
[INFO] CarDriver. Step: 2260000. Time Elapsed: 1429.893 s. Mean Reward: -4.364. Std of Reward: 1.809. Training.
[INFO] CarDriver. Step: 2270000. Time Elapsed: 1444.966 s. Mean Reward: -4.585. Std of Reward: 2.719. Training.
[INFO] CarDriver. Step: 2280000. Time Elapsed: 1456.337 s. Mean Reward: -3.757. Std of Reward: 1.908. Training.
[INFO] CarDriver. Step: 2290000. Time Elapsed: 1470.762 s. Mean Reward: -4.467. Std of Reward: 2.149. Training.
[INFO] CarDriver. Step: 2300000. Time Elapsed: 1483.698 s. Mean Reward: -4.287. Std of Reward: 2.233. Training.
[INFO] Exported results\ppo_car_v01\CarDriver\CarDriver-2299962.onnx
[INFO] CarDriver. Step: 2310000. Time Elapsed: 1494.846 s. Mean Reward: -4.241. Std of Reward: 1.452. Training.
[INFO] CarDriver. Step: 2320000. Time Elapsed: 1510.071 s. Mean Reward: -4.004. Std of Reward: 2.109. Training.
[INFO] CarDriver. Step: 2330000. Time Elapsed: 1521.576 s. Mean Reward: -3.702. Std of Reward: 2.024. Training.
[INFO] CarDriver. Step: 2340000. Time Elapsed: 1535.811 s. Mean Reward: -4.455. Std of Reward: 1.343. Training.
[INFO] CarDriver. Step: 2350000. Time Elapsed: 1548.238 s. Mean Reward: -4.659. Std of Reward: 2.420. Training.
[INFO] CarDriver. Step: 2360000. Time Elapsed: 1562.586 s. Mean Reward: -5.329. Std of Reward: 2.819. Training.
[INFO] CarDriver. Step: 2370000. Time Elapsed: 1574.245 s. Mean Reward: -4.335. Std of Reward: 1.291. Training.
[INFO] CarDriver. Step: 2380000. Time Elapsed: 1589.703 s. Mean Reward: -3.706. Std of Reward: 2.256. Training.
[INFO] CarDriver. Step: 2390000. Time Elapsed: 1601.052 s. Mean Reward: -4.731. Std of Reward: 1.925. Training.
[INFO] CarDriver. Step: 2400000. Time Elapsed: 1616.282 s. Mean Reward: -5.095. Std of Reward: 3.104. Training.
[INFO] Exported results\ppo_car_v01\CarDriver\CarDriver-2399929.onnx
[INFO] CarDriver. Step: 2410000. Time Elapsed: 1627.784 s. Mean Reward: -3.505. Std of Reward: 1.870. Training.
[INFO] CarDriver. Step: 2420000. Time Elapsed: 1643.204 s. Mean Reward: -3.665. Std of Reward: 2.125. Training.
[INFO] CarDriver. Step: 2430000. Time Elapsed: 1654.220 s. Mean Reward: -5.273. Std of Reward: 2.358. Training.
[INFO] CarDriver. Step: 2440000. Time Elapsed: 1668.280 s. Mean Reward: -4.102. Std of Reward: 2.770. Training.
[INFO] CarDriver. Step: 2450000. Time Elapsed: 1679.722 s. Mean Reward: -3.774. Std of Reward: 1.929. Training.
[INFO] CarDriver. Step: 2460000. Time Elapsed: 1694.732 s. Mean Reward: -4.278. Std of Reward: 1.463. Training.
[INFO] CarDriver. Step: 2470000. Time Elapsed: 1706.255 s. Mean Reward: -4.854. Std of Reward: 3.080. Training.
[INFO] CarDriver. Step: 2480000. Time Elapsed: 1721.550 s. Mean Reward: -3.731. Std of Reward: 2.137. Training.
[INFO] CarDriver. Step: 2490000. Time Elapsed: 1733.077 s. Mean Reward: -4.892. Std of Reward: 2.419. Training.
[INFO] CarDriver. Step: 2500000. Time Elapsed: 1747.468 s. Mean Reward: -5.869. Std of Reward: 2.028. Training.
[INFO] Exported results\ppo_car_v01\CarDriver\CarDriver-2499961.onnx
[INFO] CarDriver. Step: 2510000. Time Elapsed: 1759.289 s. Mean Reward: -5.612. Std of Reward: 3.814. Training.
[INFO] CarDriver. Step: 2520000. Time Elapsed: 1773.519 s. Mean Reward: -4.145. Std of Reward: 1.337. Training.
[INFO] CarDriver. Step: 2530000. Time Elapsed: 1784.677 s. Mean Reward: -4.270. Std of Reward: 2.126. Training.
[INFO] CarDriver. Step: 2540000. Time Elapsed: 1800.185 s. Mean Reward: -4.621. Std of Reward: 2.649. Training.
[INFO] CarDriver. Step: 2550000. Time Elapsed: 1812.178 s. Mean Reward: -5.198. Std of Reward: 2.224. Training.
[INFO] CarDriver. Step: 2560000. Time Elapsed: 1826.368 s. Mean Reward: -4.626. Std of Reward: 2.291. Training.
[INFO] CarDriver. Step: 2570000. Time Elapsed: 1838.154 s. Mean Reward: -4.179. Std of Reward: 2.176. Training.
[INFO] CarDriver. Step: 2580000. Time Elapsed: 1852.676 s. Mean Reward: -3.496. Std of Reward: 1.752. Training.
[INFO] CarDriver. Step: 2590000. Time Elapsed: 1865.916 s. Mean Reward: -5.036. Std of Reward: 2.336. Training.
[INFO] CarDriver. Step: 2600000. Time Elapsed: 1880.062 s. Mean Reward: -4.470. Std of Reward: 2.091. Training.
[INFO] Exported results\ppo_car_v01\CarDriver\CarDriver-2599914.onnx
[INFO] CarDriver. Step: 2610000. Time Elapsed: 1891.632 s. Mean Reward: -4.358. Std of Reward: 2.225. Training.
[INFO] CarDriver. Step: 2620000. Time Elapsed: 1906.203 s. Mean Reward: -4.188. Std of Reward: 2.123. Training.
[INFO] CarDriver. Step: 2630000. Time Elapsed: 1918.440 s. Mean Reward: -3.795. Std of Reward: 1.946. Training.
[INFO] CarDriver. Step: 2640000. Time Elapsed: 1933.297 s. Mean Reward: -4.272. Std of Reward: 1.997. Training.
[INFO] CarDriver. Step: 2650000. Time Elapsed: 1944.935 s. Mean Reward: -4.325. Std of Reward: 1.913. Training.
[INFO] CarDriver. Step: 2660000. Time Elapsed: 1960.022 s. Mean Reward: -4.882. Std of Reward: 2.852. Training.
[INFO] CarDriver. Step: 2670000. Time Elapsed: 1974.816 s. Mean Reward: -4.093. Std of Reward: 2.220. Training.
[INFO] CarDriver. Step: 2680000. Time Elapsed: 1989.018 s. Mean Reward: -4.218. Std of Reward: 2.660. Training.
[INFO] CarDriver. Step: 2690000. Time Elapsed: 2005.587 s. Mean Reward: -5.384. Std of Reward: 1.689. Training.
[INFO] CarDriver. Step: 2700000. Time Elapsed: 2019.009 s. Mean Reward: -4.141. Std of Reward: 2.145. Training.
[INFO] Exported results\ppo_car_v01\CarDriver\CarDriver-2699918.onnx
[INFO] CarDriver. Step: 2710000. Time Elapsed: 2037.127 s. Mean Reward: -3.941. Std of Reward: 2.675. Training.
[INFO] CarDriver. Step: 2720000. Time Elapsed: 2049.643 s. Mean Reward: -4.064. Std of Reward: 1.497. Training.
[INFO] CarDriver. Step: 2730000. Time Elapsed: 2065.429 s. Mean Reward: -4.246. Std of Reward: 1.859. Training.
[INFO] CarDriver. Step: 2740000. Time Elapsed: 2078.499 s. Mean Reward: -4.134. Std of Reward: 1.449. Training.
[INFO] CarDriver. Step: 2750000. Time Elapsed: 2094.009 s. Mean Reward: -4.022. Std of Reward: 2.430. Training.
[INFO] CarDriver. Step: 2760000. Time Elapsed: 2107.256 s. Mean Reward: -4.413. Std of Reward: 3.087. Training.
[INFO] CarDriver. Step: 2770000. Time Elapsed: 2123.317 s. Mean Reward: -5.678. Std of Reward: 2.326. Training.
[INFO] CarDriver. Step: 2780000. Time Elapsed: 2135.962 s. Mean Reward: -5.038. Std of Reward: 2.417. Training.
[INFO] CarDriver. Step: 2790000. Time Elapsed: 2151.433 s. Mean Reward: -4.268. Std of Reward: 2.824. Training.
[INFO] CarDriver. Step: 2800000. Time Elapsed: 2163.528 s. Mean Reward: -4.647. Std of Reward: 1.394. Training.
[INFO] Exported results\ppo_car_v01\CarDriver\CarDriver-2799930.onnx
[INFO] CarDriver. Step: 2810000. Time Elapsed: 2180.862 s. Mean Reward: -4.479. Std of Reward: 2.664. Training.
[INFO] CarDriver. Step: 2820000. Time Elapsed: 2192.867 s. Mean Reward: -5.164. Std of Reward: 2.889. Training.
[INFO] CarDriver. Step: 2830000. Time Elapsed: 2209.939 s. Mean Reward: -3.704. Std of Reward: 2.210. Training.
[INFO] CarDriver. Step: 2840000. Time Elapsed: 2224.298 s. Mean Reward: -4.381. Std of Reward: 1.792. Training.
[INFO] CarDriver. Step: 2850000. Time Elapsed: 2242.786 s. Mean Reward: -4.781. Std of Reward: 1.985. Training.
[INFO] CarDriver. Step: 2860000. Time Elapsed: 2257.120 s. Mean Reward: -4.117. Std of Reward: 2.001. Training.
[INFO] CarDriver. Step: 2870000. Time Elapsed: 2273.355 s. Mean Reward: -4.028. Std of Reward: 2.072. Training.
[INFO] CarDriver. Step: 2880000. Time Elapsed: 2287.010 s. Mean Reward: -3.883. Std of Reward: 1.600. Training.
[INFO] CarDriver. Step: 2890000. Time Elapsed: 2303.533 s. Mean Reward: -4.362. Std of Reward: 1.978. Training.
[INFO] CarDriver. Step: 2900000. Time Elapsed: 2316.865 s. Mean Reward: -3.665. Std of Reward: 2.266. Training.
[INFO] Exported results\ppo_car_v01\CarDriver\CarDriver-2899874.onnx
[INFO] CarDriver. Step: 2910000. Time Elapsed: 2333.697 s. Mean Reward: -4.892. Std of Reward: 2.192. Training.
[INFO] CarDriver. Step: 2920000. Time Elapsed: 2347.166 s. Mean Reward: -4.324. Std of Reward: 2.534. Training.
[INFO] CarDriver. Step: 2930000. Time Elapsed: 2364.113 s. Mean Reward: -4.211. Std of Reward: 3.318. Training.
[INFO] CarDriver. Step: 2940000. Time Elapsed: 2378.092 s. Mean Reward: -4.793. Std of Reward: 0.601. Training.
[INFO] CarDriver. Step: 2950000. Time Elapsed: 2395.326 s. Mean Reward: -4.217. Std of Reward: 1.481. Training.
[INFO] CarDriver. Step: 2960000. Time Elapsed: 2408.401 s. Mean Reward: -4.741. Std of Reward: 2.869. Training.
[INFO] CarDriver. Step: 2970000. Time Elapsed: 2426.547 s. Mean Reward: -5.702. Std of Reward: 3.026. Training.
[INFO] CarDriver. Step: 2980000. Time Elapsed: 2440.310 s. Mean Reward: -4.321. Std of Reward: 1.640. Training.
[INFO] CarDriver. Step: 2990000. Time Elapsed: 2456.363 s. Mean Reward: -5.099. Std of Reward: 1.203. Training.
[INFO] CarDriver. Step: 3000000. Time Elapsed: 2468.557 s. Mean Reward: -3.934. Std of Reward: 2.340. Training.
[INFO] Exported results\ppo_car_v01\CarDriver\CarDriver-2999901.onnx
[INFO] CarDriver. Step: 3010000. Time Elapsed: 2484.977 s. Mean Reward: -4.885. Std of Reward: 2.534. Training.
[INFO] CarDriver. Step: 3020000. Time Elapsed: 2497.329 s. Mean Reward: -4.919. Std of Reward: 2.403. Training.
[INFO] CarDriver. Step: 3030000. Time Elapsed: 2515.471 s. Mean Reward: -4.104. Std of Reward: 2.164. Training.
[INFO] CarDriver. Step: 3040000. Time Elapsed: 2528.454 s. Mean Reward: -4.786. Std of Reward: 2.335. Training.
[INFO] CarDriver. Step: 3050000. Time Elapsed: 2542.704 s. Mean Reward: -3.726. Std of Reward: 2.115. Training.
[INFO] CarDriver. Step: 3060000. Time Elapsed: 2561.764 s. Mean Reward: -3.472. Std of Reward: 1.860. Training.
[INFO] CarDriver. Step: 3070000. Time Elapsed: 2575.370 s. Mean Reward: -4.876. Std of Reward: 2.522. Training.
[INFO] CarDriver. Step: 3080000. Time Elapsed: 2593.087 s. Mean Reward: -5.071. Std of Reward: 3.094. Training.
[INFO] CarDriver. Step: 3090000. Time Elapsed: 2607.118 s. Mean Reward: -4.867. Std of Reward: 2.364. Training.
[INFO] CarDriver. Step: 3100000. Time Elapsed: 2624.201 s. Mean Reward: -3.802. Std of Reward: 2.186. Training.
[INFO] Exported results\ppo_car_v01\CarDriver\CarDriver-3099981.onnx
[INFO] CarDriver. Step: 3110000. Time Elapsed: 2638.140 s. Mean Reward: -4.484. Std of Reward: 2.213. Training.
[INFO] CarDriver. Step: 3120000. Time Elapsed: 2654.364 s. Mean Reward: -3.724. Std of Reward: 2.267. Training.
[INFO] CarDriver. Step: 3130000. Time Elapsed: 2668.390 s. Mean Reward: -4.681. Std of Reward: 2.081. Training.
[INFO] CarDriver. Step: 3140000. Time Elapsed: 2686.260 s. Mean Reward: -4.213. Std of Reward: 1.942. Training.
[INFO] CarDriver. Step: 3150000. Time Elapsed: 2699.853 s. Mean Reward: -3.939. Std of Reward: 1.609. Training.
[INFO] CarDriver. Step: 3160000. Time Elapsed: 2717.933 s. Mean Reward: -4.344. Std of Reward: 2.834. Training.
[INFO] CarDriver. Step: 3170000. Time Elapsed: 2732.355 s. Mean Reward: -3.882. Std of Reward: 2.065. Training.
[INFO] CarDriver. Step: 3180000. Time Elapsed: 2748.939 s. Mean Reward: -4.567. Std of Reward: 2.801. Training.
[INFO] CarDriver. Step: 3190000. Time Elapsed: 2763.358 s. Mean Reward: -4.389. Std of Reward: 1.816. Training.
[INFO] CarDriver. Step: 3200000. Time Elapsed: 2780.335 s. Mean Reward: -5.220. Std of Reward: 2.916. Training.
[INFO] Exported results\ppo_car_v01\CarDriver\CarDriver-3199984.onnx
[INFO] CarDriver. Step: 3210000. Time Elapsed: 2795.313 s. Mean Reward: -3.729. Std of Reward: 1.734. Training.
[INFO] CarDriver. Step: 3220000. Time Elapsed: 2812.227 s. Mean Reward: -3.823. Std of Reward: 2.471. Training.
[INFO] CarDriver. Step: 3230000. Time Elapsed: 2826.244 s. Mean Reward: -4.171. Std of Reward: 2.305. Training.
[INFO] CarDriver. Step: 3240000. Time Elapsed: 2845.624 s. Mean Reward: -5.536. Std of Reward: 1.661. Training.
[INFO] CarDriver. Step: 3250000. Time Elapsed: 2859.877 s. Mean Reward: -4.549. Std of Reward: 2.338. Training.
[INFO] CarDriver. Step: 3260000. Time Elapsed: 2876.652 s. Mean Reward: -4.068. Std of Reward: 2.705. Training.
[INFO] CarDriver. Step: 3270000. Time Elapsed: 2889.053 s. Mean Reward: -4.126. Std of Reward: 2.036. Training.
[INFO] CarDriver. Step: 3280000. Time Elapsed: 2905.328 s. Mean Reward: -4.859. Std of Reward: 1.016. Training.
[INFO] CarDriver. Step: 3290000. Time Elapsed: 2918.578 s. Mean Reward: -4.119. Std of Reward: 2.239. Training.
[INFO] CarDriver. Step: 3300000. Time Elapsed: 2936.842 s. Mean Reward: -4.656. Std of Reward: 2.160. Training.
[INFO] Exported results\ppo_car_v01\CarDriver\CarDriver-3299964.onnx
[INFO] CarDriver. Step: 3310000. Time Elapsed: 2949.519 s. Mean Reward: -4.765. Std of Reward: 2.586. Training.
[INFO] CarDriver. Step: 3320000. Time Elapsed: 2965.996 s. Mean Reward: -3.861. Std of Reward: 1.205. Training.
[INFO] CarDriver. Step: 3330000. Time Elapsed: 2980.243 s. Mean Reward: -4.453. Std of Reward: 2.131. Training.
[INFO] CarDriver. Step: 3340000. Time Elapsed: 2997.966 s. Mean Reward: -4.981. Std of Reward: 1.753. Training.
[INFO] CarDriver. Step: 3350000. Time Elapsed: 3010.950 s. Mean Reward: -4.629. Std of Reward: 2.358. Training.
[INFO] CarDriver. Step: 3360000. Time Elapsed: 3028.678 s. Mean Reward: -4.957. Std of Reward: 2.998. Training.
[INFO] CarDriver. Step: 3370000. Time Elapsed: 3041.423 s. Mean Reward: -3.442. Std of Reward: 2.039. Training.
[INFO] CarDriver. Step: 3380000. Time Elapsed: 3058.246 s. Mean Reward: -4.907. Std of Reward: 2.490. Training.
[INFO] CarDriver. Step: 3390000. Time Elapsed: 3070.863 s. Mean Reward: -5.168. Std of Reward: 2.573. Training.
[INFO] CarDriver. Step: 3400000. Time Elapsed: 3088.418 s. Mean Reward: -3.317. Std of Reward: 1.766. Training.
[INFO] Exported results\ppo_car_v01\CarDriver\CarDriver-3399996.onnx
[INFO] CarDriver. Step: 3410000. Time Elapsed: 3101.202 s. Mean Reward: -4.379. Std of Reward: 2.405. Training.
[INFO] CarDriver. Step: 3420000. Time Elapsed: 3113.989 s. Mean Reward: -4.605. Std of Reward: 2.410. Training.
[INFO] CarDriver. Step: 3430000. Time Elapsed: 3131.297 s. Mean Reward: -4.786. Std of Reward: 1.336. Training.
[INFO] CarDriver. Step: 3440000. Time Elapsed: 3144.306 s. Mean Reward: -4.343. Std of Reward: 3.040. Training.
[INFO] CarDriver. Step: 3450000. Time Elapsed: 3160.799 s. Mean Reward: -3.927. Std of Reward: 1.328. Training.
[INFO] CarDriver. Step: 3460000. Time Elapsed: 3173.363 s. Mean Reward: -6.051. Std of Reward: 2.747. Training.
[INFO] CarDriver. Step: 3470000. Time Elapsed: 3190.980 s. Mean Reward: -3.870. Std of Reward: 2.728. Training.
[INFO] CarDriver. Step: 3480000. Time Elapsed: 3204.121 s. Mean Reward: -3.863. Std of Reward: 2.455. Training.
[INFO] CarDriver. Step: 3490000. Time Elapsed: 3220.072 s. Mean Reward: -4.465. Std of Reward: 0.811. Training.
[INFO] CarDriver. Step: 3500000. Time Elapsed: 3233.316 s. Mean Reward: -4.667. Std of Reward: 1.053. Training.
[INFO] Exported results\ppo_car_v01\CarDriver\CarDriver-3499921.onnx
[INFO] CarDriver. Step: 3510000. Time Elapsed: 3250.929 s. Mean Reward: -4.091. Std of Reward: 2.197. Training.
[INFO] CarDriver. Step: 3520000. Time Elapsed: 3265.174 s. Mean Reward: -5.125. Std of Reward: 2.760. Training.
[INFO] CarDriver. Step: 3530000. Time Elapsed: 3282.276 s. Mean Reward: -4.211. Std of Reward: 2.325. Training.
[INFO] CarDriver. Step: 3540000. Time Elapsed: 3295.646 s. Mean Reward: -4.013. Std of Reward: 2.273. Training.
[INFO] CarDriver. Step: 3550000. Time Elapsed: 3312.406 s. Mean Reward: -4.421. Std of Reward: 1.900. Training.
[INFO] CarDriver. Step: 3560000. Time Elapsed: 3325.128 s. Mean Reward: -3.940. Std of Reward: 1.901. Training.
[INFO] CarDriver. Step: 3570000. Time Elapsed: 3342.084 s. Mean Reward: -5.052. Std of Reward: 3.318. Training.
[INFO] CarDriver. Step: 3580000. Time Elapsed: 3355.733 s. Mean Reward: -3.574. Std of Reward: 1.570. Training.
[INFO] CarDriver. Step: 3590000. Time Elapsed: 3374.175 s. Mean Reward: -4.927. Std of Reward: 2.478. Training.
[INFO] CarDriver. Step: 3600000. Time Elapsed: 3388.599 s. Mean Reward: -4.728. Std of Reward: 2.328. Training.
[INFO] Exported results\ppo_car_v01\CarDriver\CarDriver-3599923.onnx
[INFO] CarDriver. Step: 3610000. Time Elapsed: 3406.200 s. Mean Reward: -5.466. Std of Reward: 2.706. Training.
[INFO] CarDriver. Step: 3620000. Time Elapsed: 3420.080 s. Mean Reward: -4.103. Std of Reward: 1.891. Training.
[INFO] CarDriver. Step: 3630000. Time Elapsed: 3438.719 s. Mean Reward: -4.432. Std of Reward: 2.638. Training.
[INFO] CarDriver. Step: 3640000. Time Elapsed: 3452.641 s. Mean Reward: -4.492. Std of Reward: 1.869. Training.
[INFO] CarDriver. Step: 3650000. Time Elapsed: 3469.307 s. Mean Reward: -4.754. Std of Reward: 2.525. Training.
[INFO] CarDriver. Step: 3660000. Time Elapsed: 3484.472 s. Mean Reward: -5.060. Std of Reward: 2.859. Training.
[INFO] CarDriver. Step: 3670000. Time Elapsed: 3502.598 s. Mean Reward: -4.057. Std of Reward: 2.020. Training.
[INFO] CarDriver. Step: 3680000. Time Elapsed: 3515.667 s. Mean Reward: -4.146. Std of Reward: 2.170. Training.
[INFO] CarDriver. Step: 3690000. Time Elapsed: 3532.936 s. Mean Reward: -4.017. Std of Reward: 1.829. Training.
[INFO] CarDriver. Step: 3700000. Time Elapsed: 3547.187 s. Mean Reward: -4.193. Std of Reward: 2.115. Training.
[INFO] Exported results\ppo_car_v01\CarDriver\CarDriver-3699948.onnx
[INFO] CarDriver. Step: 3710000. Time Elapsed: 3565.684 s. Mean Reward: -4.494. Std of Reward: 2.683. Training.
[INFO] CarDriver. Step: 3720000. Time Elapsed: 3579.651 s. Mean Reward: -4.730. Std of Reward: 0.586. Training.
[INFO] CarDriver. Step: 3730000. Time Elapsed: 3597.411 s. Mean Reward: -4.515. Std of Reward: 1.399. Training.
[INFO] CarDriver. Step: 3740000. Time Elapsed: 3610.120 s. Mean Reward: -3.343. Std of Reward: 2.673. Training.
[INFO] CarDriver. Step: 3750000. Time Elapsed: 3626.748 s. Mean Reward: -5.695. Std of Reward: 1.616. Training.
[INFO] CarDriver. Step: 3760000. Time Elapsed: 3639.180 s. Mean Reward: -4.612. Std of Reward: 2.332. Training.
[INFO] CarDriver. Step: 3770000. Time Elapsed: 3655.535 s. Mean Reward: -4.254. Std of Reward: 2.279. Training.
[INFO] CarDriver. Step: 3780000. Time Elapsed: 3668.694 s. Mean Reward: -3.695. Std of Reward: 1.926. Training.
[INFO] CarDriver. Step: 3790000. Time Elapsed: 3685.040 s. Mean Reward: -4.177. Std of Reward: 2.093. Training.
[INFO] CarDriver. Step: 3800000. Time Elapsed: 3698.068 s. Mean Reward: -5.140. Std of Reward: 2.285. Training.
[INFO] Exported results\ppo_car_v01\CarDriver\CarDriver-3799985.onnx
[INFO] CarDriver. Step: 3810000. Time Elapsed: 3710.702 s. Mean Reward: -4.104. Std of Reward: 1.794. Training.
[INFO] CarDriver. Step: 3820000. Time Elapsed: 3727.977 s. Mean Reward: -4.249. Std of Reward: 2.152. Training.
[INFO] CarDriver. Step: 3830000. Time Elapsed: 3741.864 s. Mean Reward: -4.093. Std of Reward: 1.717. Training.
[INFO] CarDriver. Step: 3840000. Time Elapsed: 3758.157 s. Mean Reward: -3.746. Std of Reward: 2.441. Training.
[INFO] CarDriver. Step: 3850000. Time Elapsed: 3771.704 s. Mean Reward: -5.052. Std of Reward: 2.993. Training.
[INFO] CarDriver. Step: 3860000. Time Elapsed: 3788.385 s. Mean Reward: -4.432. Std of Reward: 1.485. Training.
[INFO] CarDriver. Step: 3870000. Time Elapsed: 3801.431 s. Mean Reward: -4.010. Std of Reward: 1.952. Training.
[INFO] CarDriver. Step: 3880000. Time Elapsed: 3817.512 s. Mean Reward: -4.698. Std of Reward: 1.840. Training.
[INFO] CarDriver. Step: 3890000. Time Elapsed: 3831.366 s. Mean Reward: -4.694. Std of Reward: 2.908. Training.
[INFO] CarDriver. Step: 3900000. Time Elapsed: 3847.430 s. Mean Reward: -3.966. Std of Reward: 1.328. Training.
[INFO] Exported results\ppo_car_v01\CarDriver\CarDriver-3899933.onnx
[INFO] CarDriver. Step: 3910000. Time Elapsed: 3860.827 s. Mean Reward: -4.339. Std of Reward: 1.890. Training.
[INFO] CarDriver. Step: 3920000. Time Elapsed: 3877.514 s. Mean Reward: -4.452. Std of Reward: 2.193. Training.
[INFO] CarDriver. Step: 3930000. Time Elapsed: 3891.106 s. Mean Reward: -4.463. Std of Reward: 2.490. Training.
[INFO] CarDriver. Step: 3940000. Time Elapsed: 3907.502 s. Mean Reward: -4.372. Std of Reward: 2.169. Training.
[INFO] CarDriver. Step: 3950000. Time Elapsed: 3920.761 s. Mean Reward: -3.956. Std of Reward: 2.205. Training.
[INFO] CarDriver. Step: 3960000. Time Elapsed: 3936.405 s. Mean Reward: -5.660. Std of Reward: 2.816. Training.
[INFO] CarDriver. Step: 3970000. Time Elapsed: 3949.478 s. Mean Reward: -4.274. Std of Reward: 2.150. Training.
[INFO] CarDriver. Step: 3980000. Time Elapsed: 3965.868 s. Mean Reward: -4.231. Std of Reward: 2.095. Training.
[INFO] CarDriver. Step: 3990000. Time Elapsed: 3978.602 s. Mean Reward: -4.224. Std of Reward: 2.818. Training.
[INFO] CarDriver. Step: 4000000. Time Elapsed: 3995.181 s. Mean Reward: -3.924. Std of Reward: 1.673. Training.
[INFO] Exported results\ppo_car_v01\CarDriver\CarDriver-3999995.onnx
[INFO] CarDriver. Step: 4010000. Time Elapsed: 4008.075 s. Mean Reward: -4.216. Std of Reward: 1.259. Training.
[INFO] CarDriver. Step: 4020000. Time Elapsed: 4024.522 s. Mean Reward: -3.971. Std of Reward: 1.901. Training.
[INFO] CarDriver. Step: 4030000. Time Elapsed: 4038.037 s. Mean Reward: -4.523. Std of Reward: 1.930. Training.
[INFO] CarDriver. Step: 4040000. Time Elapsed: 4053.954 s. Mean Reward: -3.822. Std of Reward: 2.251. Training.
[INFO] CarDriver. Step: 4050000. Time Elapsed: 4067.277 s. Mean Reward: -4.302. Std of Reward: 2.526. Training.
[INFO] CarDriver. Step: 4060000. Time Elapsed: 4085.528 s. Mean Reward: -4.164. Std of Reward: 1.899. Training.
[INFO] CarDriver. Step: 4070000. Time Elapsed: 4100.451 s. Mean Reward: -5.246. Std of Reward: 2.315. Training.
[INFO] CarDriver. Step: 4080000. Time Elapsed: 4118.019 s. Mean Reward: -4.126. Std of Reward: 2.951. Training.
[INFO] CarDriver. Step: 4090000. Time Elapsed: 4130.631 s. Mean Reward: -4.298. Std of Reward: 2.437. Training.
[INFO] CarDriver. Step: 4100000. Time Elapsed: 4146.911 s. Mean Reward: -4.738. Std of Reward: 1.805. Training.
[INFO] Exported results\ppo_car_v01\CarDriver\CarDriver-4099967.onnx
[INFO] CarDriver. Step: 4110000. Time Elapsed: 4159.584 s. Mean Reward: -5.242. Std of Reward: 1.753. Training.
[INFO] CarDriver. Step: 4120000. Time Elapsed: 4175.656 s. Mean Reward: -4.196. Std of Reward: 2.563. Training.
[INFO] CarDriver. Step: 4130000. Time Elapsed: 4188.147 s. Mean Reward: -4.547. Std of Reward: 2.751. Training.
[INFO] CarDriver. Step: 4140000. Time Elapsed: 4204.500 s. Mean Reward: -4.087. Std of Reward: 2.123. Training.
[INFO] CarDriver. Step: 4150000. Time Elapsed: 4219.915 s. Mean Reward: -5.583. Std of Reward: 2.519. Training.
[INFO] CarDriver. Step: 4160000. Time Elapsed: 4233.921 s. Mean Reward: -4.513. Std of Reward: 2.990. Training.
[INFO] CarDriver. Step: 4170000. Time Elapsed: 4251.426 s. Mean Reward: -4.118. Std of Reward: 2.054. Training.
[INFO] CarDriver. Step: 4180000. Time Elapsed: 4264.105 s. Mean Reward: -4.754. Std of Reward: 2.481. Training.
[INFO] CarDriver. Step: 4190000. Time Elapsed: 4281.005 s. Mean Reward: -4.924. Std of Reward: 2.865. Training.
[INFO] CarDriver. Step: 4200000. Time Elapsed: 4293.997 s. Mean Reward: -4.403. Std of Reward: 1.675. Training.
[INFO] Exported results\ppo_car_v01\CarDriver\CarDriver-4199910.onnx
[INFO] CarDriver. Step: 4210000. Time Elapsed: 4312.138 s. Mean Reward: -4.992. Std of Reward: 2.132. Training.
[INFO] CarDriver. Step: 4220000. Time Elapsed: 4325.803 s. Mean Reward: -4.090. Std of Reward: 2.539. Training.
[INFO] CarDriver. Step: 4230000. Time Elapsed: 4343.397 s. Mean Reward: -4.406. Std of Reward: 1.889. Training.
[INFO] CarDriver. Step: 4240000. Time Elapsed: 4355.980 s. Mean Reward: -3.880. Std of Reward: 2.214. Training.
[INFO] CarDriver. Step: 4250000. Time Elapsed: 4372.543 s. Mean Reward: -4.943. Std of Reward: 2.057. Training.
[INFO] CarDriver. Step: 4260000. Time Elapsed: 4386.401 s. Mean Reward: -4.644. Std of Reward: 2.303. Training.
[INFO] CarDriver. Step: 4270000. Time Elapsed: 4402.877 s. Mean Reward: -4.676. Std of Reward: 3.244. Training.
[INFO] CarDriver. Step: 4280000. Time Elapsed: 4416.654 s. Mean Reward: -4.905. Std of Reward: 2.187. Training.
[INFO] CarDriver. Step: 4290000. Time Elapsed: 4433.353 s. Mean Reward: -5.458. Std of Reward: 2.092. Training.
[INFO] CarDriver. Step: 4300000. Time Elapsed: 4446.188 s. Mean Reward: -4.778. Std of Reward: 2.153. Training.
[INFO] Exported results\ppo_car_v01\CarDriver\CarDriver-4299969.onnx
[INFO] CarDriver. Step: 4310000. Time Elapsed: 4463.496 s. Mean Reward: -3.705. Std of Reward: 2.082. Training.
[INFO] CarDriver. Step: 4320000. Time Elapsed: 4476.971 s. Mean Reward: -4.335. Std of Reward: 1.628. Training.
[INFO] CarDriver. Step: 4330000. Time Elapsed: 4493.953 s. Mean Reward: -4.508. Std of Reward: 2.334. Training.
[INFO] CarDriver. Step: 4340000. Time Elapsed: 4507.854 s. Mean Reward: -5.110. Std of Reward: 2.175. Training.
[INFO] CarDriver. Step: 4350000. Time Elapsed: 4525.524 s. Mean Reward: -4.199. Std of Reward: 2.222. Training.
[INFO] CarDriver. Step: 4360000. Time Elapsed: 4539.959 s. Mean Reward: -4.214. Std of Reward: 2.227. Training.
[INFO] CarDriver. Step: 4370000. Time Elapsed: 4557.102 s. Mean Reward: -4.738. Std of Reward: 2.803. Training.
[INFO] CarDriver. Step: 4380000. Time Elapsed: 4570.404 s. Mean Reward: -4.039. Std of Reward: 1.835. Training.
[INFO] CarDriver. Step: 4390000. Time Elapsed: 4587.462 s. Mean Reward: -3.685. Std of Reward: 1.717. Training.
[INFO] CarDriver. Step: 4400000. Time Elapsed: 4600.944 s. Mean Reward: -4.857. Std of Reward: 2.764. Training.
[INFO] Exported results\ppo_car_v01\CarDriver\CarDriver-4399938.onnx
[INFO] CarDriver. Step: 4410000. Time Elapsed: 4617.693 s. Mean Reward: -4.052. Std of Reward: 2.328. Training.
[INFO] CarDriver. Step: 4420000. Time Elapsed: 4630.969 s. Mean Reward: -4.539. Std of Reward: 2.852. Training.
[INFO] CarDriver. Step: 4430000. Time Elapsed: 4647.503 s. Mean Reward: -4.289. Std of Reward: 1.593. Training.
[INFO] CarDriver. Step: 4440000. Time Elapsed: 4660.874 s. Mean Reward: -4.142. Std of Reward: 1.697. Training.
[INFO] CarDriver. Step: 4450000. Time Elapsed: 4678.386 s. Mean Reward: -3.387. Std of Reward: 2.034. Training.
[INFO] CarDriver. Step: 4460000. Time Elapsed: 4691.922 s. Mean Reward: -3.923. Std of Reward: 1.612. Training.
[INFO] CarDriver. Step: 4470000. Time Elapsed: 4707.509 s. Mean Reward: -4.179. Std of Reward: 0.479. Training.
[INFO] CarDriver. Step: 4480000. Time Elapsed: 4721.648 s. Mean Reward: -4.816. Std of Reward: 3.509. Training.
[INFO] CarDriver. Step: 4490000. Time Elapsed: 4738.002 s. Mean Reward: -5.166. Std of Reward: 2.080. Training.
[INFO] CarDriver. Step: 4500000. Time Elapsed: 4751.394 s. Mean Reward: -4.344. Std of Reward: 2.511. Training.
[INFO] Exported results\ppo_car_v01\CarDriver\CarDriver-4499896.onnx
[INFO] CarDriver. Step: 4510000. Time Elapsed: 4765.164 s. Mean Reward: -4.332. Std of Reward: 0.524. Training.
[INFO] CarDriver. Step: 4520000. Time Elapsed: 4781.675 s. Mean Reward: -3.623. Std of Reward: 2.182. Training.
[INFO] CarDriver. Step: 4530000. Time Elapsed: 4794.883 s. Mean Reward: -4.398. Std of Reward: 1.819. Training.
[INFO] CarDriver. Step: 4540000. Time Elapsed: 4811.577 s. Mean Reward: -4.279. Std of Reward: 2.595. Training.
[INFO] CarDriver. Step: 4550000. Time Elapsed: 4825.459 s. Mean Reward: -4.231. Std of Reward: 1.552. Training.
[INFO] CarDriver. Step: 4560000. Time Elapsed: 4841.479 s. Mean Reward: -3.993. Std of Reward: 1.212. Training.
[INFO] CarDriver. Step: 4570000. Time Elapsed: 4855.752 s. Mean Reward: -4.210. Std of Reward: 3.068. Training.
[INFO] CarDriver. Step: 4580000. Time Elapsed: 4872.744 s. Mean Reward: -4.339. Std of Reward: 2.136. Training.
[INFO] CarDriver. Step: 4590000. Time Elapsed: 4885.986 s. Mean Reward: -4.537. Std of Reward: 1.071. Training.
[INFO] CarDriver. Step: 4600000. Time Elapsed: 4903.077 s. Mean Reward: -4.693. Std of Reward: 2.846. Training.
[INFO] Exported results\ppo_car_v01\CarDriver\CarDriver-4599982.onnx
[INFO] CarDriver. Step: 4610000. Time Elapsed: 4915.581 s. Mean Reward: -4.552. Std of Reward: 2.135. Training.
[INFO] CarDriver. Step: 4620000. Time Elapsed: 4932.140 s. Mean Reward: -5.528. Std of Reward: 1.986. Training.
[INFO] CarDriver. Step: 4630000. Time Elapsed: 4945.514 s. Mean Reward: -3.805. Std of Reward: 2.145. Training.
[INFO] CarDriver. Step: 4640000. Time Elapsed: 4962.385 s. Mean Reward: -4.652. Std of Reward: 1.499. Training.
[INFO] CarDriver. Step: 4650000. Time Elapsed: 4975.864 s. Mean Reward: -4.411. Std of Reward: 2.915. Training.
[INFO] CarDriver. Step: 4660000. Time Elapsed: 4992.562 s. Mean Reward: -4.235. Std of Reward: 2.779. Training.
[INFO] CarDriver. Step: 4670000. Time Elapsed: 5006.433 s. Mean Reward: -4.738. Std of Reward: 2.160. Training.
[INFO] CarDriver. Step: 4680000. Time Elapsed: 5022.154 s. Mean Reward: -4.702. Std of Reward: 2.693. Training.
[INFO] CarDriver. Step: 4690000. Time Elapsed: 5036.630 s. Mean Reward: -4.737. Std of Reward: 2.390. Training.
[INFO] CarDriver. Step: 4700000. Time Elapsed: 5054.340 s. Mean Reward: -4.304. Std of Reward: 2.162. Training.
[INFO] Exported results\ppo_car_v01\CarDriver\CarDriver-4699962.onnx
[INFO] CarDriver. Step: 4710000. Time Elapsed: 5066.466 s. Mean Reward: -4.737. Std of Reward: 2.849. Training.
[INFO] CarDriver. Step: 4720000. Time Elapsed: 5082.809 s. Mean Reward: -3.925. Std of Reward: 2.648. Training.
[INFO] CarDriver. Step: 4730000. Time Elapsed: 5094.866 s. Mean Reward: -4.408. Std of Reward: 2.238. Training.
[INFO] CarDriver. Step: 4740000. Time Elapsed: 5110.679 s. Mean Reward: -3.879. Std of Reward: 1.977. Training.
[INFO] CarDriver. Step: 4750000. Time Elapsed: 5123.417 s. Mean Reward: -4.447. Std of Reward: 2.556. Training.
[INFO] CarDriver. Step: 4760000. Time Elapsed: 5139.934 s. Mean Reward: -3.425. Std of Reward: 2.059. Training.
[INFO] CarDriver. Step: 4770000. Time Elapsed: 5152.654 s. Mean Reward: -4.235. Std of Reward: 1.736. Training.
[INFO] CarDriver. Step: 4780000. Time Elapsed: 5168.994 s. Mean Reward: -3.746. Std of Reward: 1.440. Training.
[INFO] CarDriver. Step: 4790000. Time Elapsed: 5181.131 s. Mean Reward: -4.045. Std of Reward: 2.408. Training.
[INFO] CarDriver. Step: 4800000. Time Elapsed: 5198.086 s. Mean Reward: -4.341. Std of Reward: 1.994. Training.
[INFO] Exported results\ppo_car_v01\CarDriver\CarDriver-4799933.onnx
[INFO] CarDriver. Step: 4810000. Time Elapsed: 5212.115 s. Mean Reward: -4.134. Std of Reward: 1.908. Training.
[INFO] CarDriver. Step: 4820000. Time Elapsed: 5230.096 s. Mean Reward: -4.057. Std of Reward: 2.160. Training.
[INFO] CarDriver. Step: 4830000. Time Elapsed: 5244.649 s. Mean Reward: -3.979. Std of Reward: 2.242. Training.
[INFO] CarDriver. Step: 4840000. Time Elapsed: 5262.991 s. Mean Reward: -5.116. Std of Reward: 2.857. Training.
[INFO] CarDriver. Step: 4850000. Time Elapsed: 5275.315 s. Mean Reward: -3.650. Std of Reward: 2.425. Training.
[INFO] CarDriver. Step: 4860000. Time Elapsed: 5293.140 s. Mean Reward: -5.299. Std of Reward: 2.839. Training.
[INFO] CarDriver. Step: 4870000. Time Elapsed: 5307.316 s. Mean Reward: -3.764. Std of Reward: 2.002. Training.
[INFO] CarDriver. Step: 4880000. Time Elapsed: 5321.634 s. Mean Reward: -4.605. Std of Reward: 2.103. Training.
[INFO] CarDriver. Step: 4890000. Time Elapsed: 5338.456 s. Mean Reward: -4.223. Std of Reward: 2.557. Training.
[INFO] CarDriver. Step: 4900000. Time Elapsed: 5351.828 s. Mean Reward: -3.476. Std of Reward: 1.808. Training.
[INFO] Exported results\ppo_car_v01\CarDriver\CarDriver-4899894.onnx
[INFO] CarDriver. Step: 4910000. Time Elapsed: 5368.547 s. Mean Reward: -3.647. Std of Reward: 2.135. Training.
[INFO] CarDriver. Step: 4920000. Time Elapsed: 5382.336 s. Mean Reward: -5.080. Std of Reward: 1.729. Training.
[INFO] CarDriver. Step: 4930000. Time Elapsed: 5398.428 s. Mean Reward: -4.680. Std of Reward: 1.657. Training.
[INFO] CarDriver. Step: 4940000. Time Elapsed: 5412.405 s. Mean Reward: -3.651. Std of Reward: 1.819. Training.
[INFO] CarDriver. Step: 4950000. Time Elapsed: 5430.634 s. Mean Reward: -4.815. Std of Reward: 2.686. Training.
[INFO] CarDriver. Step: 4960000. Time Elapsed: 5445.062 s. Mean Reward: -4.312. Std of Reward: 1.856. Training.
[INFO] CarDriver. Step: 4970000. Time Elapsed: 5461.970 s. Mean Reward: -3.567. Std of Reward: 1.847. Training.
[INFO] CarDriver. Step: 4980000. Time Elapsed: 5476.166 s. Mean Reward: -4.638. Std of Reward: 1.748. Training.
[INFO] CarDriver. Step: 4990000. Time Elapsed: 5493.402 s. Mean Reward: -4.002. Std of Reward: 2.835. Training.
[INFO] CarDriver. Step: 5000000. Time Elapsed: 5507.824 s. Mean Reward: -5.341. Std of Reward: 1.382. Training.
[INFO] Exported results\ppo_car_v01\CarDriver\CarDriver-4999972.onnx
[INFO] Exported results\ppo_car_v01\CarDriver\CarDriver-5000082.onnx
[INFO] Copied results\ppo_car_v01\CarDriver\CarDriver-5000082.onnx to results\ppo_car_v01\CarDriver.onnx.
