[INFO] Listening on port 5004. Start training by pressing the Play button in the Unity Editor.
[INFO] Connected to Unity environment with package version 4.0.3 and communication version 1.5.0
[INFO] Connected new brain: CarDriver?team=0


	Unity Technologies

 Version information:
  ml-agents: 1.1.0,
  ml-agents-envs: 1.1.0,
  Communicator API: 1.5.0,
  PyTorch: 2.6.0+cu124
[INFO] Hyperparameters for behavior name CarDriver: 
	trainer_type:	ppo
	hyperparameters:	
	  batch_size:	2048
	  buffer_size:	20480
	  learning_rate:	0.0003
	  beta:	0.005
	  epsilon:	0.2
	  lambd:	0.95
	  num_epoch:	3
	  shared_critic:	False
	  learning_rate_schedule:	linear
	  beta_schedule:	linear
	  epsilon_schedule:	linear
	checkpoint_interval:	100000
	network_settings:	
	  normalize:	True
	  hidden_units:	256
	  num_layers:	2
	  vis_encode_type:	simple
	  memory:	None
	  goal_conditioning_type:	hyper
	  deterministic:	False
	reward_signals:	
	  extrinsic:	
	    gamma:	0.99
	    strength:	1.0
	    network_settings:	
	      normalize:	False
	      hidden_units:	128
	      num_layers:	2
	      vis_encode_type:	simple
	      memory:	None
	      goal_conditioning_type:	hyper
	      deterministic:	False
	init_path:	None
	keep_checkpoints:	5
	even_checkpoints:	False
	max_steps:	2000000
	time_horizon:	128
	summary_freq:	10000
	threaded:	False
	self_play:	None
	behavioral_cloning:	None
[INFO] CarDriver. Step: 10000. Time Elapsed: 39.547 s. Mean Reward: -5.222. Std of Reward: 1.393. Training.
[INFO] CarDriver. Step: 20000. Time Elapsed: 50.919 s. Mean Reward: -4.626. Std of Reward: 2.233. Training.
[INFO] CarDriver. Step: 30000. Time Elapsed: 61.301 s. Mean Reward: -3.574. Std of Reward: 1.787. Training.
[INFO] CarDriver. Step: 40000. Time Elapsed: 69.893 s. Mean Reward: -4.686. Std of Reward: 2.565. Training.
[INFO] CarDriver. Step: 50000. Time Elapsed: 84.723 s. Mean Reward: -4.926. Std of Reward: 1.680. Training.
[INFO] CarDriver. Step: 60000. Time Elapsed: 94.916 s. Mean Reward: -4.141. Std of Reward: 2.034. Training.
[INFO] CarDriver. Step: 70000. Time Elapsed: 107.644 s. Mean Reward: -4.507. Std of Reward: 1.379. Training.
[INFO] CarDriver. Step: 80000. Time Elapsed: 117.428 s. Mean Reward: -4.372. Std of Reward: 2.418. Training.
[INFO] CarDriver. Step: 90000. Time Elapsed: 130.542 s. Mean Reward: -4.952. Std of Reward: 2.297. Training.
[INFO] CarDriver. Step: 100000. Time Elapsed: 139.933 s. Mean Reward: -4.881. Std of Reward: 1.459. Training.
[INFO] Exported results\ppo_car_007_spread_a\CarDriver\CarDriver-99971.onnx
[INFO] CarDriver. Step: 110000. Time Elapsed: 154.088 s. Mean Reward: -5.217. Std of Reward: 2.821. Training.
[INFO] CarDriver. Step: 120000. Time Elapsed: 164.137 s. Mean Reward: -4.418. Std of Reward: 2.817. Training.
[INFO] CarDriver. Step: 130000. Time Elapsed: 176.568 s. Mean Reward: -4.781. Std of Reward: 2.440. Training.
[INFO] CarDriver. Step: 140000. Time Elapsed: 186.869 s. Mean Reward: -4.331. Std of Reward: 2.532. Training.
[INFO] CarDriver. Step: 150000. Time Elapsed: 199.916 s. Mean Reward: -4.331. Std of Reward: 1.645. Training.
[INFO] CarDriver. Step: 160000. Time Elapsed: 209.008 s. Mean Reward: -4.185. Std of Reward: 2.254. Training.
[INFO] CarDriver. Step: 170000. Time Elapsed: 222.519 s. Mean Reward: -4.269. Std of Reward: 2.395. Training.
[INFO] CarDriver. Step: 180000. Time Elapsed: 233.544 s. Mean Reward: -4.761. Std of Reward: 2.617. Training.
[INFO] CarDriver. Step: 190000. Time Elapsed: 246.841 s. Mean Reward: -4.206. Std of Reward: 1.535. Training.
[INFO] CarDriver. Step: 200000. Time Elapsed: 257.245 s. Mean Reward: -4.796. Std of Reward: 2.255. Training.
[INFO] Exported results\ppo_car_007_spread_a\CarDriver\CarDriver-199979.onnx
[INFO] CarDriver. Step: 210000. Time Elapsed: 271.761 s. Mean Reward: -5.021. Std of Reward: 2.602. Training.
[INFO] CarDriver. Step: 220000. Time Elapsed: 282.015 s. Mean Reward: -4.671. Std of Reward: 2.695. Training.
[INFO] CarDriver. Step: 230000. Time Elapsed: 295.615 s. Mean Reward: -5.385. Std of Reward: 2.106. Training.
[INFO] CarDriver. Step: 240000. Time Elapsed: 306.203 s. Mean Reward: -4.010. Std of Reward: 1.778. Training.
[INFO] CarDriver. Step: 250000. Time Elapsed: 319.449 s. Mean Reward: -4.359. Std of Reward: 1.897. Training.
[INFO] CarDriver. Step: 260000. Time Elapsed: 329.994 s. Mean Reward: -4.864. Std of Reward: 2.311. Training.
[INFO] CarDriver. Step: 270000. Time Elapsed: 344.170 s. Mean Reward: -3.730. Std of Reward: 2.085. Training.
[INFO] CarDriver. Step: 280000. Time Elapsed: 354.691 s. Mean Reward: -4.927. Std of Reward: 2.263. Training.
[INFO] CarDriver. Step: 290000. Time Elapsed: 368.161 s. Mean Reward: -4.595. Std of Reward: 2.782. Training.
[INFO] CarDriver. Step: 300000. Time Elapsed: 379.168 s. Mean Reward: -4.397. Std of Reward: 1.276. Training.
[INFO] Exported results\ppo_car_007_spread_a\CarDriver\CarDriver-299913.onnx
[INFO] CarDriver. Step: 310000. Time Elapsed: 392.826 s. Mean Reward: -3.804. Std of Reward: 2.946. Training.
[INFO] CarDriver. Step: 320000. Time Elapsed: 403.106 s. Mean Reward: -4.702. Std of Reward: 0.499. Training.
[INFO] CarDriver. Step: 330000. Time Elapsed: 416.292 s. Mean Reward: -4.897. Std of Reward: 2.101. Training.
[INFO] CarDriver. Step: 340000. Time Elapsed: 426.525 s. Mean Reward: -3.759. Std of Reward: 2.364. Training.
[INFO] CarDriver. Step: 350000. Time Elapsed: 440.313 s. Mean Reward: -4.981. Std of Reward: 2.159. Training.
[INFO] CarDriver. Step: 360000. Time Elapsed: 450.401 s. Mean Reward: -4.701. Std of Reward: 2.457. Training.
[INFO] CarDriver. Step: 370000. Time Elapsed: 463.608 s. Mean Reward: -3.876. Std of Reward: 2.369. Training.
[INFO] CarDriver. Step: 380000. Time Elapsed: 474.678 s. Mean Reward: -4.340. Std of Reward: 2.174. Training.
[INFO] CarDriver. Step: 390000. Time Elapsed: 484.320 s. Mean Reward: -4.669. Std of Reward: 2.168. Training.
[INFO] CarDriver. Step: 400000. Time Elapsed: 498.041 s. Mean Reward: -4.739. Std of Reward: 2.077. Training.
[INFO] Exported results\ppo_car_007_spread_a\CarDriver\CarDriver-399955.onnx
[INFO] CarDriver. Step: 410000. Time Elapsed: 507.461 s. Mean Reward: -3.811. Std of Reward: 1.674. Training.
[INFO] CarDriver. Step: 420000. Time Elapsed: 521.201 s. Mean Reward: -4.083. Std of Reward: 2.079. Training.
[INFO] CarDriver. Step: 430000. Time Elapsed: 531.422 s. Mean Reward: -3.686. Std of Reward: 1.941. Training.
[INFO] CarDriver. Step: 440000. Time Elapsed: 544.683 s. Mean Reward: -4.635. Std of Reward: 1.797. Training.
[INFO] CarDriver. Step: 450000. Time Elapsed: 554.979 s. Mean Reward: -5.123. Std of Reward: 2.937. Training.
[INFO] CarDriver. Step: 460000. Time Elapsed: 568.848 s. Mean Reward: -4.494. Std of Reward: 1.931. Training.
[INFO] CarDriver. Step: 470000. Time Elapsed: 579.514 s. Mean Reward: -3.521. Std of Reward: 2.294. Training.
[INFO] CarDriver. Step: 480000. Time Elapsed: 592.739 s. Mean Reward: -4.248. Std of Reward: 1.507. Training.
[INFO] CarDriver. Step: 490000. Time Elapsed: 603.460 s. Mean Reward: -3.669. Std of Reward: 1.815. Training.
[INFO] CarDriver. Step: 500000. Time Elapsed: 616.541 s. Mean Reward: -4.593. Std of Reward: 1.321. Training.
[INFO] Exported results\ppo_car_007_spread_a\CarDriver\CarDriver-499911.onnx
[INFO] CarDriver. Step: 510000. Time Elapsed: 627.432 s. Mean Reward: -4.301. Std of Reward: 2.398. Training.
[INFO] CarDriver. Step: 520000. Time Elapsed: 640.423 s. Mean Reward: -4.805. Std of Reward: 2.740. Training.
[INFO] CarDriver. Step: 530000. Time Elapsed: 651.198 s. Mean Reward: -4.426. Std of Reward: 2.214. Training.
[INFO] CarDriver. Step: 540000. Time Elapsed: 666.515 s. Mean Reward: -4.569. Std of Reward: 1.971. Training.
[INFO] CarDriver. Step: 550000. Time Elapsed: 677.022 s. Mean Reward: -4.221. Std of Reward: 2.146. Training.
[INFO] CarDriver. Step: 560000. Time Elapsed: 690.375 s. Mean Reward: -4.381. Std of Reward: 1.499. Training.
[INFO] CarDriver. Step: 570000. Time Elapsed: 700.674 s. Mean Reward: -4.761. Std of Reward: 2.022. Training.
[INFO] CarDriver. Step: 580000. Time Elapsed: 714.237 s. Mean Reward: -4.013. Std of Reward: 2.249. Training.
[INFO] CarDriver. Step: 590000. Time Elapsed: 724.617 s. Mean Reward: -4.774. Std of Reward: 2.402. Training.
[INFO] CarDriver. Step: 600000. Time Elapsed: 737.963 s. Mean Reward: -4.194. Std of Reward: 1.530. Training.
[INFO] Exported results\ppo_car_007_spread_a\CarDriver\CarDriver-599988.onnx
[INFO] CarDriver. Step: 610000. Time Elapsed: 748.877 s. Mean Reward: -4.557. Std of Reward: 2.360. Training.
[INFO] CarDriver. Step: 620000. Time Elapsed: 762.227 s. Mean Reward: -4.692. Std of Reward: 1.972. Training.
[INFO] CarDriver. Step: 630000. Time Elapsed: 773.024 s. Mean Reward: -4.177. Std of Reward: 1.952. Training.
[INFO] CarDriver. Step: 640000. Time Elapsed: 786.232 s. Mean Reward: -4.587. Std of Reward: 2.399. Training.
[INFO] CarDriver. Step: 650000. Time Elapsed: 796.484 s. Mean Reward: -4.310. Std of Reward: 1.737. Training.
[INFO] CarDriver. Step: 660000. Time Elapsed: 809.416 s. Mean Reward: -4.191. Std of Reward: 2.334. Training.
[INFO] CarDriver. Step: 670000. Time Elapsed: 819.550 s. Mean Reward: -4.566. Std of Reward: 2.227. Training.
[INFO] CarDriver. Step: 680000. Time Elapsed: 832.933 s. Mean Reward: -4.506. Std of Reward: 1.854. Training.
[INFO] CarDriver. Step: 690000. Time Elapsed: 843.448 s. Mean Reward: -4.149. Std of Reward: 2.405. Training.
[INFO] CarDriver. Step: 700000. Time Elapsed: 856.584 s. Mean Reward: -4.456. Std of Reward: 2.219. Training.
[INFO] Exported results\ppo_car_007_spread_a\CarDriver\CarDriver-699946.onnx
[INFO] CarDriver. Step: 710000. Time Elapsed: 867.322 s. Mean Reward: -4.379. Std of Reward: 2.556. Training.
[INFO] CarDriver. Step: 720000. Time Elapsed: 880.943 s. Mean Reward: -4.709. Std of Reward: 1.858. Training.
[INFO] CarDriver. Step: 730000. Time Elapsed: 891.337 s. Mean Reward: -3.885. Std of Reward: 2.358. Training.
[INFO] CarDriver. Step: 740000. Time Elapsed: 901.536 s. Mean Reward: -4.290. Std of Reward: 1.331. Training.
[INFO] CarDriver. Step: 750000. Time Elapsed: 914.869 s. Mean Reward: -4.061. Std of Reward: 2.210. Training.
[INFO] CarDriver. Step: 760000. Time Elapsed: 925.012 s. Mean Reward: -4.853. Std of Reward: 2.362. Training.
[INFO] CarDriver. Step: 770000. Time Elapsed: 938.640 s. Mean Reward: -3.674. Std of Reward: 1.464. Training.
[INFO] CarDriver. Step: 780000. Time Elapsed: 947.956 s. Mean Reward: -4.317. Std of Reward: 2.082. Training.
[INFO] CarDriver. Step: 790000. Time Elapsed: 961.481 s. Mean Reward: -3.953. Std of Reward: 2.229. Training.
[INFO] CarDriver. Step: 800000. Time Elapsed: 972.139 s. Mean Reward: -6.109. Std of Reward: 2.667. Training.
[INFO] Exported results\ppo_car_007_spread_a\CarDriver\CarDriver-799980.onnx
[INFO] CarDriver. Step: 810000. Time Elapsed: 986.825 s. Mean Reward: -3.547. Std of Reward: 2.052. Training.
[INFO] CarDriver. Step: 820000. Time Elapsed: 997.740 s. Mean Reward: -5.297. Std of Reward: 2.465. Training.
[INFO] CarDriver. Step: 830000. Time Elapsed: 1011.002 s. Mean Reward: -4.769. Std of Reward: 2.055. Training.
[INFO] CarDriver. Step: 840000. Time Elapsed: 1021.489 s. Mean Reward: -4.090. Std of Reward: 2.263. Training.
[INFO] CarDriver. Step: 850000. Time Elapsed: 1034.875 s. Mean Reward: -4.564. Std of Reward: 1.569. Training.
[INFO] CarDriver. Step: 860000. Time Elapsed: 1045.500 s. Mean Reward: -4.417. Std of Reward: 2.597. Training.
[INFO] CarDriver. Step: 870000. Time Elapsed: 1058.736 s. Mean Reward: -4.885. Std of Reward: 2.498. Training.
[INFO] CarDriver. Step: 880000. Time Elapsed: 1069.933 s. Mean Reward: -5.713. Std of Reward: 1.988. Training.
[INFO] CarDriver. Step: 890000. Time Elapsed: 1083.422 s. Mean Reward: -5.326. Std of Reward: 2.526. Training.
[INFO] CarDriver. Step: 900000. Time Elapsed: 1093.876 s. Mean Reward: -3.950. Std of Reward: 2.361. Training.
[INFO] Exported results\ppo_car_007_spread_a\CarDriver\CarDriver-899977.onnx
[INFO] CarDriver. Step: 910000. Time Elapsed: 1107.881 s. Mean Reward: -4.612. Std of Reward: 2.530. Training.
[INFO] CarDriver. Step: 920000. Time Elapsed: 1117.728 s. Mean Reward: -4.339. Std of Reward: 1.956. Training.
[INFO] CarDriver. Step: 930000. Time Elapsed: 1131.629 s. Mean Reward: -4.500. Std of Reward: 1.878. Training.
[INFO] CarDriver. Step: 940000. Time Elapsed: 1142.460 s. Mean Reward: -4.543. Std of Reward: 2.328. Training.
[INFO] CarDriver. Step: 950000. Time Elapsed: 1156.137 s. Mean Reward: -5.336. Std of Reward: 2.923. Training.
[INFO] CarDriver. Step: 960000. Time Elapsed: 1165.871 s. Mean Reward: -3.395. Std of Reward: 1.887. Training.
[INFO] CarDriver. Step: 970000. Time Elapsed: 1179.007 s. Mean Reward: -4.548. Std of Reward: 2.110. Training.
[INFO] CarDriver. Step: 980000. Time Elapsed: 1189.330 s. Mean Reward: -4.350. Std of Reward: 1.422. Training.
[INFO] CarDriver. Step: 990000. Time Elapsed: 1202.847 s. Mean Reward: -4.220. Std of Reward: 1.809. Training.
[INFO] CarDriver. Step: 1000000. Time Elapsed: 1212.937 s. Mean Reward: -4.607. Std of Reward: 2.391. Training.
[INFO] Exported results\ppo_car_007_spread_a\CarDriver\CarDriver-999949.onnx
[INFO] CarDriver. Step: 1010000. Time Elapsed: 1226.944 s. Mean Reward: -4.728. Std of Reward: 2.555. Training.
[INFO] CarDriver. Step: 1020000. Time Elapsed: 1236.756 s. Mean Reward: -4.029. Std of Reward: 2.139. Training.
[INFO] CarDriver. Step: 1030000. Time Elapsed: 1250.454 s. Mean Reward: -3.974. Std of Reward: 2.051. Training.
[INFO] CarDriver. Step: 1040000. Time Elapsed: 1261.257 s. Mean Reward: -4.629. Std of Reward: 2.831. Training.
[INFO] CarDriver. Step: 1050000. Time Elapsed: 1274.767 s. Mean Reward: -3.987. Std of Reward: 2.248. Training.
[INFO] CarDriver. Step: 1060000. Time Elapsed: 1284.827 s. Mean Reward: -5.401. Std of Reward: 1.832. Training.
[INFO] CarDriver. Step: 1070000. Time Elapsed: 1298.583 s. Mean Reward: -3.918. Std of Reward: 2.208. Training.
[INFO] CarDriver. Step: 1080000. Time Elapsed: 1308.955 s. Mean Reward: -3.576. Std of Reward: 2.288. Training.
[INFO] CarDriver. Step: 1090000. Time Elapsed: 1322.487 s. Mean Reward: -4.401. Std of Reward: 1.344. Training.
[INFO] CarDriver. Step: 1100000. Time Elapsed: 1333.025 s. Mean Reward: -4.792. Std of Reward: 2.093. Training.
[INFO] Exported results\ppo_car_007_spread_a\CarDriver\CarDriver-1099908.onnx
[INFO] CarDriver. Step: 1110000. Time Elapsed: 1343.559 s. Mean Reward: -5.043. Std of Reward: 2.514. Training.
[INFO] CarDriver. Step: 1120000. Time Elapsed: 1357.232 s. Mean Reward: -3.883. Std of Reward: 2.064. Training.
[INFO] CarDriver. Step: 1130000. Time Elapsed: 1367.540 s. Mean Reward: -4.388. Std of Reward: 2.057. Training.
[INFO] CarDriver. Step: 1140000. Time Elapsed: 1380.928 s. Mean Reward: -4.309. Std of Reward: 1.990. Training.
[INFO] CarDriver. Step: 1150000. Time Elapsed: 1391.279 s. Mean Reward: -4.887. Std of Reward: 1.819. Training.
[INFO] CarDriver. Step: 1160000. Time Elapsed: 1405.430 s. Mean Reward: -3.944. Std of Reward: 2.470. Training.
[INFO] CarDriver. Step: 1170000. Time Elapsed: 1415.820 s. Mean Reward: -4.932. Std of Reward: 2.621. Training.
[INFO] CarDriver. Step: 1180000. Time Elapsed: 1429.586 s. Mean Reward: -4.573. Std of Reward: 2.042. Training.
[INFO] CarDriver. Step: 1190000. Time Elapsed: 1439.824 s. Mean Reward: -3.926. Std of Reward: 2.048. Training.
[INFO] CarDriver. Step: 1200000. Time Elapsed: 1453.787 s. Mean Reward: -3.928. Std of Reward: 1.823. Training.
[INFO] Exported results\ppo_car_007_spread_a\CarDriver\CarDriver-1199971.onnx
[INFO] CarDriver. Step: 1210000. Time Elapsed: 1464.572 s. Mean Reward: -4.721. Std of Reward: 2.464. Training.
[INFO] CarDriver. Step: 1220000. Time Elapsed: 1477.265 s. Mean Reward: -4.517. Std of Reward: 1.742. Training.
[INFO] CarDriver. Step: 1230000. Time Elapsed: 1488.634 s. Mean Reward: -4.512. Std of Reward: 2.796. Training.
[INFO] CarDriver. Step: 1240000. Time Elapsed: 1502.277 s. Mean Reward: -5.217. Std of Reward: 2.041. Training.
[INFO] CarDriver. Step: 1250000. Time Elapsed: 1512.885 s. Mean Reward: -4.647. Std of Reward: 1.895. Training.
[INFO] CarDriver. Step: 1260000. Time Elapsed: 1526.363 s. Mean Reward: -4.155. Std of Reward: 2.418. Training.
[INFO] CarDriver. Step: 1270000. Time Elapsed: 1535.332 s. Mean Reward: -4.164. Std of Reward: 1.720. Training.
[INFO] CarDriver. Step: 1280000. Time Elapsed: 1548.310 s. Mean Reward: -4.266. Std of Reward: 2.651. Training.
[INFO] CarDriver. Step: 1290000. Time Elapsed: 1558.846 s. Mean Reward: -4.704. Std of Reward: 1.519. Training.
[INFO] CarDriver. Step: 1300000. Time Elapsed: 1572.442 s. Mean Reward: -3.920. Std of Reward: 1.956. Training.
[INFO] Exported results\ppo_car_007_spread_a\CarDriver\CarDriver-1299875.onnx
[INFO] CarDriver. Step: 1310000. Time Elapsed: 1583.063 s. Mean Reward: -4.248. Std of Reward: 1.673. Training.
[INFO] CarDriver. Step: 1320000. Time Elapsed: 1596.826 s. Mean Reward: -4.432. Std of Reward: 2.656. Training.
[INFO] CarDriver. Step: 1330000. Time Elapsed: 1607.471 s. Mean Reward: -4.124. Std of Reward: 1.790. Training.
[INFO] CarDriver. Step: 1340000. Time Elapsed: 1621.178 s. Mean Reward: -4.359. Std of Reward: 1.995. Training.
[INFO] CarDriver. Step: 1350000. Time Elapsed: 1631.609 s. Mean Reward: -3.938. Std of Reward: 1.579. Training.
[INFO] CarDriver. Step: 1360000. Time Elapsed: 1645.747 s. Mean Reward: -3.737. Std of Reward: 2.192. Training.
[INFO] CarDriver. Step: 1370000. Time Elapsed: 1655.629 s. Mean Reward: -5.009. Std of Reward: 1.970. Training.
[INFO] CarDriver. Step: 1380000. Time Elapsed: 1670.564 s. Mean Reward: -5.079. Std of Reward: 2.327. Training.
[INFO] CarDriver. Step: 1390000. Time Elapsed: 1682.184 s. Mean Reward: -4.559. Std of Reward: 1.518. Training.
[INFO] CarDriver. Step: 1400000. Time Elapsed: 1697.829 s. Mean Reward: -4.268. Std of Reward: 2.003. Training.
[INFO] Exported results\ppo_car_007_spread_a\CarDriver\CarDriver-1399991.onnx
[INFO] CarDriver. Step: 1410000. Time Elapsed: 1709.241 s. Mean Reward: -3.889. Std of Reward: 2.263. Training.
[INFO] CarDriver. Step: 1420000. Time Elapsed: 1723.839 s. Mean Reward: -4.024. Std of Reward: 2.152. Training.
[INFO] CarDriver. Step: 1430000. Time Elapsed: 1735.032 s. Mean Reward: -5.193. Std of Reward: 2.414. Training.
[INFO] CarDriver. Step: 1440000. Time Elapsed: 1750.414 s. Mean Reward: -3.910. Std of Reward: 2.075. Training.
